04-12 20:30:56.410  4030  4030 D TelephonyNetworkFactory[1]: handleMessage msg={ when=-1ms what=1 obj=android.os.AsyncResult@af54151 target=com.android.internal.telephony.dataconnection.TelephonyNetworkFactory$InternalHandler }
04-12 20:30:56.547  4030  4030 D DDS-PhoneSwitcher: handleMessage msg={ when=0 what=104 obj=NetworkRequest [ TRACK_DEFAULT id=1524, [ Capabilities: INTERNET&NOT_RESTRICTED&TRUSTED Unwanted:  Uid: 10703] ] target=com.android.internal.telephony.PhoneSwitcher }
04-12 20:30:56.547  4030  4030 D DDS-PhoneSwitcher: evaluating due to netReleased
04-12 20:30:56.547  4030  4030 D DDS-PhoneSwitcher: checkDdsPrecondition : Request : NetworkRequest [ TRACK_DEFAULT id=8, [ Capabilities: INTERNET&NOT_RESTRICTED&TRUSTED Unwanted:  Uid: 1000] ]
04-12 20:30:56.548  4030  4030 D DDS-PhoneSwitcher: checkDdsPrecondition : spPhoneId = 1, mDefaultDataPhoneId = 1, mDataCrossPhoneId = -1, mDataCrossState = NONE
04-12 20:30:56.548  4030  4030 D DDS-PhoneSwitcher: activate 1
04-12 20:30:56.548  4030  4030 D TelephonyNetworkFactory[1]: handleMessage msg={ when=0 what=1 obj=android.os.AsyncResult@9f9adb6 target=com.android.internal.telephony.dataconnection.TelephonyNetworkFactory$InternalHandler }
04-12 20:31:00.066  4030  4030 D DCT-0/1 : Screens all off
04-12 20:31:00.072  4030  4030 D DCT-1/1 : Screens all off
04-12 20:31:00.331  4030  4030 D DCT-0/1 : Screens all off
04-12 20:31:00.342  4030  4030 D DCT-1/1 : Screens all off
04-12 20:31:15.039  3236  3383 E RILC    : currentSignalStrengthInd: Using vendor specific codes to proceed it
04-12 20:31:15.046  3543  3543 D TelephonyManager: getCellLocation - caller PID:3543, UID: 1000, TID: 3543
04-12 20:31:31.357  3237  3354 E RILC    : currentSignalStrengthInd: Using vendor specific codes to proceed it
04-12 20:31:40.540  4030  4030 D DCT-0/1 : Screens all off
04-12 20:31:40.546  4030  4030 D DCT-1/1 : Screens all off
04-12 20:31:40.843  4030  4030 D DCT-0/1 : Screens all off
04-12 20:31:40.851  4030  4030 D DCT-1/1 : Screens all off
04-12 20:32:00.032  4030  4030 D DCT-0/1 : Screens all off
04-12 20:32:00.038  4030  4030 D DCT-1/1 : Screens all off
04-12 20:32:00.259  4030  4030 D DCT-0/1 : Screens all off
04-12 20:32:00.266  4030  4030 D DCT-1/1 : Screens all off
04-12 20:32:07.253  3237  3354 E RILC    : currentSignalStrengthInd: Using vendor specific codes to proceed it
04-12 20:33:00.079  4030  4030 D DCT-0/1 : Screens all off
04-12 20:33:00.083  4030  4030 D DCT-1/1 : Screens all off
04-12 20:33:00.266  4030  4639 D SubscriptionController: getSimStateForSlotIndex:  simState=LOADED ordinal=10 slotIndex=1
04-12 20:33:00.267 11348 12034 D SubscriptionManager: getSimStateForSlotIdx: simState=10 slotIndex=1
04-12 20:33:00.326  4030  4639 D SubscriptionController: getSimStateForSlotIndex:  simState=LOADED ordinal=10 slotIndex=1
04-12 20:33:00.327 11348 12034 D SubscriptionManager: getSimStateForSlotIdx: simState=10 slotIndex=1
04-12 20:33:00.345  4030  4030 D DCT-0/1 : Screens all off
04-12 20:33:00.351  4030  4030 D DCT-1/1 : Screens all off
04-12 20:34:00.040  4030  4030 D DCT-0/1 : Screens all off
04-12 20:34:00.047  4030  4030 D DCT-1/1 : Screens all off
04-12 20:34:00.286  4030  4030 D DCT-0/1 : Screens all off
04-12 20:34:00.296  4030  4030 D DCT-1/1 : Screens all off
04-12 20:34:15.730  3237  3354 E RILC    : currentSignalStrengthInd: Using vendor specific codes to proceed it
04-12 20:34:29.413  3237  3354 E RILC    : currentSignalStrengthInd: Using vendor specific codes to proceed it
04-12 20:34:30.832  4030  4639 D DCT-1/1 : setPolicyDataEnabled: true
04-12 20:34:30.834  4030  4639 D DCT-0/1 : setPolicyDataEnabled: true
04-12 20:34:30.835  4030  4030 D DCT-0/1 : needSkipForNonDDS: ignore set PolicyDataEnabled phoneId = 1
04-12 20:34:30.835  4030  4030 D DCT-0/1 : onSetPolicyDataEnabled: ignore set PolicyDataEnabled because of non dds phone04-12 20:35:00.048  4030  4030 D DCT-0/1 : Screens all off
04-12 20:35:00.053  4030  4030 D DCT-1/1 : Screens all off
04-12 20:35:00.300  4030  4030 D DCT-0/1 : Screens all off
04-12 20:35:00.306  4030  4030 D DCT-1/1 : Screens all off
04-12 20:35:00.798  3237  3354 E RILC    : currentSignalStrengthInd: Using vendor specific codes to proceed it
04-12 20:35:05.439  3236  3383 E RILC    : currentSignalStrengthInd: Using vendor specific codes to proceed it
04-12 20:35:05.446  3543  3543 D TelephonyManager: getCellLocation - caller PID:3543, UID: 1000, TID: 3543
04-12 20:35:11.822  3237  3354 E RILC    : currentSignalStrengthInd: Using vendor specific codes to proceed it
04-12 20:35:15.756  3236  3383 E RILC    : currentSignalStrengthInd: Using vendor specific codes to proceed it
04-12 20:35:15.763  3543  3543 D TelephonyManager: getCellLocation - caller PID:3543, UID: 1000, TID: 3543
04-12 20:35:20.533  3237  3354 E RILC    : currentSignalStrengthInd: Using vendor specific codes to proceed it
04-12 20:35:22.773  3237  3354 E RILC    : currentSignalStrengthInd: Using vendor specific codes to proceed it
04-12 20:35:32.163  4030  4030 D RILJ    : [5255]> RIL_REQUEST_GET_ACTIVITY_INFO [SUB0]
04-12 20:35:32.170  4030  4216 D RILJ    : [5255]< RIL_REQUEST_GET_ACTIVITY_INFO ModemActivityInfo{ mTimestamp=82687558 mSleepTimeMs=44245 mIdleTimeMs=0 mTxTimeMs[]=[0, 0, 0, 0, 0] mRxTimeMs=584298 mEnergyUsed=0} [SUB0]
04-12 20:36:00.034  4030  4030 D DCT-0/1 : Screens all off
04-12 20:36:00.040  4030  4030 D DCT-1/1 : Screens all off
04-12 20:36:00.259  4030  4030 D DCT-0/1 : Screens all off
04-12 20:36:00.269  4030  4030 D DCT-1/1 : Screens all off
04-12 20:36:39.496  4030  4030 D DCT-0/1 : Intent.getAction() : com.android.internal.telephony.data-stall
04-12 20:36:39.496  4030  4030 D DCT-0/1 : Data stall alarm
04-12 20:36:39.496  4030  4030 D DCT-0/1 : onActionIntentDataStallAlarm: action=com.android.internal.telephony.data-stall
04-12 20:36:39.496  4030  4030 D DCT-0/1 : onActionIntentDataStallAlarm: phoneId(1) doesn't match!
04-12 20:36:39.498  4030  4030 D DCT-1/1 : Intent.getAction() : com.android.internal.telephony.data-stall
04-12 20:36:39.498  4030  4030 D DCT-1/1 : Data stall alarm
04-12 20:36:39.498  4030  4030 D DCT-1/1 : onActionIntentDataStallAlarm: action=com.android.internal.telephony.data-stall
04-12 20:36:39.506  4030  4030 D DCT-1/1 : updateDataStallInfo: mDataStallTxRxSum={txSum=531905 rxSum=1087607} preTxRxSum={txSum=520675 rxSum=1072583}
04-12 20:36:39.507  4030  4030 D DCT-1/1 : updateDataStallInfo: mDataStallTxRxSum={txSum=531905 rxSum=1087607} preTxRxSum={txSum=520675 rxSum=1072583} timeDiff= 699 Sec  txTP= 20.32227 kbps  rxTP= 157.27540 kbps
04-12 20:36:39.507  4030  4030 D DCT-1/1 : updateDataStallInfo: IN/OUT
04-12 20:36:39.509  4030  4030 D DCT-1/1 : putRecoveryAction: 0
04-12 20:36:39.510  4030  4030 D DCT-1/1 : onDataStallAlarm: tag=27860 Sent 0 pkts since last received, < watchdogTrigger=20
04-12 20:36:39.511  4030  4030 D DCT-1/1 : getRecoveryAction: 0
04-12 20:36:39.511  4030  4030 D DCT-1/1 : startDataStallAlarm: tag=27861 delay=360s
04-12 20:36:41.888  4030  4030 D DCT-0/1 : Screens all off
04-12 20:36:41.901  4030  4030 D DCT-1/1 : Screens all off
04-12 20:36:42.199  4030  4030 D DCT-0/1 : Screens all off
04-12 20:36:42.208  4030  4030 D DCT-1/1 : Screens all off
04-12 20:37:00.049  4030  4030 D DCT-0/1 : Screens all off
04-12 20:37:00.056  4030  4030 D DCT-1/1 : Screens all off
04-12 20:37:00.305  4030  4030 D DCT-0/1 : Screens all off
04-12 20:37:00.317  4030  4030 D DCT-1/1 : Screens all off
04-12 20:37:04.094  4030  4639 D RILJ    : [5256]> OEM_HOOK_RAW[118200090000000001] [SUB0]
04-12 20:37:04.099  4030  4639 D RILJ    : [5257]> OEM_HOOK_RAW[118200090000000001] [SUB1]
04-12 20:37:04.102  4030  4216 D RILJ    : [5256]< OEM_HOOK_RAW [B@3009ab7 [SUB0]
04-12 20:37:04.105  4030  4216 D RILJ    : [5257]< OEM_HOOK_RAW [B@6efd224 [SUB1]
04-12 20:37:04.213  3237  3354 E RILC    : currentSignalStrengthInd: Using vendor specific codes to proceed it
04-12 20:37:04.271  4030  4639 D RILJ    : [5258]> OEM_HOOK_RAW[118200090100000001] [SUB0]
04-12 20:37:04.274  4030  4639 D RILJ    : [5259]> OEM_HOOK_RAW[118200090100000001] [SUB1]
04-12 20:37:04.275  4030  4216 D RILJ    : [5258]< OEM_HOOK_RAW [B@1fba18d [SUB0]
04-12 20:37:04.279  4030  4216 D RILJ    : [5259]< OEM_HOOK_RAW [B@36aef42 [SUB1]
04-12 20:37:04.537  4030  4030 D DCT-0/1 : Screens all off
04-12 20:37:04.539  4030  4030 D DCT-1/1 : Screens all off
04-12 20:37:04.563  4030  4030 D DCT-0/1 : Screen BUILT_IN on
04-12 20:37:04.563  4030  4030 D DCT-0/1 : stopNetStatPoll
04-12 20:37:04.569  4030  4030 D DCT-0/1 : get all active apn types
04-12 20:37:04.570  4030  4030 D DCT-1/1 : Screen BUILT_IN on
04-12 20:37:04.570  4030  4030 D DCT-1/1 : stopNetStatPoll
04-12 20:37:04.571  4030  4030 D DCT-1/1 : startNetStatPoll
04-12 20:37:04.583  4030  4030 D DCT-1/1 : getRecoveryAction: 0
04-12 20:37:04.583  4030  4030 D DCT-1/1 : restartDataStallAlarm: stop then start.
04-12 20:37:04.583  4030  4030 D DCT-1/1 : stopDataStallAlarm: current tag=27861 mDataStallAlarmIntent=PendingIntent{87a2b53: android.os.BinderProxy@7d6ebbd}
04-12 20:37:04.598  4030  4030 D DCT-1/1 : getRecoveryAction: 0
04-12 20:37:04.598  4030  4030 D DCT-1/1 : startDataStallAlarm: tag=27863 delay=60s
04-12 20:37:04.608  4030  4030 D DCT-1/1 : get all active apn types
04-12 20:37:04.609  4030  4030 D GsmCdmaPhone: [1] getDataConnectionState apnType=default ret=CONNECTED
04-12 20:37:04.609  4030  4030 D DefaultPhoneNotifier: subId = 7, DDS = 7
04-12 20:37:04.609  4030  4030 D DCT-1/1 : return link properites for default
04-12 20:37:04.609  4030  4417 D DC-1    : DcActiveState not handled msg.what=REQ_GET_LINK_PROPERTIES
04-12 20:37:04.609  4030  4417 D DC-1    : DcDefault msg=REQ_GET_LINK_PROPERTIES RefCount=1
04-12 20:37:04.610  4030  4417 D DC-1    : REQ_GET_LINK_PROPERTIES linkProperties{InterfaceName: rmnet4 LinkAddresses: [21.14.202.157/24,]  Routes: [0.0.0.0/0 -> 21.14.202.1 rmnet4,] DnsAddresses: [10.10.85.118,10.10.85.119,] UsePrivateDns: false PrivateDnsServerName: null Domains: null MTU: 1500 TcpBufferSizes: 1048576,3145728,4194304,524288,1572864,2097152}
04-12 20:37:04.610  4030  4030 D DCT-1/1 : get active pdp is not null, return NetworkCapabilities for default
04-12 20:37:04.610  4030  4417 D DC-1    : DcActiveState not handled msg.what=REQ_GET_NETWORK_CAPABILITIES
04-12 20:37:04.610  4030  4417 D DC-1    : DcDefault msg=REQ_GET_NETWORK_CAPABILITIES RefCount=1
04-12 20:37:04.610  4030  4417 D DC-1    : isOnlyMMSConnected() = false
04-12 20:37:04.612  4030  4417 D DC-1    : getNetworkCapabilities: [ Transports: CELLULAR Capabilities: MMS&SUPL&INTERNET&NOT_RESTRICTED&TRUSTED&NOT_VPN Unwanted: ]
04-12 20:37:04.612  4030  4417 D DC-1    : REQ_GET_NETWORK_CAPABILITIES networkCapabilities[ Transports: CELLULAR Capabilities: MMS&SUPL&INTERNET&NOT_RESTRICTED&TRUSTED&NOT_VPN&NOT_ROAMING&NOT_CONGESTED Unwanted:  LinkUpBandwidth>=51200Kbps LinkDnBandwidth>=102400Kbps Specifier: <7>]
04-12 20:37:04.613  4030  4030 D DCT-1/1 : isEmergency: result=false
04-12 20:37:04.624  4030  4030 D RILJ    : [5260]> RIL_REQUEST_SET_UNSOLICITED_RESPONSE_FILTER 31 [SUB0]
04-12 20:37:04.630  4030  4030 D RILJ    : [5261]> RIL_REQUEST_SET_UNSOLICITED_RESPONSE_FILTER 31 [SUB1]
04-12 20:37:04.638  4030  4216 D RILJ    : Unsol response received; Sending ack to ril.cpp [SUB0]
04-12 20:37:04.638  4030  4216 D RILJ    : [UNSL]< UNSOL_RESPONSE_NETWORK_STATE_CHANGED [SUB0]
04-12 20:37:04.638  4030  4216 D RILJ    : [5260]< RIL_REQUEST_SET_UNSOLICITED_RESPONSE_FILTER  [SUB0]
04-12 20:37:04.640  4030  4463 D NetworkRegistrationManager: onNetworkStateChanged
04-12 20:37:04.640  4030  4030 D SST     : [0] pollState: modemTriggered=true, RadioState: RADIO_ON
04-12 20:37:04.641  4030  4030 D RILJ    : [5263]> OPERATOR [SUB0]
04-12 20:37:04.641  4030  4030 D NetworkRegistrationManager: getNetworkRegistrationState domain 2
04-12 20:37:04.641  4030  4030 D NetworkRegistrationManager: getNetworkRegistrationState domain 1
04-12 20:37:04.642  4030  4030 D RILJ    : [5265]> QUERY_NETWORK_SELECTION_MODE [SUB0]
04-12 20:37:04.642  4030  4216 D RILJ    : Unsol response received; Sending ack to ril.cpp [SUB1]
04-12 20:37:04.642  4030  4216 D RILJ    : [UNSL]< UNSOL_RESPONSE_NETWORK_STATE_CHANGED [SUB1]
04-12 20:37:04.642  4030  4620 D SubscriptionController: [getActiveSubscriptionInfo]+ subId=7 subInfo= XXX
04-12 20:37:04.642  4030  4216 D RILJ    : [5261]< RIL_REQUEST_SET_UNSOLICITED_RESPONSE_FILTER  [SUB1]
04-12 20:37:04.644  4030  4463 D RILJ    : [5266]> DATA_REGISTRATION_STATE [SUB0]
04-12 20:37:04.645  4030  4463 D RILJ    : [5267]> VOICE_REGISTRATION_STATE [SUB0]
04-12 20:37:04.645  4030  4463 D NetworkRegistrationManager: onNetworkStateChanged
04-12 20:37:04.646  4030  4030 D SST     : [1] pollState: modemTriggered=true, RadioState: RADIO_ON
04-12 20:37:04.647  4030  4030 D RILJ    : [5268]> OPERATOR [SUB1]
04-12 20:37:04.647  4030  4030 D NetworkRegistrationManager: getNetworkRegistrationState domain 2
04-12 20:37:04.647  4030  4030 D NetworkRegistrationManager: getNetworkRegistrationState domain 1
04-12 20:37:04.648  4030  4463 D RILJ    : [5269]> DATA_REGISTRATION_STATE [SUB1]
04-12 20:37:04.649  4030  4030 D RILJ    : [5270]> QUERY_NETWORK_SELECTION_MODE [SUB1]
04-12 20:37:04.649  4030  4463 D RILJ    : [5271]> VOICE_REGISTRATION_STATE [SUB1]
04-12 20:37:04.658  4030  4216 D use-Rlog/RLOG-IMS-IIL: ImsSecChannelCallback: receive
04-12 20:37:04.659  4030  4216 D use-Rlog/RLOG-IMS-IIL: IpcDispatcher: [Rx]: (M)IPC_IIL_CMD (S)IPC_IIL_SSAC_INFO (T)EVENT l:13
04-12 20:37:04.660  4030  4540 D use-Rlog/RLOG-IMS-IIL: ImsIilManager: handleMessage: event 100
04-12 20:37:04.660  4030  4540 D use-Rlog/RLOG-IMS-IIL: ImsIilManager: handleSSACInfo()
04-12 20:37:04.660  4030  4216 D use-Rlog/RLOG-IMS-IIL: ImsSecChannelCallback: receive
04-12 20:37:04.660  4030  4216 D use-Rlog/RLOG-IMS-IIL: IpcDispatcher2: [Rx]: (M)IPC_IIL_CMD (S)IPC_IIL_SSAC_INFO (T)EVENT l:13
04-12 20:37:04.661  4030  4216 D RILJ    : [5268]< OPERATOR  [SUB1]
04-12 20:37:04.661  4030  4554 D use-Rlog/RLOG-IMS-IIL: ImsIilManager2: handleMessage: event 100
04-12 20:37:04.661  4030  4554 D use-Rlog/RLOG-IMS-IIL: ImsIilManager2: handleSSACInfo()
04-12 20:37:04.661  4030  4216 D RILJ    : [5263]< OPERATOR  [SUB0]
04-12 20:37:04.662  4030  4216 D RILJ    : [5265]< QUERY_NETWORK_SELECTION_MODE {0} [SUB0]
04-12 20:37:04.663  4030  4540 D use-Rlog/RLOG-IMS-IIL: ImsCallManager: handleMessage: event 100
04-12 20:37:04.663  4030  4540 D use-Rlog/RLOG-IMS-IIL: ImsSmsManager: handleMessage: event 100
04-12 20:37:04.663  4030  4540 D use-Rlog/RLOG-IMS-IIL: ImsSsManager: handleMessage: event 100
04-12 20:37:04.666  4030  4554 D use-Rlog/RLOG-IMS-IIL: ImsCallManager2: handleMessage: event 100
04-12 20:37:04.666  4030  4554 D use-Rlog/RLOG-IMS-IIL: ImsSmsManager2: handleMessage: event 100
04-12 20:37:04.666  4030  4554 D use-Rlog/RLOG-IMS-IIL: ImsSsManager2: handleMessage: event 100
04-12 20:37:04.667  4030  4030 D SST     : [0] EVENT_POLL_STATE_NETWORK_SELECTION_MODE
04-12 20:37:04.669  4030  4216 D RILJ    : [5269]< DATA_REGISTRATION_STATE {.base = {.regState = REG_HOME, .rat = 19, .reasonDataDenied = 0, .maxDataCalls = 4, .cellIdentity = {.cellInfoType = LTE, .cellIdentityGsm = [], .cellIdentityWcdma = [], .cellIdentityCdma = [], .cellIdentityLte = [{.base = {.mcc = 432, .mnc = 11, .ci = 23226120, .pci = 158, .tac = 45215, .earfcn = -1}, .operatorNames = {.alphaLong = IR-MCI, .alphaShort = IR-MCI}, .bandwidth = 0}], .cellIdentityTdscdma = []}}, .lac = 0, .cid = 23226120, .tac = 45215, .snapshotStatus = 0, .mobileState = 1, .mobileRat = 14, .mobileOptionalRat = 0} [SUB1]
04-12 20:37:04.669  4030  4216 D RILJ    : [5266]< DATA_REGISTRATION_STATE {.base = {.regState = REG_HOME, .rat = 14, .reasonDataDenied = 0, .maxDataCalls = 4, .cellIdentity = {.cellInfoType = LTE, .cellIdentityGsm = [], .cellIdentityWcdma = [], .cellIdentityCdma = [], .cellIdentityLte = [{.base = {.mcc = 432, .mnc = 35, .ci = 44424726, .pci = 132, .tac = 22464, .earfcn = -1}, .operatorNames = {.alphaLong = Irancell, .alphaShort = Irancell}, .bandwidth = 0}], .cellIdentityTdscdma = []}}, .lac = 0, .cid = 44424726, .tac = 22464, .snapshotStatus = 0, .mobileState = 1, .mobileRat = 14, .mobileOptionalRat = 0} [SUB0]
04-12 20:37:04.669  4030  4571 D NetworkRegistrationManager: onGetNetworkRegistrationStateComplete result 0 state NetworkRegistrationState{transportType=1 domain=PS regState=HOME accessNetworkTechnology=LTE_CA reasonForDenial=0 emergencyEnabled=false supportedServices=[I@a007545 cellIdentity=CellIdentityLte:{ mCi=23226120 mPci=158 mTac=45215 mEarfcn=-1 mBandwidth=0 mMcc=432 mMnc=11 mAlphaLong=IR-MCI mAlphaShort=IR-MCI} voiceSpecificStates=null dataSpecificStates=DataSpecificRegistrationStates { mMaxDataCalls=4 mLac=0 mCid=23226120 mTac=45215 mSnapshotStatus=0 mMobileState=1 mMobileRat=14 mMobileOptionalRat=0 isDcNrRestricted = true isNrAvailable = false isEnDcAvailable = false} nrStatus=NONE}
04-12 20:37:04.670  4030  4030 E SST     : [1] Invalid LTE Bandwidth in RegistrationState, 0
04-12 20:37:04.670  4030  4570 D NetworkRegistrationManager: onGetNetworkRegistrationStateComplete result 0 state NetworkRegistrationState{transportType=1 domain=PS regState=HOME accessNetworkTechnology=LTE reasonForDenial=0 emergencyEnabled=false supportedServices=[I@e4b249a cellIdentity=CellIdentityLte:{ mCi=44424726 mPci=132 mTac=22464 mEarfcn=-1 mBandwidth=0 mMcc=432 mMnc=35 mAlphaLong=Irancell mAlphaShort=Irancell} voiceSpecificStates=null dataSpecificStates=DataSpecificRegistrationStates { mMaxDataCalls=4 mLac=0 mCid=44424726 mTac=22464 mSnapshotStatus=0 mMobileState=1 mMobileRat=14 mMobileOptionalRat=0 isDcNrRestricted = true isNrAvailable = false isEnDcAvailable = false} nrStatus=NONE}
04-12 20:37:04.670  4030  4030 D SST     : [1] handlPollStateResultMessage: GsmSST dataServiceState=0 regState=1 dataRadioTechnology=19
04-12 20:37:04.670  4030  4030 E SST     : [0] Invalid LTE Bandwidth in RegistrationState, 0
04-12 20:37:04.671  4030  4030 D SST     : [0] handlPollStateResultMessage: GsmSST dataServiceState=0 regState=1 dataRadioTechnology=14
04-12 20:37:04.679  4030  4216 D RILJ    : [5270]< QUERY_NETWORK_SELECTION_MODE {0} [SUB1]
04-12 20:37:04.679  4030  4030 D SST     : [1] EVENT_POLL_STATE_NETWORK_SELECTION_MODE
04-12 20:37:04.680  4030  4216 D RILJ    : [5267]< VOICE_REGISTRATION_STATE {.base = {.regState = REG_HOME, .rat = 14, .cssSupported = false, .roamingIndicator = 0, .systemIsInPrl = 0, .defaultRoamingIndicator = 0, .reasonForDenial = 0, .cellIdentity = {.cellInfoType = LTE, .cellIdentityGsm = [], .cellIdentityWcdma = [], .cellIdentityCdma = [], .cellIdentityLte = [{.base = {.mcc = 432, .mnc = 35, .ci = 44424726, .pci = 132, .tac = 22464, .earfcn = -1}, .operatorNames = {.alphaLong = Irancell, .alphaShort = Irancell}, .bandwidth = 0}], .cellIdentityTdscdma = []}}, .lac = 22464, .cid = 44424726, .psVoiceSupport = 1, .imsEmergencyCallSupport = 2, .imsEmergencyCallBarring = 0, .mobileState = 1, .mobileRat = 14, .isPsOnlyReg = false} [SUB0]
04-12 20:37:04.681  4030  4570 D NetworkRegistrationManager: onGetNetworkRegistrationStateComplete result 0 state NetworkRegistrationState{transportType=1 domain=CS regState=HOME accessNetworkTechnology=LTE reasonForDenial=0 emergencyEnabled=false supportedServices=[I@441b1cb cellIdentity=CellIdentityLte:{ mCi=44424726 mPci=132 mTac=22464 mEarfcn=-1 mBandwidth=0 mMcc=432 mMnc=35 mAlphaLong=Irancell mAlphaShort=Irancell} voiceSpecificStates=VoiceSpecificRegistrationStates { mCssSupported=false mRoamingIndicator=0 mSystemIsInPrl=0 mDefaultRoamingIndicator=0 mLac=22464 mCid=44424726 mPsVoiceSupport1 mImsEmergencyCallSupport2 mImsEmergencyCallBarring0 mMobileState1 mMobileRat14 mIsPsOnlyRegfalse} dataSpecificStates=null nrStatus=NONE}
04-12 20:37:04.681  4030  4030 E SST     : [0] Invalid LTE Bandwidth in RegistrationState, 0
04-12 20:37:04.681  4030  4030 D SST     : [0] KnoxGuard: mPhone.mPhoneId: 0, reasonForDenial: 0
04-12 20:37:04.681  4030  4030 D SST     : [0] KnoxGuard: setNetRegistRejectCause() ret : 0
04-12 20:37:04.681  4030  4030 D SST     : [0] Use Data TAC for CellLocation LAC (Voice: LTE)
04-12 20:37:04.681  4030  4030 D SST     : [0] Use Voice CID for CellLocation CID
04-12 20:37:04.682  4030  4030 D SST     : [0] handlPollVoiceRegResultMessage: regState=1 radioTechnology=14
04-12 20:37:04.683  4030  4030 D SST     : [0] setRoamingType: currentRoamingType = 0
04-12 20:37:04.683  4030  4030 D SST     : [0] Update LteImsVoiceAvail: 1
04-12 20:37:04.683  4030  4216 D RILJ    : [5271]< VOICE_REGISTRATION_STATE {.base = {.regState = REG_HOME, .rat = 19, .cssSupported = false, .roamingIndicator = 0, .systemIsInPrl = 0, .defaultRoamingIndicator = 0, .reasonForDenial = 0, .cellIdentity = {.cellInfoType = LTE, .cellIdentityGsm = [], .cellIdentityWcdma = [], .cellIdentityCdma = [], .cellIdentityLte = [{.base = {.mcc = 432, .mnc = 11, .ci = 23226120, .pci = 158, .tac = 45215, .earfcn = -1}, .operatorNames = {.alphaLong = IR-MCI, .alphaShort = IR-MCI}, .bandwidth = 0}], .cellIdentityTdscdma = []}}, .lac = 45215, .cid = 23226120, .psVoiceSupport = 2, .imsEmergencyCallSupport = 2, .imsEmergencyCallBarring = 0, .mobileState = 1, .mobileRat = 14, .isPsOnlyReg = false} [SUB1]
04-12 20:37:04.683  4030  4030 D SST     : [0] Poll ServiceState done: oldSS=[{mVoiceRegState=0(IN_SERVICE), mDataRegState=0(IN_SERVICE), mChannelNumber=-1, duplexMode()=0, mCellBandwidths=[], mVoiceRoamingType=home, mDataRoamingType=home, isManualNetworkSelection=false(automatic), mRilVoiceRadioTechnology=14(LTE), mRilDataRadioTechnology=14(LTE), mCssIndicator=unsupported, mCdmaRoamingIndicator=-1, mCdmaDefaultRoamingIndicator=-1, VoiceRegType=0, ImsVoiceAvail=1, IsEbSupport=2, IsEaBarred=0, Snap=0, MobileVoice=IN_SERVICE, MobileVoiceRat=LTE, MobileData=IN_SERVICE, MobileDataRoamingType=home, MobileDataRat=LTE PsOnly=false FemtocellInd=0 EndcStatus=0 RestrictDcnr=1 NrBearerStatus=0, mIsEmergencyOnly=false, mIsDataRoamingFromRegistration=false, mIsUsingCarrierAggregation=false, mLteEarfcnRsrpBoost=0, mNetworkRegistrationStates=[NetworkRegistrationState{transportType=1 domain=PS regState=HOME accessNetworkTechnology=LTE reasonForDenial=0 emergencyEnabled=false supportedServices=[I@96bfb48 cellIdentity=CellIdentityLte:{ mCi=44424726 mPci=132 mTac=22464 mEarfcn=-1 mBandwidth=0 mMcc=432 mMnc=35 mAlphaLong=Irancell mAlphaShort=Irancell} voiceSpecificStates=null dataSpecificStates=DataSpecificRegistrationStates { mMaxDataCalls=4 mLac=0 mCid=44424726 mTac=22464 mSnapshotStatus=0 mMobileState=1 mMobileRat=14 mMobileOptionalRat=0 isDcNrRestricted = true isNrAvailable = false isEnDcAvailable = false} nrStatus=NONE}, NetworkRegistrationState{transportType=1 domain=CS regState=HOME accessNetworkTechnology=LTE reasonForDenial=0 emergencyEnabled=false supportedServices=[I@b59b71d cellIdentity=CellIdentityLte:{ mCi=44424726 mPci=132 mTac=22464 mEarfcn=-1 mBandwidth=0 mMcc=432 mMnc=35 mAlphaLong=Irancell mAlphaShort=Irancell} voiceSpecificStates=VoiceSpecificRegistrationStates { mCssSupported=false mRoamingIndicator=0 mSystemIsInPrl=0 mDefaultRoamingIndicator=0 mLac=22464 mCid=44424726 mPsVoiceSupport1 mImsEmergencyCallSupport2 mImsEmergencyCallBarring0 mMobileState1 mMobileRat14 mIsPsOnlyRegfalse} dataSpecificStates=null nrStatus=NONE}], mNrFrequencyRange=-1}]
04-12 20:37:04.684  4030  4030 D SST     : [0] Poll ServiceState done: newSS=[{mVoiceRegState=0(IN_SERVICE), mDataRegState=0(IN_SERVICE), mChannelNumber=-1, duplexMode()=0, mCellBandwidths=[], mVoiceRoamingType=home, mDataRoamingType=home, isManualNetworkSelection=false(automatic), mRilVoiceRadioTechnology=14(LTE), mRilDataRadioTechnology=14(LTE), mCssIndicator=unsupported, mCdmaRoamingIndicator=-1, mCdmaDefaultRoamingIndicator=-1, VoiceRegType=0, ImsVoiceAvail=1, IsEbSupport=2, IsEaBarred=0, Snap=0, MobileVoice=IN_SERVICE, MobileVoiceRat=LTE, MobileData=IN_SERVICE, MobileDataRoamingType=home, MobileDataRat=LTE PsOnly=false FemtocellInd=0 EndcStatus=0 RestrictDcnr=1 NrBearerStatus=0, mIsEmergencyOnly=false, mIsDataRoamingFromRegistration=false, mIsUsingCarrierAggregation=false, mLteEarfcnRsrpBoost=0, mNetworkRegistrationStates=[NetworkRegistrationState{transportType=1 domain=PS regState=HOME accessNetworkTechnology=LTE reasonForDenial=0 emergencyEnabled=false supportedServices=[I@e4b249a cellIdentity=CellIdentityLte:{ mCi=44424726 mPci=132 mTac=22464 mEarfcn=-1 mBandwidth=0 mMcc=432 mMnc=35 mAlphaLong=Irancell mAlphaShort=Irancell} voiceSpecificStates=null dataSpecificStates=DataSpecificRegistrationStates { mMaxDataCalls=4 mLac=0 mCid=44424726 mTac=22464 mSnapshotStatus=0 mMobileState=1 mMobileRat=14 mMobileOptionalRat=0 isDcNrRestricted = true isNrAvailable = false isEnDcAvailable = false} nrStatus=NONE}, NetworkRegistrationState{transportType=1 domain=CS regState=HOME accessNetworkTechnology=LTE reasonForDenial=0 emergencyEnabled=false supportedServices=[I@441b1cb cellIdentity=CellIdentityLte:{ mCi=44424726 mPci=132 mTac=22464 mEarfcn=-1 mBandwidth=0 mMcc=432 mMnc=35 mAlphaLong=Irancell mAlphaShort=Irancell} voiceSpecificStates=VoiceSpecificRegistrationStates { mCssSupported=false mRoamingIndicator=0 mSystemIsInPrl=0 mDefaultRoamingIndicator=0 mLac=22464 mCid=44424726 mPsVoiceSupport1 mImsEmergencyCallSupport2 mImsEmergencyCallBarring0 mMobileState1 mMobileRat14 mIsPsOnlyRegfalse} dataSpecificStates=null nrStatus=NONE}], mNrFrequencyRange=-1}]
04-12 20:37:04.684  4030  4030 D SST     : [0] oldMaxDataCalls=4 mNewMaxDataCalls=4 oldReasonDataDenied=0 mNewReasonDataDenied=0
04-12 20:37:04.684  4030  4030 D SST     : [0] KnoxGuard. mRejectCode: 0, mNewRejectCode: 0
04-12 20:37:04.684  4030  4571 D NetworkRegistrationManager: onGetNetworkRegistrationStateComplete result 0 state NetworkRegistrationState{transportType=1 domain=CS regState=HOME accessNetworkTechnology=LTE_CA reasonForDenial=0 emergencyEnabled=false supportedServices=[I@226bda8 cellIdentity=CellIdentityLte:{ mCi=23226120 mPci=158 mTac=45215 mEarfcn=-1 mBandwidth=0 mMcc=432 mMnc=11 mAlphaLong=IR-MCI mAlphaShort=IR-MCI} voiceSpecificStates=VoiceSpecificRegistrationStates { mCssSupported=false mRoamingIndicator=0 mSystemIsInPrl=0 mDefaultRoamingIndicator=0 mLac=45215 mCid=23226120 mPsVoiceSupport2 mImsEmergencyCallSupport2 mImsEmergencyCallBarring0 mMobileState1 mMobileRat14 mIsPsOnlyRegfalse} dataSpecificStates=null nrStatus=NONE}
04-12 20:37:04.687  4030  4030 D SST     : [0] pollStateDone: hasRegistered=false hasDeregistered=false hasDataAttached=false hasDataDetached=false hasDataRegStateChanged=false hasRilVoiceRadioTechnologyChanged= false hasRilDataRadioTechnologyChanged=false hasChanged=false hasVoiceRoamingOn=false hasVoiceRoamingOff=false hasDataRoamingOn=false hasDataRoamingOff=false hasLocationChanged=false has4gHandoff = false hasMultiApnSupport=false hasLostMultiApnSupport=false hasCssIndicatorChanged=false
04-12 20:37:04.687  4030  4030 E SST     : [1] Invalid LTE Bandwidth in RegistrationState, 0
04-12 20:37:04.687  4030  4030 D SST     : [1] KnoxGuard: mPhone.mPhoneId: 1, reasonForDenial: 0
04-12 20:37:04.688  4030  4030 D SST     : [1] KnoxGuard: setNetRegistRejectCause() ret : 0
04-12 20:37:04.688  4030  4030 D SST     : [1] Use Data TAC for CellLocation LAC (Voice: LTE)
04-12 20:37:04.688  4030  4030 D SST     : [1] Use Voice CID for CellLocation CID
04-12 20:37:04.688  4030  4030 D SST     : [1] handlPollVoiceRegResultMessage: regState=1 radioTechnology=19
04-12 20:37:04.690  4030  4030 D SST     : [1] setRoamingType: currentRoamingType = 0
04-12 20:37:04.690  4030  4030 D SST     : [1] Update LteImsVoiceAvail: 2
04-12 20:37:04.690  4030  4030 D SST     : [1] Poll ServiceState done: oldSS=[{mVoiceRegState=0(IN_SERVICE), mDataRegState=0(IN_SERVICE), mChannelNumber=-1, duplexMode()=0, mCellBandwidths=[], mVoiceRoamingType=home, mDataRoamingType=home, isManualNetworkSelection=false(automatic), mRilVoiceRadioTechnology=14(LTE), mRilDataRadioTechnology=14(LTE), mCssIndicator=unsupported, mCdmaRoamingIndicator=-1, mCdmaDefaultRoamingIndicator=-1, VoiceRegType=0, ImsVoiceAvail=2, IsEbSupport=2, IsEaBarred=0, Snap=0, MobileVoice=IN_SERVICE, MobileVoiceRat=LTE, MobileData=IN_SERVICE, MobileDataRoamingType=home, MobileDataRat=LTE PsOnly=false FemtocellInd=0 EndcStatus=0 RestrictDcnr=1 NrBearerStatus=0, mIsEmergencyOnly=false, mIsDataRoamingFromRegistration=false, mIsUsingCarrierAggregation=true, mLteEarfcnRsrpBoost=0, mNetworkRegistrationStates=[NetworkRegistrationState{transportType=1 domain=PS regState=HOME accessNetworkTechnology=LTE_CA reasonForDenial=0 emergencyEnabled=false supportedServices=[I@86bfd92 cellIdentity=CellIdentityLte:{ mCi=23226120 mPci=158 mTac=45215 mEarfcn=-1 mBandwidth=0 mMcc=432 mMnc=11 mAlphaLong=IR-MCI mAlphaShort=IR-MCI} voiceSpecificStates=null dataSpecificStates=DataSpecificRegistrationStates { mMaxDataCalls=4 mLac=0 mCid=23226120 mTac=45215 mSnapshotStatus=0 mMobileState=1 mMobileRat=14 mMobileOptionalRat=0 isDcNrRestricted = true isNrAvailable = false isEnDcAvailable = false} nrStatus=NONE}, NetworkRegistrationState{transportType=1 domain=CS regState=HOME accessNetworkTechnology=LTE_CA reasonForDenial=0 emergencyEnabled=false supportedServices=[I@e29a363 cellIdentity=CellIdentityLte:{ mCi=23226120 mPci=158 mTac=45215 mEarfcn=-1 mBandwidth=0 mMcc=432 mMnc=11 mAlphaLong=IR-MCI mAlphaShort=IR-MCI} voiceSpecificStates=VoiceSpecificRegistrationStates { mCssSupported=false mRoamingIndicator=0 mSystemIsInPrl=0 mDefaultRoamingIndicator=0 mLac=45215 mCid=23226120 mPsVoiceSupport2 mImsEmergencyCallSupport2 mImsEmergencyCallBarring0 mMobileState1 mMobileRat14 mIsPsOnlyRegfalse} dataSpecificStates=null nrStatus=NONE}], mNrFrequencyRange=-1}]
04-12 20:37:04.690  4030  4030 D SST     : [1] Poll ServiceState done: newSS=[{mVoiceRegState=0(IN_SERVICE), mDataRegState=0(IN_SERVICE), mChannelNumber=-1, duplexMode()=0, mCellBandwidths=[], mVoiceRoamingType=home, mDataRoamingType=home, isManualNetworkSelection=false(automatic), mRilVoiceRadioTechnology=14(LTE), mRilDataRadioTechnology=14(LTE), mCssIndicator=unsupported, mCdmaRoamingIndicator=-1, mCdmaDefaultRoamingIndicator=-1, VoiceRegType=0, ImsVoiceAvail=2, IsEbSupport=2, IsEaBarred=0, Snap=0, MobileVoice=IN_SERVICE, MobileVoiceRat=LTE, MobileData=IN_SERVICE, MobileDataRoamingType=home, MobileDataRat=LTE PsOnly=false FemtocellInd=0 EndcStatus=0 RestrictDcnr=1 NrBearerStatus=0, mIsEmergencyOnly=false, mIsDataRoamingFromRegistration=false, mIsUsingCarrierAggregation=true, mLteEarfcnRsrpBoost=0, mNetworkRegistrationStates=[NetworkRegistrationState{transportType=1 domain=PS regState=HOME accessNetworkTechnology=LTE_CA reasonForDenial=0 emergencyEnabled=false supportedServices=[I@a007545 cellIdentity=CellIdentityLte:{ mCi=23226120 mPci=158 mTac=45215 mEarfcn=-1 mBandwidth=0 mMcc=432 mMnc=11 mAlphaLong=IR-MCI mAlphaShort=IR-MCI} voiceSpecificStates=null dataSpecificStates=DataSpecificRegistrationStates { mMaxDataCalls=4 mLac=0 mCid=23226120 mTac=45215 mSnapshotStatus=0 mMobileState=1 mMobileRat=14 mMobileOptionalRat=0 isDcNrRestricted = true isNrAvailable = false isEnDcAvailable = false} nrStatus=NONE}, NetworkRegistrationState{transportType=1 domain=CS regState=HOME accessNetworkTechnology=LTE_CA reasonForDenial=0 emergencyEnabled=false supportedServices=[I@226bda8 cellIdentity=CellIdentityLte:{ mCi=23226120 mPci=158 mTac=45215 mEarfcn=-1 mBandwidth=0 mMcc=432 mMnc=11 mAlphaLong=IR-MCI mAlphaShort=IR-MCI} voiceSpecificStates=VoiceSpecificRegistrationStates { mCssSupported=false mRoamingIndicator=0 mSystemIsInPrl=0 mDefaultRoamingIndicator=0 mLac=45215 mCid=23226120 mPsVoiceSupport2 mImsEmergencyCallSupport2 mImsEmergencyCallBarring0 mMobileState1 mMobileRat14 mIsPsOnlyRegfalse} dataSpecificStates=null nrStatus=NONE}], mNrFrequencyRange=-1}]
04-12 20:37:04.691  4030  4030 D SST     : [1] oldMaxDataCalls=4 mNewMaxDataCalls=4 oldReasonDataDenied=0 mNewReasonDataDenied=0
04-12 20:37:04.691  4030  4030 D SST     : [1] KnoxGuard. mRejectCode: 0, mNewRejectCode: 0
04-12 20:37:04.692  4030  4030 D SST     : [1] pollStateDone: hasRegistered=false hasDeregistered=false hasDataAttached=false hasDataDetached=false hasDataRegStateChanged=false hasRilVoiceRadioTechnologyChanged= false hasRilDataRadioTechnologyChanged=false hasChanged=false hasVoiceRoamingOn=false hasVoiceRoamingOff=false hasDataRoamingOn=false hasDataRoamingOff=false hasLocationChanged=false has4gHandoff = false hasMultiApnSupport=false hasLostMultiApnSupport=false hasCssIndicatorChanged=false
04-12 20:37:05.160  4030  4030 D RILJ    : [5272]> RIL_REQUEST_GET_ALLOWED_CARRIERS [SUB0]
04-12 20:37:05.167  4030  4216 D RILJ    : [5272]< RIL_REQUEST_GET_ALLOWED_CARRIERS error 6 [SUB0]
04-12 20:37:05.170  4030  4216 D RilRequest: [5272]< RIL_REQUEST_GET_ALLOWED_CARRIERS error: com.android.internal.telephony.CommandException: REQUEST_NOT_SUPPORTED ret=[]
04-12 20:37:05.174  4030  4030 D RILJ    : [5273]> RIL_REQUEST_GET_ALLOWED_CARRIERS [SUB0]
04-12 20:37:05.177  4030  4216 D RILJ    : [5273]< RIL_REQUEST_GET_ALLOWED_CARRIERS error 6 [SUB0]
04-12 20:37:05.177  4030  4216 D RilRequest: [5273]< RIL_REQUEST_GET_ALLOWED_CARRIERS error: com.android.internal.telephony.CommandException: REQUEST_NOT_SUPPORTED ret=[]
04-12 20:37:06.770  3237  3354 E RILC    : currentSignalStrengthInd: Using vendor specific codes to proceed it
04-12 20:37:07.659  3237  3532 E RILD2   : Reader: TIMEOUT
04-12 20:37:07.664  3236  3530 E RILD    : Reader: TIMEOUT
04-12 20:37:15.902  4030  4620 D RILJ    : [5274]> OEM_HOOK_RAW[118200090000000001] [SUB0]
04-12 20:37:15.906  4030  4620 D RILJ    : [5275]> OEM_HOOK_RAW[118200090000000001] [SUB1]
04-12 20:37:15.910  4030  4216 D RILJ    : [5274]< OEM_HOOK_RAW [B@3820c1 [SUB0]
04-12 20:37:15.913  4030  4216 D RILJ    : [5275]< OEM_HOOK_RAW [B@826f066 [SUB1]
04-12 20:37:16.732  4030  4620 D RILJ    : [5276]> OEM_HOOK_RAW[118200090100000001] [SUB0]
04-12 20:37:16.734  4030  4620 D RILJ    : [5277]> OEM_HOOK_RAW[118200090100000001] [SUB1]
04-12 20:37:16.735  4030  4216 D RILJ    : [5276]< OEM_HOOK_RAW [B@ab79fa7 [SUB0]
04-12 20:37:16.737  4030  4216 D RILJ    : [5277]< OEM_HOOK_RAW [B@4fe0c54 [SUB1]
04-12 20:37:20.396  4030  4030 D DDS-PhoneSwitcher: handleMessage msg={ when=0 what=104 obj=NetworkRequest [ TRACK_DEFAULT id=1521, [ Capabilities: INTERNET&NOT_RESTRICTED&TRUSTED Unwanted:  Uid: 10120] ] target=com.android.internal.telephony.PhoneSwitcher }
04-12 20:37:20.397  4030  4030 D DDS-PhoneSwitcher: evaluating due to netReleased
04-12 20:37:20.397  4030  4030 D DDS-PhoneSwitcher: checkDdsPrecondition : Request : NetworkRequest [ TRACK_DEFAULT id=8, [ Capabilities: INTERNET&NOT_RESTRICTED&TRUSTED Unwanted:  Uid: 1000] ]
04-12 20:37:20.398  4030  4030 D DDS-PhoneSwitcher: checkDdsPrecondition : spPhoneId = 1, mDefaultDataPhoneId = 1, mDataCrossPhoneId = -1, mDataCrossState = NONE
04-12 20:37:20.398  4030  4030 D DDS-PhoneSwitcher: activate 1
04-12 20:37:20.399  4030  4030 D TelephonyNetworkFactory[1]: handleMessage msg={ when=0 what=1 obj=android.os.AsyncResult@4e507fd target=com.android.internal.telephony.dataconnection.TelephonyNetworkFactory$InternalHandler }
04-12 20:37:28.531  3237  3354 E RILC    : currentSignalStrengthInd: Using vendor specific codes to proceed it
04-12 20:37:30.076  3236  3383 E RILC    : currentSignalStrengthInd: Using vendor specific codes to proceed it
04-12 20:37:30.081  3543  3543 D TelephonyManager: getCellLocation - caller PID:3543, UID: 1000, TID: 3543
04-12 20:37:30.738  4030  4030 D DCT-1/1 : availTpArray[0] = 2818 availTpArray[1] = 114 SmallestDownlinkLCE = 214748364704-12 20:37:31.742  4030  4030 D DCT-1/1 : availTpArray[0] = 2894 availTpArray[1] = 115 SmallestDownlinkLCE = 214748364704-12 20:37:32.633  3236  3383 E RILC    : currentSignalStrengthInd: Using vendor specific codes to proceed it
04-12 20:37:32.637  3543  3543 D TelephonyManager: getCellLocation - caller PID:3543, UID: 1000, TID: 3543
04-12 20:37:32.637  4030  4030 D SST     : [0] SignalStrength: 18 99 -18 -200 -18 -200 -1 99 -92 -13 -50 7 0 2147483647 18 44 -76 0x3000 P gsm|lte use_rsrp_and_rssnr_for_lte_level  [-128, -118, -108, -98] [-115, -105, -95, -85]
04-12 20:37:32.745  4030  4030 D DCT-1/1 : availTpArray[0] = 2926 availTpArray[1] = 120 SmallestDownlinkLCE = 214748364704-12 20:37:33.749  4030  4030 D DCT-1/1 : availTpArray[0] = 2767 availTpArray[1] = 118 SmallestDownlinkLCE = 214748364704-12 20:37:35.767  4030  4030 D DCT-1/1 : availTpArray[0] = 2641 availTpArray[1] = 108 SmallestDownlinkLCE = 214748364704-12 20:37:36.776  4030  4030 D DCT-1/1 : availTpArray[0] = 2601 availTpArray[1] = 109 SmallestDownlinkLCE = 214748364704-12 20:37:46.451  3237  3354 E RILC    : currentSignalStrengthInd: Using vendor specific codes to proceed it
04-12 20:38:04.136  4030  4030 D DCT-0/1 : Screens all off
04-12 20:38:04.136  4030  4030 D DCT-0/1 : stopNetStatPoll
04-12 20:38:04.144  4030  4030 D DCT-0/1 : get all active apn types
04-12 20:38:04.151  4030  4030 D DCT-1/1 : Screens all off
04-12 20:38:04.151  4030  4030 D DCT-1/1 : stopNetStatPoll
04-12 20:38:04.153  4030  4030 D DCT-1/1 : startNetStatPoll
04-12 20:38:04.167  4030  4030 D DCT-1/1 : getRecoveryAction: 0
04-12 20:38:04.167  4030  4030 D DCT-1/1 : restartDataStallAlarm: stop then start.
04-12 20:38:04.167  4030  4030 D DCT-1/1 : stopDataStallAlarm: current tag=27863 mDataStallAlarmIntent=PendingIntent{8a1acf2: android.os.BinderProxy@7d6ebbd}
04-12 20:38:04.173  4030  4030 D DCT-1/1 : getRecoveryAction: 0
04-12 20:38:04.173  4030  4030 D DCT-1/1 : startDataStallAlarm: tag=27865 delay=360s
04-12 20:38:04.179  4030  4030 D DCT-1/1 : get all active apn types
04-12 20:38:04.180  4030  4030 D GsmCdmaPhone: [1] getDataConnectionState apnType=default ret=CONNECTED
04-12 20:38:04.181  4030  4030 D DefaultPhoneNotifier: subId = 7, DDS = 7
04-12 20:38:04.181  4030  4030 D DCT-1/1 : return link properites for default
04-12 20:38:04.182  4030  4417 D DC-1    : DcActiveState not handled msg.what=REQ_GET_LINK_PROPERTIES
04-12 20:38:04.182  4030  4417 D DC-1    : DcDefault msg=REQ_GET_LINK_PROPERTIES RefCount=1
04-12 20:38:04.182  4030  4417 D DC-1    : REQ_GET_LINK_PROPERTIES linkProperties{InterfaceName: rmnet4 LinkAddresses: [21.14.202.157/24,]  Routes: [0.0.0.0/0 -> 21.14.202.1 rmnet4,] DnsAddresses: [10.10.85.118,10.10.85.119,] UsePrivateDns: false PrivateDnsServerName: null Domains: null MTU: 1500 TcpBufferSizes: 1048576,3145728,4194304,524288,1572864,2097152}
04-12 20:38:04.182  4030  4030 D DCT-1/1 : get active pdp is not null, return NetworkCapabilities for default
04-12 20:38:04.182  4030  4417 D DC-1    : DcActiveState not handled msg.what=REQ_GET_NETWORK_CAPABILITIES
04-12 20:38:04.182  4030  4417 D DC-1    : DcDefault msg=REQ_GET_NETWORK_CAPABILITIES RefCount=1
04-12 20:38:04.183  4030  4417 D DC-1    : isOnlyMMSConnected() = false
04-12 20:38:04.185  4030  4417 D DC-1    : getNetworkCapabilities: [ Transports: CELLULAR Capabilities: MMS&SUPL&INTERNET&NOT_RESTRICTED&TRUSTED&NOT_VPN Unwanted: ]
04-12 20:38:04.185  4030  4417 D DC-1    : REQ_GET_NETWORK_CAPABILITIES networkCapabilities[ Transports: CELLULAR Capabilities: MMS&SUPL&INTERNET&NOT_RESTRICTED&TRUSTED&NOT_VPN&NOT_ROAMING&NOT_CONGESTED Unwanted:  LinkUpBandwidth>=51200Kbps LinkDnBandwidth>=102400Kbps Specifier: <7>]
04-12 20:38:04.187  4030  4030 D DCT-1/1 : isEmergency: result=false
04-12 20:38:04.198  4030  4030 D RILJ    : [5278]> RIL_REQUEST_SET_UNSOLICITED_RESPONSE_FILTER 30 [SUB0]
04-12 20:38:04.201  4030  4030 D RILJ    : [5279]> RIL_REQUEST_SET_UNSOLICITED_RESPONSE_FILTER 30 [SUB1]
04-12 20:38:04.201  4030  4216 D RILJ    : [5278]< RIL_REQUEST_SET_UNSOLICITED_RESPONSE_FILTER  [SUB0]
04-12 20:38:04.203  4030  4216 D RILJ    : [5279]< RIL_REQUEST_SET_UNSOLICITED_RESPONSE_FILTER  [SUB1]
04-12 20:38:04.215  4030  5880 D SubscriptionController: [getActiveSubscriptionInfo]+ subId=7 subInfo= XXX
04-12 20:38:04.738  4030  4030 D DCT-0/1 : Screens all off
04-12 20:38:04.743  4030  4030 D DCT-1/1 : Screens all off
04-12 20:38:05.149  4030  4030 D DCT-0/1 : Screens all off
04-12 20:38:05.151  4030  4030 D DCT-1/1 : Screens all off
04-12 20:38:05.228  4030  4030 D DCT-0/1 : Screens all off
04-12 20:38:05.231  4030  4030 D DCT-1/1 : Screens all off
04-12 20:38:05.524  4030  4030 D DCT-0/1 : Screens all off
04-12 20:38:05.539  4030  4030 D DCT-1/1 : Screens all off
04-12 20:38:05.648  4030  4030 D DCT-0/1 : Screens all off
04-12 20:38:05.652  4030  4030 D DCT-1/1 : Screens all off
04-12 20:38:05.822  4030  4030 D DCT-0/1 : Screens all off
04-12 20:38:05.826  4030  4030 D DCT-1/1 : Screens all off
04-12 20:38:07.184  4030  5880 D DCT-1/1 : setPolicyDataEnabled: true
04-12 20:38:07.186  4030  5880 D DCT-0/1 : setPolicyDataEnabled: true
04-12 20:38:07.187  4030  4030 D DCT-0/1 : needSkipForNonDDS: ignore set PolicyDataEnabled phoneId = 1
04-12 20:38:07.187  4030  4030 D DCT-0/1 : onSetPolicyDataEnabled: ignore set PolicyDataEnabled because of non dds phone04-12 20:38:12.061  4030  5880 D RILJ    : [5280]> OEM_HOOK_RAW[118200090000000001] [SUB0]
04-12 20:38:12.064  4030  5880 D RILJ    : [5281]> OEM_HOOK_RAW[118200090000000001] [SUB1]
04-12 20:38:12.068  4030  4216 D RILJ    : [5280]< OEM_HOOK_RAW [B@55999c0 [SUB0]
04-12 20:38:12.071  4030  4216 D RILJ    : [5281]< OEM_HOOK_RAW [B@e7f26f9 [SUB1]
04-12 20:38:12.350  4030  5880 D RILJ    : [5282]> OEM_HOOK_RAW[118200090100000001] [SUB0]
04-12 20:38:12.354  4030  5880 D RILJ    : [5283]> OEM_HOOK_RAW[118200090100000001] [SUB1]
04-12 20:38:12.358  4030  4216 D RILJ    : [5282]< OEM_HOOK_RAW [B@799a63e [SUB0]
04-12 20:38:12.361  4030  4216 D RILJ    : [5283]< OEM_HOOK_RAW [B@f06dc9f [SUB1]
04-12 20:38:12.559  4030  4030 D DCT-0/1 : Screens all off
04-12 20:38:12.563  4030  4030 D DCT-1/1 : Screens all off
04-12 20:38:12.583  4030  4030 D DCT-0/1 : Screen BUILT_IN on
04-12 20:38:12.584  4030  4030 D DCT-0/1 : stopNetStatPoll
04-12 20:38:12.586  4030  4030 D DCT-0/1 : get all active apn types
04-12 20:38:12.589  4030  4030 D DCT-1/1 : Screen BUILT_IN on
04-12 20:38:12.589  4030  4030 D DCT-1/1 : stopNetStatPoll
04-12 20:38:12.591  4030  4030 D DCT-1/1 : startNetStatPoll
04-12 20:38:12.600  4030  4030 D DCT-1/1 : getRecoveryAction: 0
04-12 20:38:12.600  4030  4030 D DCT-1/1 : restartDataStallAlarm: stop then start.
04-12 20:38:12.600  4030  4030 D DCT-1/1 : stopDataStallAlarm: current tag=27865 mDataStallAlarmIntent=PendingIntent{f1e91ec: android.os.BinderProxy@7d6ebbd}
04-12 20:38:12.605  4030  4030 D DCT-1/1 : getRecoveryAction: 0
04-12 20:38:12.605  4030  4030 D DCT-1/1 : startDataStallAlarm: tag=27867 delay=60s
04-12 20:38:12.615  4030  4030 D DCT-1/1 : get all active apn types
04-12 20:38:12.616  4030  4030 D GsmCdmaPhone: [1] getDataConnectionState apnType=default ret=CONNECTED
04-12 20:38:12.617  4030  4030 D DefaultPhoneNotifier: subId = 7, DDS = 7
04-12 20:38:12.617  4030  4030 D DCT-1/1 : return link properites for default
04-12 20:38:12.617  4030  4417 D DC-1    : DcActiveState not handled msg.what=REQ_GET_LINK_PROPERTIES
04-12 20:38:12.617  4030  4417 D DC-1    : DcDefault msg=REQ_GET_LINK_PROPERTIES RefCount=1
04-12 20:38:12.617  4030  4417 D DC-1    : REQ_GET_LINK_PROPERTIES linkProperties{InterfaceName: rmnet4 LinkAddresses: [21.14.202.157/24,]  Routes: [0.0.0.0/0 -> 21.14.202.1 rmnet4,] DnsAddresses: [10.10.85.118,10.10.85.119,] UsePrivateDns: false PrivateDnsServerName: null Domains: null MTU: 1500 TcpBufferSizes: 1048576,3145728,4194304,524288,1572864,2097152}
04-12 20:38:12.618  4030  4030 D DCT-1/1 : get active pdp is not null, return NetworkCapabilities for default
04-12 20:38:12.618  4030  4417 D DC-1    : DcActiveState not handled msg.what=REQ_GET_NETWORK_CAPABILITIES
04-12 20:38:12.618  4030  4417 D DC-1    : DcDefault msg=REQ_GET_NETWORK_CAPABILITIES RefCount=1
04-12 20:38:12.618  4030  4417 D DC-1    : isOnlyMMSConnected() = false
04-12 20:38:12.620  4030  4417 D DC-1    : getNetworkCapabilities: [ Transports: CELLULAR Capabilities: MMS&SUPL&INTERNET&NOT_RESTRICTED&TRUSTED&NOT_VPN Unwanted: ]
04-12 20:38:12.620  4030  4417 D DC-1    : REQ_GET_NETWORK_CAPABILITIES networkCapabilities[ Transports: CELLULAR Capabilities: MMS&SUPL&INTERNET&NOT_RESTRICTED&TRUSTED&NOT_VPN&NOT_ROAMING&NOT_CONGESTED Unwanted:  LinkUpBandwidth>=51200Kbps LinkDnBandwidth>=102400Kbps Specifier: <7>]
04-12 20:38:12.624  4030  4030 D DCT-1/1 : isEmergency: result=false
04-12 20:38:12.636  4030  4030 D RILJ    : [5284]> RIL_REQUEST_SET_UNSOLICITED_RESPONSE_FILTER 31 [SUB0]
04-12 20:38:12.638  4030  4030 D RILJ    : [5285]> RIL_REQUEST_SET_UNSOLICITED_RESPONSE_FILTER 31 [SUB1]
04-12 20:38:12.643  4030  4216 D RILJ    : Unsol response received; Sending ack to ril.cpp [SUB0]
04-12 20:38:12.643  4030  4216 D RILJ    : [UNSL]< UNSOL_RESPONSE_NETWORK_STATE_CHANGED [SUB0]
04-12 20:38:12.644  4030  4463 D NetworkRegistrationManager: onNetworkStateChanged
04-12 20:38:12.644  4030  4216 D RILJ    : [5284]< RIL_REQUEST_SET_UNSOLICITED_RESPONSE_FILTER  [SUB0]
04-12 20:38:12.648  4030  4216 D RILJ    : Unsol response received; Sending ack to ril.cpp [SUB1]
04-12 20:38:12.648  4030  4216 D RILJ    : [UNSL]< UNSOL_RESPONSE_NETWORK_STATE_CHANGED [SUB1]
04-12 20:38:12.649  4030  4216 D RILJ    : [5285]< RIL_REQUEST_SET_UNSOLICITED_RESPONSE_FILTER  [SUB1]
04-12 20:38:12.649  4030  4463 D NetworkRegistrationManager: onNetworkStateChanged
04-12 20:38:12.653  4030  4030 D SST     : [0] pollState: modemTriggered=true, RadioState: RADIO_ON
04-12 20:38:12.654  4030  4030 D RILJ    : [5288]> OPERATOR [SUB0]
04-12 20:38:12.656  4030  4639 D SubscriptionController: [getActiveSubscriptionInfo]+ subId=7 subInfo= XXX
04-12 20:38:12.658  4030  4030 D NetworkRegistrationManager: getNetworkRegistrationState domain 2
04-12 20:38:12.658  4030  4030 D NetworkRegistrationManager: getNetworkRegistrationState domain 1
04-12 20:38:12.659  4030  4030 D RILJ    : [5289]> QUERY_NETWORK_SELECTION_MODE [SUB0]
04-12 20:38:12.659  4030  4030 D SST     : [1] pollState: modemTriggered=true, RadioState: RADIO_ON
04-12 20:38:12.660  4030  4463 D RILJ    : [5290]> DATA_REGISTRATION_STATE [SUB0]
04-12 20:38:12.661  4030  4463 D RILJ    : [5292]> VOICE_REGISTRATION_STATE [SUB0]
04-12 20:38:12.663  4030  4030 D RILJ    : [5291]> OPERATOR [SUB1]
04-12 20:38:12.663  4030  4030 D NetworkRegistrationManager: getNetworkRegistrationState domain 2
04-12 20:38:12.663  4030  4030 D NetworkRegistrationManager: getNetworkRegistrationState domain 1
04-12 20:38:12.664  4030  4030 D RILJ    : [5293]> QUERY_NETWORK_SELECTION_MODE [SUB1]
04-12 20:38:12.664  4030  4216 D use-Rlog/RLOG-IMS-IIL: ImsSecChannelCallback: receive
04-12 20:38:12.664  4030  4216 D use-Rlog/RLOG-IMS-IIL: IpcDispatcher: [Rx]: (M)IPC_IIL_CMD (S)IPC_IIL_SSAC_INFO (T)EVENT l:13
04-12 20:38:12.665  4030  4540 D use-Rlog/RLOG-IMS-IIL: ImsIilManager: handleMessage: event 100
04-12 20:38:12.665  4030  4216 D RILJ    : [5288]< OPERATOR  [SUB0]
04-12 20:38:12.665  4030  4540 D use-Rlog/RLOG-IMS-IIL: ImsIilManager: handleSSACInfo()
04-12 20:38:12.666  4030  4216 D use-Rlog/RLOG-IMS-IIL: ImsSecChannelCallback: receive
04-12 20:38:12.666  4030  4216 D use-Rlog/RLOG-IMS-IIL: IpcDispatcher2: [Rx]: (M)IPC_IIL_CMD (S)IPC_IIL_SSAC_INFO (T)EVENT l:13
04-12 20:38:12.667  4030  4554 D use-Rlog/RLOG-IMS-IIL: ImsIilManager2: handleMessage: event 100
04-12 20:38:12.667  4030  4216 D RILJ    : [5291]< OPERATOR  [SUB1]
04-12 20:38:12.667  4030  4554 D use-Rlog/RLOG-IMS-IIL: ImsIilManager2: handleSSACInfo()
04-12 20:38:12.668  4030  4540 D use-Rlog/RLOG-IMS-IIL: ImsCallManager: handleMessage: event 100
04-12 20:38:12.668  4030  4540 D use-Rlog/RLOG-IMS-IIL: ImsSmsManager: handleMessage: event 100
04-12 20:38:12.668  4030  4540 D use-Rlog/RLOG-IMS-IIL: ImsSsManager: handleMessage: event 100
04-12 20:38:12.669  4030  4554 D use-Rlog/RLOG-IMS-IIL: ImsCallManager2: handleMessage: event 100
04-12 20:38:12.669  4030  4554 D use-Rlog/RLOG-IMS-IIL: ImsSmsManager2: handleMessage: event 100
04-12 20:38:12.669  4030  4554 D use-Rlog/RLOG-IMS-IIL: ImsSsManager2: handleMessage: event 100
04-12 20:38:12.669  4030  4463 D RILJ    : [5294]> DATA_REGISTRATION_STATE [SUB1]
04-12 20:38:12.671  4030  4216 D RILJ    : [5289]< QUERY_NETWORK_SELECTION_MODE {0} [SUB0]
04-12 20:38:12.672  4030  4463 D RILJ    : [5295]> VOICE_REGISTRATION_STATE [SUB1]
04-12 20:38:12.677  4030  4216 D RILJ    : [5293]< QUERY_NETWORK_SELECTION_MODE {0} [SUB1]
04-12 20:38:12.677  4030  4216 D RILJ    : [5290]< DATA_REGISTRATION_STATE {.base = {.regState = REG_HOME, .rat = 14, .reasonDataDenied = 0, .maxDataCalls = 4, .cellIdentity = {.cellInfoType = LTE, .cellIdentityGsm = [], .cellIdentityWcdma = [], .cellIdentityCdma = [], .cellIdentityLte = [{.base = {.mcc = 432, .mnc = 35, .ci = 44424726, .pci = 132, .tac = 22464, .earfcn = -1}, .operatorNames = {.alphaLong = Irancell, .alphaShort = Irancell}, .bandwidth = 0}], .cellIdentityTdscdma = []}}, .lac = 0, .cid = 44424726, .tac = 22464, .snapshotStatus = 0, .mobileState = 1, .mobileRat = 14, .mobileOptionalRat = 0} [SUB0]
04-12 20:38:12.677  4030  4570 D NetworkRegistrationManager: onGetNetworkRegistrationStateComplete result 0 state NetworkRegistrationState{transportType=1 domain=PS regState=HOME accessNetworkTechnology=LTE reasonForDenial=0 emergencyEnabled=false supportedServices=[I@de73284 cellIdentity=CellIdentityLte:{ mCi=44424726 mPci=132 mTac=22464 mEarfcn=-1 mBandwidth=0 mMcc=432 mMnc=35 mAlphaLong=Irancell mAlphaShort=Irancell} voiceSpecificStates=null dataSpecificStates=DataSpecificRegistrationStates { mMaxDataCalls=4 mLac=0 mCid=44424726 mTac=22464 mSnapshotStatus=0 mMobileState=1 mMobileRat=14 mMobileOptionalRat=0 isDcNrRestricted = true isNrAvailable = false isEnDcAvailable = false} nrStatus=NONE}
04-12 20:38:12.680  4030  4030 D SST     : [0] EVENT_POLL_STATE_NETWORK_SELECTION_MODE
04-12 20:38:12.682  4030  4030 D SST     : [1] EVENT_POLL_STATE_NETWORK_SELECTION_MODE
