04-12 20:15:56.491  3218  3537 E Multi-Client: SetFd: mServerSock=7
04-12 20:15:56.491  3218  3537 E Multi-Client: SetFd: fd=8
04-12 20:15:56.491  3218  3537 E Multi-Client: SetFd: fd=9
04-12 20:15:56.491  3218  3537 E Multi-Client: SetFd: fd=10
04-12 20:15:56.491  3218  3537 E Multi-Client: SetFd: fd=11
04-12 20:15:56.492  3218  3537 E Multi-Client: SetFd: fd=12
04-12 20:15:56.492  3218  3537 E Multi-Client: OemClientReceiver::SetMaxFd: maxfd=12
04-12 20:15:56.502  3218  3537 E Multi-Client: OemClientReceiver::Process:
04-12 20:15:56.503  3218  3537 E Multi-Client: OemClientReceiver::Process: fd=12
04-12 20:15:56.503  3218  3537 E Multi-Client: OemClient::Process:
04-12 20:15:56.503  3218  3537 E Multi-Client: ProcessBuffer:
04-12 20:15:56.503  3218  3537 E Multi-Client: OemClient::ProcessBuffer() request[0x3B] from [com.samsung.android.networkdiagnostic], token[1], datalen[5]
04-12 20:15:56.504  3218  3537 E Multi-Client: SetFd: mServerSock=7
04-12 20:15:56.504  3218  3537 E Multi-Client: SetFd: fd=8
04-12 20:15:56.504  3218  3537 E Multi-Client: SetFd: fd=9
04-12 20:15:56.504  3218  3537 E Multi-Client: SetFd: fd=10
04-12 20:15:56.504  3218  3537 E Multi-Client: SetFd: fd=11
04-12 20:15:56.504  3218  3537 E Multi-Client: SetFd: fd=12
04-12 20:15:56.504  3218  3537 E Multi-Client: OemClientReceiver::SetMaxFd: maxfd=12
04-12 20:15:56.508  3218  3260 E Multi-Client: Oem OnRequestComplete:
04-12 20:15:56.513  3236  3383 E RILD    : intent : broadcast -a com.samsung.android.intent.action.CELL_INFO_RES_V2 --ei mode 7 -n com.samsung.android.networkdiagnostic/.receiver.NetworkDiagnosticReceiver --es data 0400000068FFFFFF01000300B001230001000000140000000400000088FFFFFF1400000000000000BAFFFFFFC057000016DEA50284000000220B0000FAFFBCFFF2FFA5FFFFFF0000040000000100000004000000F0FFFFFFD1000000220B0000A7FF00000A000E00040008000C0026002400040008000C0010001400160018001A001C000000000000000000000000000000200008000C0004000800120018000400060008000A000C0010001400
04-12 20:15:56.514  3236  3383 E RILC    : unsupported OEM unsolicated response code 11038
04-12 20:15:56.514  2971  4749 D RILClient: processUnsolicited(): resp_id (11010), len(511)
04-12 20:15:56.514  2971  4749 D RILClient: processUnsolicited(): resp_id (11038), len(175)
04-12 20:15:56.514  3235  4842 D RILClient: processUnsolicited(): resp_id (11010), len(511)
04-12 20:15:56.514  3235  4842 D RILClient: processUnsolicited(): resp_id (11038), len(175)
04-12 20:15:56.515  3211  3540 D RILClient: processUnsolicited(): resp_id (11010), len(511)
04-12 20:15:56.515  3208  3642 D RILClient: processUnsolicited(): resp_id (11010), len(511)
04-12 20:15:56.515 10335 10399 D use-Rlog/RLOG-RILClient: processUnsolicited(): resp_id (11010), len(511)
04-12 20:15:56.515 10335 10399 D use-Rlog/RLOG-RILClient: processUnsolicited(): resp_id (11038), len(175)
04-12 20:15:56.515  3211  3540 D RILClient: processUnsolicited(): resp_id (11038), len(175)
04-12 20:15:56.515  3208  3642 D RILClient: processUnsolicited(): resp_id (11038), len(175)
04-12 20:15:56.516  6424  6481 D RILS    : processUnsolicited : 11010
04-12 20:15:56.516  3250  3553 D RILClient: processUnsolicited(): resp_id (11010), len(511)
04-12 20:15:56.516  6424  6481 D RILS    : processUnsolicited : 11038
04-12 20:15:56.516  3250  3553 D RILClient: processUnsolicited(): resp_id (11038), len(175)
04-12 20:15:56.517  4030  4216 D RILJ    : Unsol response received; Sending ack to ril.cpp [SUB0]
04-12 20:15:56.517  4030  4216 D RILJ    : [UNSL]< UNSOL_AM [SUB0]
04-12 20:15:56.968  4030  4030 D TelephonyNetworkFactory[1]: got request NetworkRequest [ TRACK_DEFAULT id=1511, [ Capabilities: INTERNET&NOT_RESTRICTED&TRUSTED Unwanted:  Uid: 15010025] ] with score 50
04-12 20:15:56.968  4030  4030 D TelephonyNetworkFactory[1]:   my score=50, my filter=[ Transports: CELLULAR Capabilities: MMS&SUPL&DUN&FOTA&IMS&CBS&IA&RCS&XCAP&EIMS&INTERNET&NOT_RESTRICTED&TRUSTED&NOT_VPN&ENT1&FOC&MCX&BIP Unwanted:  Specifier: <7>]
04-12 20:15:56.968  4030  4030 D TelephonyNetworkFactory[1]: evalRequest
04-12 20:15:56.968  4030  4030 D TelephonyNetworkFactory[1]:   needNetworkFor
04-12 20:15:56.968  4030  4030 D TelephonyNetworkFactory[1]: handleMessage msg={ when=0 what=4 obj=NetworkRequest [ TRACK_DEFAULT id=1511, [ Capabilities: INTERNET&NOT_RESTRICTED&TRUSTED Unwanted:  Uid: 15010025] ] target=com.android.internal.telephony.dataconnection.TelephonyNetworkFactory$InternalHandler }
04-12 20:15:56.969  4030  4030 D DDS-TelephonyNetworkFactory[1]: onNeedNetworkFor NetworkRequest [ TRACK_DEFAULT id=1511, [ Capabilities: INTERNET&NOT_RESTRICTED&TRUSTED Unwanted:  Uid: 15010025] ]
04-12 20:15:56.974  4030  4030 D DCT-1/1 : DDS-DcTracker.requestNetwork for NetworkRequest [ TRACK_DEFAULT id=1511, [ Capabilities: INTERNET&NOT_RESTRICTED&TRUSTED Unwanted:  Uid: 15010025] ] found {mApnType=default mState=CONNECTED mWaitingApns={[[ApnSettingV5] MCCI Internet, 48977, 43211, mcinet, , , , , , 1, default | supl | mms, IP, IP, true, 0, 0, 0, false, 20, 0, 300, 0, , , false, 0, 0]} mApnSetting={[ApnSettingV5] MCCI Internet, 48977, 43211, mcinet, , , , , , 1, default | supl | mms, IP, IP, true, 0, 0, 0, false, 20, 0, 300, 0, , , false, 0, 0} mReason=connected mDataEnabled=true mDependencyMet=true}
04-12 20:15:56.975  4030  4030 D DDS-PhoneSwitcher: handleMessage msg={ when=-8ms what=103 obj=NetworkRequest [ TRACK_DEFAULT id=1511, [ Capabilities: INTERNET&NOT_RESTRICTED&TRUSTED Unwanted:  Uid: 15010025] ] target=com.android.internal.telephony.PhoneSwitcher }
04-12 20:15:56.976  4030  4030 D DDS-PhoneSwitcher: evaluating due to netRequest
04-12 20:15:56.976  4030  4030 D DDS-PhoneSwitcher: checkDdsPrecondition : Request : NetworkRequest [ TRACK_DEFAULT id=8, [ Capabilities: INTERNET&NOT_RESTRICTED&TRUSTED Unwanted:  Uid: 1000] ]
04-12 20:15:56.976  4030  4030 D DDS-PhoneSwitcher: checkDdsPrecondition : spPhoneId = 1, mDefaultDataPhoneId = 1, mDataCrossPhoneId = -1, mDataCrossState = NONE
04-12 20:15:56.977  4030  4030 D DDS-PhoneSwitcher: activate 1
04-12 20:15:56.977  4030  4030 D TelephonyNetworkFactory[0]: got request NetworkRequest [ TRACK_DEFAULT id=1511, [ Capabilities: INTERNET&NOT_RESTRICTED&TRUSTED Unwanted:  Uid: 15010025] ] with score 50
04-12 20:15:56.977  4030  4030 D TelephonyNetworkFactory[0]:   my score=50, my filter=[ Transports: CELLULAR Capabilities: MMS&SUPL&DUN&FOTA&IMS&CBS&IA&RCS&XCAP&EIMS&INTERNET&NOT_RESTRICTED&TRUSTED&NOT_VPN&ENT1&FOC&MCX&BIP Unwanted:  Specifier: <4>]
04-12 20:15:56.977  4030  4030 D TelephonyNetworkFactory[0]: evalRequest
04-12 20:15:56.977  4030  4030 D TelephonyNetworkFactory[0]:   needNetworkFor
04-12 20:15:56.978  4030  4030 D DCT-1/1 : onEnableApn: apnContext={mApnType=default mState=CONNECTED mWaitingApns={[[ApnSettingV5] MCCI Internet, 48977, 43211, mcinet, , , , , , 1, default | supl | mms, IP, IP, true, 0, 0, 0, false, 20, 0, 300, 0, , , false, 0, 0]} mApnSetting={[ApnSettingV5] MCCI Internet, 48977, 43211, mcinet, , , , , , 1, default | supl | mms, IP, IP, true, 0, 0, 0, false, 20, 0, 300, 0, , , false, 0, 0} mReason=connected mDataEnabled=true mDependencyMet=true} call applyNewState
04-12 20:15:56.978  4030  4030 D DCT-1/1 : applyNewState(default, true(true), true(true))
04-12 20:15:56.978  4030  4030 D DCT-1/1 : applyNewState: 'ready' so return
04-12 20:15:56.979  4030  4030 D TelephonyNetworkFactory[1]: handleMessage msg={ when=-1ms what=1 obj=android.os.AsyncResult@2410ff5 target=com.android.internal.telephony.dataconnection.TelephonyNetworkFactory$InternalHandler }
04-12 20:15:56.979  4030  4030 D TelephonyNetworkFactory[0]: handleMessage msg={ when=-2ms what=4 obj=NetworkRequest [ TRACK_DEFAULT id=1511, [ Capabilities: INTERNET&NOT_RESTRICTED&TRUSTED Unwanted:  Uid: 15010025] ] target=com.android.internal.telephony.dataconnection.TelephonyNetworkFactory$InternalHandler }
04-12 20:15:56.980  4030  4030 D DDS-TelephonyNetworkFactory[0]: onNeedNetworkFor: DataCrossPhoneId isn't set. apnId : 0, wait onActivePhoneSwitch
04-12 20:15:56.980  4030  4030 D TelephonyNetworkFactory[0]: not acting - isApp=false, isAct=false NetworkRequest [ TRACK_DEFAULT id=1511, [ Capabilities: INTERNET&NOT_RESTRICTED&TRUSTED Unwanted:  Uid: 15010025] ]
04-12 20:15:57.269  4030  4043 D SubscriptionController: getSimStateForSlotIndex:  simState=LOADED ordinal=10 slotIndex=1
04-12 20:15:57.270 10342 10342 D SubscriptionManager: getSimStateForSlotIdx: simState=10 slotIndex=1
04-12 20:15:57.273  4030  4043 D SubscriptionController: [getActiveSubscriptionInfo]+ subId=7 subInfo= XXX
04-12 20:15:57.279  4030  4043 D SubscriptionController: [getActiveSubscriptionInfoForSimSlotIndex]+ slotIndex= XXX subId= XXX
04-12 20:15:57.303  4030  4043 D SubscriptionController: getSimStateForSlotIndex:  simState=LOADED ordinal=10 slotIndex=1
04-12 20:15:57.303 10342 10342 D SubscriptionManager: getSimStateForSlotIdx: simState=10 slotIndex=1
04-12 20:15:57.307  4030  4043 D SubscriptionController: [getActiveSubscriptionInfo]+ subId=7 subInfo= XXX
04-12 20:15:57.317  4030  4043 D SubscriptionController: [getActiveSubscriptionInfoForSimSlotIndex]+ slotIndex= XXX subId= XXX
04-12 20:15:57.338  4030  4043 D SubscriptionController: getSimStateForSlotIndex:  simState=LOADED ordinal=10 slotIndex=1
04-12 20:15:57.338 10342 10342 D SubscriptionManager: getSimStateForSlotIdx: simState=10 slotIndex=1
04-12 20:15:57.342  4030  4043 D SubscriptionController: [getActiveSubscriptionInfo]+ subId=7 subInfo= XXX
04-12 20:15:57.345  4030  4043 D SubscriptionController: [getActiveSubscriptionInfoForSimSlotIndex]+ slotIndex= XXX subId= XXX
04-12 20:15:57.431  4030  4043 D SubscriptionController: getSimStateForSlotIndex:  simState=LOADED ordinal=10 slotIndex=1
04-12 20:15:57.431 10342 10342 D SubscriptionManager: getSimStateForSlotIdx: simState=10 slotIndex=1
04-12 20:15:57.436  4030  4043 D SubscriptionController: [getActiveSubscriptionInfo]+ subId=7 subInfo= XXX
04-12 20:15:57.439  4030  4043 D SubscriptionController: [getActiveSubscriptionInfoForSimSlotIndex]+ slotIndex= XXX subId= XXX
04-12 20:15:57.449  4030  4043 D SubscriptionController: getSimStateForSlotIndex:  simState=LOADED ordinal=10 slotIndex=1
04-12 20:15:57.449 10342 10342 D SubscriptionManager: getSimStateForSlotIdx: simState=10 slotIndex=1
04-12 20:15:59.369  4030  4043 D SubscriptionController: getSimStateForSlotIndex:  simState=LOADED ordinal=10 slotIndex=1
04-12 20:15:59.369 10342 10342 D SubscriptionManager: getSimStateForSlotIdx: simState=10 slotIndex=1
04-12 20:15:59.372  4030  4043 D SubscriptionController: [getActiveSubscriptionInfo]+ subId=7 subInfo= XXX
04-12 20:15:59.375  4030  4043 D SubscriptionController: [getActiveSubscriptionInfoForSimSlotIndex]+ slotIndex= XXX subId= XXX
04-12 20:16:00.047  4030  4030 D DCT-0/1 : Screens all off
04-12 20:16:00.052  4030  4030 D DCT-1/1 : Screens all off
04-12 20:16:00.300  4030  4030 D DCT-0/1 : Screens all off
04-12 20:16:00.306  4030  4030 D DCT-1/1 : Screens all off
04-12 20:16:02.151  4030  4030 D TelephonyNetworkFactory[1]: got request NetworkRequest [ TRACK_DEFAULT id=1513, [ Capabilities: INTERNET&NOT_RESTRICTED&TRUSTED Unwanted:  Uid: 10169] ] with score 101
04-12 20:16:02.151  4030  4030 D TelephonyNetworkFactory[1]:   my score=50, my filter=[ Transports: CELLULAR Capabilities: MMS&SUPL&DUN&FOTA&IMS&CBS&IA&RCS&XCAP&EIMS&INTERNET&NOT_RESTRICTED&TRUSTED&NOT_VPN&ENT1&FOC&MCX&BIP Unwanted:  Specifier: <7>]
04-12 20:16:02.151  4030  4030 D TelephonyNetworkFactory[1]: evalRequest
04-12 20:16:02.151  4030  4030 D TelephonyNetworkFactory[1]:   done
04-12 20:16:02.151  4030  4030 D TelephonyNetworkFactory[0]: got request NetworkRequest [ TRACK_DEFAULT id=1513, [ Capabilities: INTERNET&NOT_RESTRICTED&TRUSTED Unwanted:  Uid: 10169] ] with score 101
04-12 20:16:02.151  4030  4030 D TelephonyNetworkFactory[0]:   my score=50, my filter=[ Transports: CELLULAR Capabilities: MMS&SUPL&DUN&FOTA&IMS&CBS&IA&RCS&XCAP&EIMS&INTERNET&NOT_RESTRICTED&TRUSTED&NOT_VPN&ENT1&FOC&MCX&BIP Unwanted:  Specifier: <4>]
04-12 20:16:02.151  4030  4030 D TelephonyNetworkFactory[0]: evalRequest
04-12 20:16:02.151  4030  4030 D TelephonyNetworkFactory[0]:   done
04-12 20:16:02.151  4030  4030 D DDS-PhoneSwitcher: handleMessage msg={ when=-1ms what=103 obj=NetworkRequest [ TRACK_DEFAULT id=1513, [ Capabilities: INTERNET&NOT_RESTRICTED&TRUSTED Unwanted:  Uid: 10169] ] target=com.android.internal.telephony.PhoneSwitcher }
04-12 20:16:02.152  4030  4030 D DDS-PhoneSwitcher: evaluating due to netRequest
04-12 20:16:02.152  4030  4030 D DDS-PhoneSwitcher: checkDdsPrecondition : Request : NetworkRequest [ TRACK_DEFAULT id=8, [ Capabilities: INTERNET&NOT_RESTRICTED&TRUSTED Unwanted:  Uid: 1000] ]
04-12 20:16:02.152  4030  4030 D DDS-PhoneSwitcher: checkDdsPrecondition : spPhoneId = 1, mDefaultDataPhoneId = 1, mDataCrossPhoneId = -1, mDataCrossState = NONE
04-12 20:16:02.153  4030  4030 D DDS-PhoneSwitcher: activate 1
04-12 20:16:02.153  4030  4030 D TelephonyNetworkFactory[1]: handleMessage msg={ when=0 what=1 obj=android.os.AsyncResult@50ea18a target=com.android.internal.telephony.dataconnection.TelephonyNetworkFactory$InternalHandler }
04-12 20:16:02.258  4030  4030 D DDS-PhoneSwitcher: handleMessage msg={ when=0 what=104 obj=NetworkRequest [ TRACK_DEFAULT id=1513, [ Capabilities: INTERNET&NOT_RESTRICTED&TRUSTED Unwanted:  Uid: 10169] ] target=com.android.internal.telephony.PhoneSwitcher }
04-12 20:16:02.258  4030  4030 D DDS-PhoneSwitcher: evaluating due to netReleased
04-12 20:16:02.259  4030  4030 D DDS-PhoneSwitcher: checkDdsPrecondition : Request : NetworkRequest [ TRACK_DEFAULT id=8, [ Capabilities: INTERNET&NOT_RESTRICTED&TRUSTED Unwanted:  Uid: 1000] ]
04-12 20:16:02.259  4030  4030 D DDS-PhoneSwitcher: checkDdsPrecondition : spPhoneId = 1, mDefaultDataPhoneId = 1, mDataCrossPhoneId = -1, mDataCrossState = NONE
04-12 20:16:02.259  4030  4030 D DDS-PhoneSwitcher: activate 1
04-12 20:16:02.260  4030  4030 D TelephonyNetworkFactory[1]: handleMessage msg={ when=0 what=1 obj=android.os.AsyncResult@72f03fb target=com.android.internal.telephony.dataconnection.TelephonyNetworkFactory$InternalHandler }
04-12 20:16:11.204  3236  3383 E RILC    : currentSignalStrengthInd: Using vendor specific codes to proceed it
04-12 20:16:11.204  3236  3383 E RILC    : currentSignalStrengthInd: Using vendor specific codes to proceed it
04-12 20:16:11.208  3543  3543 D TelephonyManager: getCellLocation - caller PID:3543, UID: 1000, TID: 3543
04-12 20:16:11.215  4030  4030 D SST     : [0] SignalStrength: 18 99 -18 -200 -18 -200 -1 99 -90 -13 -70 6 0 2147483647 18 44 -76 0x4000 P gsm|lte use_rsrp_and_rssnr_for_lte_level  [-128, -118, -108, -98] [-115, -105, -95, -85]
04-12 20:16:11.217  3543  3543 D TelephonyManager: getCellLocation - caller PID:3543, UID: 1000, TID: 3543
04-12 20:16:18.462  4030  4030 D RILJ    : [5211]> RIL_REQUEST_GET_ACTIVITY_INFO [SUB0]
04-12 20:16:18.467  4030  4216 D RILJ    : [5211]< RIL_REQUEST_GET_ACTIVITY_INFO ModemActivityInfo{ mTimestamp=81533856 mSleepTimeMs=38416 mIdleTimeMs=0 mTxTimeMs[]=[0, 0, 0, 0, 0] mRxTimeMs=465468 mEnergyUsed=0} [SUB0]
04-12 20:16:28.604  3237  3354 E RILC    : currentSignalStrengthInd: Using vendor specific codes to proceed it
04-12 20:16:32.961  3236  3383 E RILC    : currentSignalStrengthInd: Using vendor specific codes to proceed it
04-12 20:16:32.968  3543  3543 D TelephonyManager: getCellLocation - caller PID:3543, UID: 1000, TID: 3543
04-12 20:16:32.972  4030  4030 D SST     : [0] SignalStrength: 18 99 -18 -200 -18 -200 -1 99 -91 -14 -30 6 0 2147483647 18 44 -76 0x3000 P gsm|lte use_rsrp_and_rssnr_for_lte_level  [-128, -118, -108, -98] [-115, -105, -95, -85]
04-12 20:16:38.081  3236  3383 E RILC    : currentSignalStrengthInd: Using vendor specific codes to proceed it
04-12 20:16:38.088  3543  3543 D TelephonyManager: getCellLocation - caller PID:3543, UID: 1000, TID: 3543
04-12 20:16:38.091  4030  4030 D SST     : [0] SignalStrength: 18 99 -18 -200 -18 -200 -1 99 -90 -13 -30 6 0 2147483647 18 44 -76 0x4000 P gsm|lte use_rsrp_and_rssnr_for_lte_level  [-128, -118, -108, -98] [-115, -105, -95, -85]
04-12 20:17:00.114  4030  4030 D DCT-0/1 : Screens all off
04-12 20:17:00.124  4030  4030 D DCT-1/1 : Screens all off
04-12 20:17:00.377  4030  4030 D DCT-0/1 : Screens all off
04-12 20:17:00.384  4030  4030 D DCT-1/1 : Screens all off
04-12 20:17:06.137  3237  3354 E RILC    : currentSignalStrengthInd: Using vendor specific codes to proceed it
04-12 20:17:08.801  3236  3383 E RILC    : currentSignalStrengthInd: Using vendor specific codes to proceed it
04-12 20:17:08.806  3543  3543 D TelephonyManager: getCellLocation - caller PID:3543, UID: 1000, TID: 3543
04-12 20:17:08.809  4030  4030 D SST     : [0] SignalStrength: 18 99 -18 -200 -18 -200 -1 99 -91 -14 -20 6 0 2147483647 18 44 -76 0x3000 P gsm|lte use_rsrp_and_rssnr_for_lte_level  [-128, -118, -108, -98] [-115, -105, -95, -85]
04-12 20:18:00.025  4030  4030 D RILJ    : [5212]> RIL_REQUEST_GET_ACTIVITY_INFO [SUB0]
04-12 20:18:00.030  4030  4216 D RILJ    : [5212]< RIL_REQUEST_GET_ACTIVITY_INFO ModemActivityInfo{ mTimestamp=81635419 mSleepTimeMs=18086 mIdleTimeMs=0 mTxTimeMs[]=[0, 0, 0, 0, 0] mRxTimeMs=179414 mEnergyUsed=0} [SUB0]
04-12 20:18:00.047  4030  4030 D DCT-0/1 : Screens all off
04-12 20:18:00.051  4030  4030 D DCT-1/1 : Screens all off
04-12 20:18:00.298  4030  4030 D DCT-0/1 : Screens all off
04-12 20:18:00.301  4030  4030 D DCT-1/1 : Screens all off
04-12 20:18:01.282  3236  3383 E RILC    : currentSignalStrengthInd: Using vendor specific codes to proceed it
04-12 20:18:01.290  3543  3543 D TelephonyManager: getCellLocation - caller PID:3543, UID: 1000, TID: 3543
04-12 20:18:01.292  4030  4030 D SST     : [0] SignalStrength: 18 99 -18 -200 -18 -200 -1 99 -90 -14 -50 6 0 2147483647 18 44 -76 0x4000 P gsm|lte use_rsrp_and_rssnr_for_lte_level  [-128, -118, -108, -98] [-115, -105, -95, -85]
04-12 20:18:14.081  3236  3383 E RILC    : currentSignalStrengthInd: Using vendor specific codes to proceed it
04-12 20:18:14.085  3543  3543 D TelephonyManager: getCellLocation - caller PID:3543, UID: 1000, TID: 3543
04-12 20:18:14.087  4030  4030 D SST     : [0] SignalStrength: 18 99 -18 -200 -18 -200 -1 99 -91 -13 -10 6 0 2147483647 18 44 -76 0x3000 P gsm|lte use_rsrp_and_rssnr_for_lte_level  [-128, -118, -108, -98] [-115, -105, -95, -85]
04-12 20:18:30.318  4030  4430 D SubscriptionController: getSimStateForSlotIndex:  simState=LOADED ordinal=10 slotIndex=1
04-12 20:18:30.318  4063  4271 D SubscriptionManager: getSimStateForSlotIdx: simState=10 slotIndex=1
04-12 20:18:37.121  3236  3383 E RILC    : currentSignalStrengthInd: Using vendor specific codes to proceed it
04-12 20:18:37.125  3543  3543 D TelephonyManager: getCellLocation - caller PID:3543, UID: 1000, TID: 3543
04-12 20:18:37.127  4030  4030 D SST     : [0] SignalStrength: 18 99 -18 -200 -18 -200 -1 99 -90 -13 -20 6 0 2147483647 18 44 -76 0x4000 P gsm|lte use_rsrp_and_rssnr_for_lte_level  [-128, -118, -108, -98] [-115, -105, -95, -85]
04-12 20:18:57.484  4030  4030 D DCT-0/1 : Intent.getAction() : com.android.internal.telephony.data-stall
04-12 20:18:57.485  4030  4030 D DCT-0/1 : Data stall alarm
04-12 20:18:57.485  4030  4030 D DCT-0/1 : onActionIntentDataStallAlarm: action=com.android.internal.telephony.data-stall
04-12 20:18:57.485  4030  4030 D DCT-0/1 : onActionIntentDataStallAlarm: phoneId(1) doesn't match!
04-12 20:18:57.493  4030  4430 D SubscriptionController: getSimStateForSlotIndex:  simState=LOADED ordinal=10 slotIndex=1
04-12 20:18:57.494  4030  4030 D DCT-1/1 : Intent.getAction() : com.android.internal.telephony.data-stall
04-12 20:18:57.494 10342 10553 D SubscriptionManager: getSimStateForSlotIdx: simState=10 slotIndex=1
04-12 20:18:57.494  4030  4030 D DCT-1/1 : Data stall alarm
04-12 20:18:57.494  4030  4030 D DCT-1/1 : onActionIntentDataStallAlarm: action=com.android.internal.telephony.data-stall
04-12 20:18:57.503  4030  4030 D DCT-1/1 : updateDataStallInfo: mDataStallTxRxSum={txSum=517947 rxSum=1069675} preTxRxSum={txSum=509504 rxSum=1058808}
04-12 20:18:57.504  4030  4030 D DCT-1/1 : updateDataStallInfo: mDataStallTxRxSum={txSum=517947 rxSum=1069675} preTxRxSum={txSum=509504 rxSum=1058808} timeDiff= 656 Sec  txTP= 22.76872 kbps  rxTP= 82.16510 kbps
04-12 20:18:57.504  4030  4030 D DCT-1/1 : updateDataStallInfo: IN/OUT
04-12 20:18:57.506  4030  4030 D DCT-1/1 : putRecoveryAction: 0
04-12 20:18:57.506  4030  4030 D DCT-1/1 : onDataStallAlarm: tag=27854 Sent 0 pkts since last received, < watchdogTrigger=20
04-12 20:18:57.507  4030  4030 D DCT-1/1 : getRecoveryAction: 0
04-12 20:18:57.507  4030  4030 D DCT-1/1 : startDataStallAlarm: tag=27855 delay=360s
04-12 20:18:57.515  4030  7972 D SubscriptionController: getSimStateForSlotIndex:  simState=LOADED ordinal=10 slotIndex=1
04-12 20:18:57.516 10342 10553 D SubscriptionManager: getSimStateForSlotIdx: simState=10 slotIndex=1
04-12 20:19:00.035  4030  4030 D DCT-0/1 : Screens all off
04-12 20:19:00.048  4030  4030 D DCT-1/1 : Screens all off
04-12 20:19:00.286  4030  4030 D DCT-0/1 : Screens all off
04-12 20:19:00.293  4030  4030 D DCT-1/1 : Screens all off
04-12 20:19:17.176  2971  4750 D RILClient: processUnsolicited(): resp_id (11010), len(80)
04-12 20:19:17.177  3235  4843 D RILClient: processUnsolicited(): resp_id (11010), len(80)
04-12 20:19:17.181  4030  4216 D RILJ    : Unsol response received; Sending ack to ril.cpp [SUB1]
04-12 20:19:17.182  4030  4216 D RILJ    : [UNSL]< UNSOL_AM [SUB1]
04-12 20:19:23.576  2971  4750 D RILClient: processUnsolicited(): resp_id (11010), len(80)
04-12 20:19:23.576  3235  4843 D RILClient: processUnsolicited(): resp_id (11010), len(80)
04-12 20:19:23.579  4030  4216 D RILJ    : Unsol response received; Sending ack to ril.cpp [SUB1]
04-12 20:19:23.579  4030  4216 D RILJ    : [UNSL]< UNSOL_AM [SUB1]
04-12 20:19:30.767  4030  4043 D DCT-1/1 : setPolicyDataEnabled: true
04-12 20:19:30.769  4030  4043 D DCT-0/1 : setPolicyDataEnabled: true
04-12 20:19:30.769  4030  4030 D DCT-0/1 : needSkipForNonDDS: ignore set PolicyDataEnabled phoneId = 1
04-12 20:19:30.769  4030  4030 D DCT-0/1 : onSetPolicyDataEnabled: ignore set PolicyDataEnabled because of non dds phone04-12 20:19:55.635  4030  4216 D RILJ    : Unsol response received; Sending ack to ril.cpp [SUB1]
04-12 20:19:55.635  4030  4216 D RILJ    : [UNSL]< UNSOL_RESPONSE_NETWORK_STATE_CHANGED [SUB1]
04-12 20:19:55.635  4030  4463 D NetworkRegistrationManager: onNetworkStateChanged
04-12 20:19:55.636  4030  4030 D SST     : [1] pollState: modemTriggered=true, RadioState: RADIO_ON
04-12 20:19:55.640  4030  4030 D RILJ    : [5216]> OPERATOR [SUB1]
04-12 20:19:55.640  4030  4030 D NetworkRegistrationManager: getNetworkRegistrationState domain 2
04-12 20:19:55.640  4030  4030 D NetworkRegistrationManager: getNetworkRegistrationState domain 1
04-12 20:19:55.641  4030  4030 D RILJ    : [5218]> QUERY_NETWORK_SELECTION_MODE [SUB1]
04-12 20:19:55.642  4030  4463 D RILJ    : [5217]> DATA_REGISTRATION_STATE [SUB1]
04-12 20:19:55.644  4030  4216 D use-Rlog/RLOG-IMS-IIL: ImsSecChannelCallback: receive
04-12 20:19:55.644  4030  4216 D use-Rlog/RLOG-IMS-IIL: IpcDispatcher2: [Rx]: (M)IPC_IIL_CMD (S)IPC_IIL_SSAC_INFO (T)EVENT l:13
04-12 20:19:55.645  4030  4463 D RILJ    : [5219]> VOICE_REGISTRATION_STATE [SUB1]
04-12 20:19:55.645  4030  4554 D use-Rlog/RLOG-IMS-IIL: ImsIilManager2: handleMessage: event 100
04-12 20:19:55.646  4030  4554 D use-Rlog/RLOG-IMS-IIL: ImsIilManager2: handleSSACInfo()
04-12 20:19:55.646  4030  4216 D RILJ    : [5216]< OPERATOR  [SUB1]
04-12 20:19:55.649  4030  4554 D use-Rlog/RLOG-IMS-IIL: ImsCallManager2: handleMessage: event 100
04-12 20:19:55.649  4030  4554 D use-Rlog/RLOG-IMS-IIL: ImsSmsManager2: handleMessage: event 100
04-12 20:19:55.650  4030  4554 D use-Rlog/RLOG-IMS-IIL: ImsSsManager2: handleMessage: event 100
04-12 20:19:55.652  4030  4216 D RILJ    : [5218]< QUERY_NETWORK_SELECTION_MODE {0} [SUB1]
04-12 20:19:55.652  4030  4030 D SST     : [1] EVENT_POLL_STATE_NETWORK_SELECTION_MODE
04-12 20:19:55.658  4030  4216 D RILJ    : [5217]< DATA_REGISTRATION_STATE {.base = {.regState = REG_HOME, .rat = 19, .reasonDataDenied = 0, .maxDataCalls = 4, .cellIdentity = {.cellInfoType = LTE, .cellIdentityGsm = [], .cellIdentityWcdma = [], .cellIdentityCdma = [], .cellIdentityLte = [{.base = {.mcc = 432, .mnc = 11, .ci = 23226120, .pci = 158, .tac = 45215, .earfcn = -1}, .operatorNames = {.alphaLong = IR-MCI, .alphaShort = IR-MCI}, .bandwidth = 0}], .cellIdentityTdscdma = []}}, .lac = 0, .cid = 23226120, .tac = 45215, .snapshotStatus = 0, .mobileState = 1, .mobileRat = 14, .mobileOptionalRat = 0} [SUB1]
04-12 20:19:55.659  4030  4571 D NetworkRegistrationManager: onGetNetworkRegistrationStateComplete result 0 state NetworkRegistrationState{transportType=1 domain=PS regState=HOME accessNetworkTechnology=LTE_CA reasonForDenial=0 emergencyEnabled=false supportedServices=[I@6d821c4 cellIdentity=CellIdentityLte:{ mCi=23226120 mPci=158 mTac=45215 mEarfcn=-1 mBandwidth=0 mMcc=432 mMnc=11 mAlphaLong=IR-MCI mAlphaShort=IR-MCI} voiceSpecificStates=null dataSpecificStates=DataSpecificRegistrationStates { mMaxDataCalls=4 mLac=0 mCid=23226120 mTac=45215 mSnapshotStatus=0 mMobileState=1 mMobileRat=14 mMobileOptionalRat=0 isDcNrRestricted = true isNrAvailable = false isEnDcAvailable = false} nrStatus=NONE}
04-12 20:19:55.660  4030  4030 E SST     : [1] Invalid LTE Bandwidth in RegistrationState, 0
04-12 20:19:55.661  4030  4030 D SST     : [1] handlPollStateResultMessage: GsmSST dataServiceState=0 regState=1 dataRadioTechnology=19
04-12 20:19:55.664  4030  4216 D RILJ    : [5219]< VOICE_REGISTRATION_STATE {.base = {.regState = REG_HOME, .rat = 19, .cssSupported = false, .roamingIndicator = 0, .systemIsInPrl = 0, .defaultRoamingIndicator = 0, .reasonForDenial = 0, .cellIdentity = {.cellInfoType = LTE, .cellIdentityGsm = [], .cellIdentityWcdma = [], .cellIdentityCdma = [], .cellIdentityLte = [{.base = {.mcc = 432, .mnc = 11, .ci = 23226120, .pci = 158, .tac = 45215, .earfcn = -1}, .operatorNames = {.alphaLong = IR-MCI, .alphaShort = IR-MCI}, .bandwidth = 0}], .cellIdentityTdscdma = []}}, .lac = 45215, .cid = 23226120, .psVoiceSupport = 2, .imsEmergencyCallSupport = 2, .imsEmergencyCallBarring = 0, .mobileState = 1, .mobileRat = 14, .isPsOnlyReg = false} [SUB1]
04-12 20:19:55.665  4030  4571 D NetworkRegistrationManager: onGetNetworkRegistrationStateComplete result 0 state NetworkRegistrationState{transportType=1 domain=CS regState=HOME accessNetworkTechnology=LTE_CA reasonForDenial=0 emergencyEnabled=false supportedServices=[I@5e848ad cellIdentity=CellIdentityLte:{ mCi=23226120 mPci=158 mTac=45215 mEarfcn=-1 mBandwidth=0 mMcc=432 mMnc=11 mAlphaLong=IR-MCI mAlphaShort=IR-MCI} voiceSpecificStates=VoiceSpecificRegistrationStates { mCssSupported=false mRoamingIndicator=0 mSystemIsInPrl=0 mDefaultRoamingIndicator=0 mLac=45215 mCid=23226120 mPsVoiceSupport2 mImsEmergencyCallSupport2 mImsEmergencyCallBarring0 mMobileState1 mMobileRat14 mIsPsOnlyRegfalse} dataSpecificStates=null nrStatus=NONE}
04-12 20:19:55.665  4030  4030 E SST     : [1] Invalid LTE Bandwidth in RegistrationState, 0
04-12 20:19:55.665  4030  4030 D SST     : [1] KnoxGuard: mPhone.mPhoneId: 1, reasonForDenial: 0
04-12 20:19:55.666  4030  4030 D SST     : [1] KnoxGuard: setNetRegistRejectCause() ret : 0
04-12 20:19:55.666  4030  4030 D SST     : [1] Use Data TAC for CellLocation LAC (Voice: LTE)
04-12 20:19:55.667  4030  4030 D SST     : [1] Use Voice CID for CellLocation CID
04-12 20:19:55.667  4030  4030 D SST     : [1] handlPollVoiceRegResultMessage: regState=1 radioTechnology=19
04-12 20:19:55.670  4030  4030 D SST     : [1] setRoamingType: currentRoamingType = 0
04-12 20:19:55.671  4030  4030 D SST     : [1] Update LteImsVoiceAvail: 2
04-12 20:19:55.672  4030  4030 D SST     : [1] Poll ServiceState done: oldSS=[{mVoiceRegState=0(IN_SERVICE), mDataRegState=0(IN_SERVICE), mChannelNumber=-1, duplexMode()=0, mCellBandwidths=[], mVoiceRoamingType=home, mDataRoamingType=home, isManualNetworkSelection=false(automatic), mRilVoiceRadioTechnology=14(LTE), mRilDataRadioTechnology=14(LTE), mCssIndicator=unsupported, mCdmaRoamingIndicator=-1, mCdmaDefaultRoamingIndicator=-1, VoiceRegType=0, ImsVoiceAvail=2, IsEbSupport=2, IsEaBarred=0, Snap=0, MobileVoice=IN_SERVICE, MobileVoiceRat=LTE, MobileData=IN_SERVICE, MobileDataRoamingType=home, MobileDataRat=LTE PsOnly=false FemtocellInd=0 EndcStatus=0 RestrictDcnr=1 NrBearerStatus=0, mIsEmergencyOnly=false, mIsDataRoamingFromRegistration=false, mIsUsingCarrierAggregation=true, mLteEarfcnRsrpBoost=0, mNetworkRegistrationStates=[NetworkRegistrationState{transportType=1 domain=PS regState=HOME accessNetworkTechnology=LTE_CA reasonForDenial=0 emergencyEnabled=false supportedServices=[I@4fadfcd cellIdentity=CellIdentityLte:{ mCi=23226120 mPci=158 mTac=45215 mEarfcn=-1 mBandwidth=0 mMcc=432 mMnc=11 mAlphaLong=IR-MCI mAlphaShort=IR-MCI} voiceSpecificStates=null dataSpecificStates=DataSpecificRegistrationStates { mMaxDataCalls=4 mLac=0 mCid=23226120 mTac=45215 mSnapshotStatus=0 mMobileState=1 mMobileRat=14 mMobileOptionalRat=0 isDcNrRestricted = true isNrAvailable = false isEnDcAvailable = false} nrStatus=NONE}, NetworkRegistrationState{transportType=1 domain=CS regState=HOME accessNetworkTechnology=LTE_CA reasonForDenial=0 emergencyEnabled=false supportedServices=[I@31d3393 cellIdentity=CellIdentityLte:{ mCi=23226120 mPci=158 mTac=45215 mEarfcn=-1 mBandwidth=0 mMcc=432 mMnc=11 mAlphaLong=IR-MCI mAlphaShort=IR-MCI} voiceSpecificStates=VoiceSpecificRegistrationStates { mCssSupported=false mRoamingIndicator=0 mSystemIsInPrl=0 mDefaultRoamingIndicator=0 mLac=45215 mCid=23226120 mPsVoiceSupport2 mImsEmergencyCallSupport2 mImsEmergencyCallBarring0 mMobileState1 mMobileRat14 mIsPsOnlyRegfalse} dataSpecificStates=null nrStatus=NONE}], mNrFrequencyRange=-1}]
04-12 20:19:55.672  4030  4030 D SST     : [1] Poll ServiceState done: newSS=[{mVoiceRegState=0(IN_SERVICE), mDataRegState=0(IN_SERVICE), mChannelNumber=-1, duplexMode()=0, mCellBandwidths=[], mVoiceRoamingType=home, mDataRoamingType=home, isManualNetworkSelection=false(automatic), mRilVoiceRadioTechnology=14(LTE), mRilDataRadioTechnology=14(LTE), mCssIndicator=unsupported, mCdmaRoamingIndicator=-1, mCdmaDefaultRoamingIndicator=-1, VoiceRegType=0, ImsVoiceAvail=2, IsEbSupport=2, IsEaBarred=0, Snap=0, MobileVoice=IN_SERVICE, MobileVoiceRat=LTE, MobileData=IN_SERVICE, MobileDataRoamingType=home, MobileDataRat=LTE PsOnly=false FemtocellInd=0 EndcStatus=0 RestrictDcnr=1 NrBearerStatus=0, mIsEmergencyOnly=false, mIsDataRoamingFromRegistration=false, mIsUsingCarrierAggregation=true, mLteEarfcnRsrpBoost=0, mNetworkRegistrationStates=[NetworkRegistrationState{transportType=1 domain=PS regState=HOME accessNetworkTechnology=LTE_CA reasonForDenial=0 emergencyEnabled=false supportedServices=[I@6d821c4 cellIdentity=CellIdentityLte:{ mCi=23226120 mPci=158 mTac=45215 mEarfcn=-1 mBandwidth=0 mMcc=432 mMnc=11 mAlphaLong=IR-MCI mAlphaShort=IR-MCI} voiceSpecificStates=null dataSpecificStates=DataSpecificRegistrationStates { mMaxDataCalls=4 mLac=0 mCid=23226120 mTac=45215 mSnapshotStatus=0 mMobileState=1 mMobileRat=14 mMobileOptionalRat=0 isDcNrRestricted = true isNrAvailable = false isEnDcAvailable = false} nrStatus=NONE}, NetworkRegistrationState{transportType=1 domain=CS regState=HOME accessNetworkTechnology=LTE_CA reasonForDenial=0 emergencyEnabled=false supportedServices=[I@5e848ad cellIdentity=CellIdentityLte:{ mCi=23226120 mPci=158 mTac=45215 mEarfcn=-1 mBandwidth=0 mMcc=432 mMnc=11 mAlphaLong=IR-MCI mAlphaShort=IR-MCI} voiceSpecificStates=VoiceSpecificRegistrationStates { mCssSupported=false mRoamingIndicator=0 mSystemIsInPrl=0 mDefaultRoamingIndicator=0 mLac=45215 mCid=23226120 mPsVoiceSupport2 mImsEmergencyCallSupport2 mImsEmergencyCallBarring0 mMobileState1 mMobileRat14 mIsPsOnlyRegfalse} dataSpecificStates=null nrStatus=NONE}], mNrFrequencyRange=-1}]
04-12 20:19:55.672  4030  4030 D SST     : [1] oldMaxDataCalls=4 mNewMaxDataCalls=4 oldReasonDataDenied=0 mNewReasonDataDenied=0
04-12 20:19:55.672  4030  4030 D SST     : [1] KnoxGuard. mRejectCode: 0, mNewRejectCode: 0
04-12 20:19:55.676  4030  4030 D SST     : [1] pollStateDone: hasRegistered=false hasDeregistered=false hasDataAttached=false hasDataDetached=false hasDataRegStateChanged=false hasRilVoiceRadioTechnologyChanged= false hasRilDataRadioTechnologyChanged=false hasChanged=false hasVoiceRoamingOn=false hasVoiceRoamingOff=false hasDataRoamingOn=false hasDataRoamingOff=false hasLocationChanged=false has4gHandoff = false hasMultiApnSupport=false hasLostMultiApnSupport=false hasCssIndicatorChanged=false
04-12 20:19:58.437  3236  3383 E RILC    : currentSignalStrengthInd: Using vendor specific codes to proceed it
04-12 20:19:58.442  3543  3543 D TelephonyManager: getCellLocation - caller PID:3543, UID: 1000, TID: 3543
04-12 20:19:58.445  4030  4030 D SST     : [0] SignalStrength: 18 99 -18 -200 -18 -200 -1 99 -91 -15 -80 6 0 2147483647 18 44 -76 0x3000 P gsm|lte use_rsrp_and_rssnr_for_lte_level  [-128, -118, -108, -98] [-115, -105, -95, -85]
04-12 20:19:58.656  3237  3532 E RILD2   : Reader: TIMEOUT
04-12 20:20:00.075  4030  4030 D DCT-0/1 : Screens all off
04-12 20:20:00.085  4030  4030 D DCT-1/1 : Screens all off
04-12 20:20:00.303  4030  4030 D DCT-0/1 : Screens all off
04-12 20:20:00.306  4030  4030 D DCT-1/1 : Screens all off
04-12 20:20:16.957  4030  4030 D DCT-0/1 : Screens all off
04-12 20:20:16.966  4030  4030 D DCT-1/1 : Screens all off
04-12 20:20:17.164  4030  4030 D DCT-0/1 : Screens all off
04-12 20:20:17.169  4030  4030 D DCT-1/1 : Screens all off
04-12 20:20:19.496  3236  3383 E RILC    : currentSignalStrengthInd: Using vendor specific codes to proceed it
04-12 20:20:19.506  4030  4030 D SST     : [0] SignalStrength: 18 99 -18 -200 -18 -200 -1 99 -90 -14 -50 6 0 2147483647 18 44 -76 0x4000 P gsm|lte use_rsrp_and_rssnr_for_lte_level  [-128, -118, -108, -98] [-115, -105, -95, -85]
04-12 20:20:19.521  3543  3543 D TelephonyManager: getCellLocation - caller PID:3543, UID: 1000, TID: 3543
04-12 20:21:00.062  4030  4030 D DCT-0/1 : Screens all off
04-12 20:21:00.065  4030  4030 D DCT-1/1 : Screens all off
04-12 20:21:00.974  4030  4030 D DCT-0/1 : Screens all off
04-12 20:21:00.980  4030  4030 D DCT-1/1 : Screens all off
04-12 20:21:01.010  4030  4030 D DCT-0/1 : Screens all off
04-12 20:21:01.017  4030  4030 D DCT-1/1 : Screens all off
04-12 20:21:01.340  4030  4030 D DCT-0/1 : Screens all off
04-12 20:21:01.352  4030  4030 D DCT-1/1 : Screens all off
04-12 20:21:01.507  4030  4030 D DCT-0/1 : Screens all off
04-12 20:21:01.516  4030  4030 D DCT-1/1 : Screens all off
04-12 20:21:01.653  4030  4030 D DCT-0/1 : Screens all off
04-12 20:21:01.658  4030  4030 D DCT-1/1 : Screens all off
04-12 20:22:00.054  4030  4030 D DCT-0/1 : Screens all off
04-12 20:22:00.058  4030  4030 D DCT-1/1 : Screens all off
04-12 20:22:00.470  4030  4030 D DCT-0/1 : Screens all off
04-12 20:22:00.479  4030  4030 D DCT-1/1 : Screens all off
04-12 20:22:00.491  4030  4030 D DCT-0/1 : Screens all off
04-12 20:22:00.498  4030  4030 D DCT-1/1 : Screens all off
04-12 20:22:01.373  4030  4030 D DCT-0/1 : Screens all off
04-12 20:22:01.379  4030  4030 D DCT-1/1 : Screens all off
04-12 20:22:01.391  4030  4030 D DCT-0/1 : Screens all off
04-12 20:22:01.401  4030  4030 D DCT-1/1 : Screens all off
04-12 20:22:01.547  4030  4030 D DCT-0/1 : Screens all off
04-12 20:22:01.550  4030  4030 D DCT-1/1 : Screens all off
04-12 20:22:01.595  4030  4030 D DCT-0/1 : Screens all off
04-12 20:22:01.599  4030  4030 D DCT-1/1 : Screens all off
04-12 20:22:01.738  4030  4030 D DCT-0/1 : Screens all off
04-12 20:22:01.746  4030  4030 D DCT-1/1 : Screens all off
04-12 20:22:39.646  4030  4043 D SubscriptionController: getSimStateForSlotIndex:  simState=LOADED ordinal=10 slotIndex=1
04-12 20:22:39.646  6013 21131 D SubscriptionManager: getSimStateForSlotIdx: simState=10 slotIndex=1
04-12 20:22:39.654  4030  4043 D GsmCdmaPhone: [1] getDataConnectionState apnType=default ret=CONNECTED
04-12 20:22:50.000  3237  3354 E RILC    : currentSignalStrengthInd: Using vendor specific codes to proceed it
04-12 20:23:00.060  4030  4030 D DCT-0/1 : Screens all off
04-12 20:23:00.072  4030  4030 D DCT-1/1 : Screens all off
04-12 20:23:00.315  4030  4030 D DCT-0/1 : Screens all off
04-12 20:23:00.321  4030  4030 D DCT-1/1 : Screens all off
04-12 20:23:20.979  2971  4750 D RILClient: processUnsolicited(): resp_id (11010), len(80)
04-12 20:23:20.980  3235  4843 D RILClient: processUnsolicited(): resp_id (11010), len(80)
04-12 20:23:20.983  4030  4216 D RILJ    : Unsol response received; Sending ack to ril.cpp [SUB1]
04-12 20:23:20.983  4030  4216 D RILJ    : [UNSL]< UNSOL_AM [SUB1]
04-12 20:23:23.579  2971  4750 D RILClient: processUnsolicited(): resp_id (11010), len(80)
04-12 20:23:23.579  3235  4843 D RILClient: processUnsolicited(): resp_id (11010), len(80)
04-12 20:23:23.582  4030  4216 D RILJ    : Unsol response received; Sending ack to ril.cpp [SUB1]
04-12 20:23:23.582  4030  4216 D RILJ    : [UNSL]< UNSOL_AM [SUB1]
04-12 20:24:00.040  4030  4030 D RILJ    : [5222]> RIL_REQUEST_GET_ACTIVITY_INFO [SUB0]
04-12 20:24:00.045  4030  4216 D RILJ    : [5222]< RIL_REQUEST_GET_ACTIVITY_INFO ModemActivityInfo{ mTimestamp=81995434 mSleepTimeMs=62409 mIdleTimeMs=0 mTxTimeMs[]=[0, 0, 0, 0, 0] mRxTimeMs=607471 mEnergyUsed=0} [SUB0]
04-12 20:24:00.074  4030  4030 D DCT-0/1 : Screens all off
04-12 20:24:00.080  4030  4030 D DCT-1/1 : Screens all off
04-12 20:24:00.332  4030  4030 D DCT-0/1 : Screens all off
04-12 20:24:00.337  4030  4030 D DCT-1/1 : Screens all off
04-12 20:24:25.225  3236  3383 E RILC    : currentSignalStrengthInd: Using vendor specific codes to proceed it
04-12 20:24:25.229  3543  3543 D TelephonyManager: getCellLocation - caller PID:3543, UID: 1000, TID: 3543
04-12 20:24:25.234  4030  4030 D SST     : [0] SignalStrength: 18 99 -18 -200 -18 -200 -1 99 -91 -15 -40 6 0 2147483647 18 44 -76 0x3000 P gsm|lte use_rsrp_and_rssnr_for_lte_level  [-128, -118, -108, -98] [-115, -105, -95, -85]
04-12 20:24:49.545  3236  3383 E RILC    : currentSignalStrengthInd: Using vendor specific codes to proceed it
04-12 20:24:49.549  3543  3543 D TelephonyManager: getCellLocation - caller PID:3543, UID: 1000, TID: 3543
04-12 20:24:49.552  4030  4030 D SST     : [0] SignalStrength: 18 99 -18 -200 -18 -200 -1 99 -90 -14 -50 6 0 2147483647 18 44 -76 0x4000 P gsm|lte use_rsrp_and_rssnr_for_lte_level  [-128, -118, -108, -98] [-115, -105, -95, -85]
04-12 20:24:58.833  3237  3354 E RILC    : currentSignalStrengthInd: Using vendor specific codes to proceed it
04-12 20:25:00.022  4030  4030 D DCT-0/1 : Intent.getAction() : com.android.internal.telephony.data-stall
04-12 20:25:00.022  4030  4030 D DCT-0/1 : Data stall alarm
04-12 20:25:00.022  4030  4030 D DCT-0/1 : onActionIntentDataStallAlarm: action=com.android.internal.telephony.data-stall
04-12 20:25:00.023  4030  4030 D DCT-0/1 : onActionIntentDataStallAlarm: phoneId(1) doesn't match!
04-12 20:25:00.025  4030  4030 D DCT-1/1 : Intent.getAction() : com.android.internal.telephony.data-stall
04-12 20:25:00.025  4030  4030 D DCT-1/1 : Data stall alarm
04-12 20:25:00.025  4030  4030 D DCT-1/1 : onActionIntentDataStallAlarm: action=com.android.internal.telephony.data-stall
04-12 20:25:00.043  4030  4030 D DCT-1/1 : updateDataStallInfo: mDataStallTxRxSum={txSum=520675 rxSum=1072583} preTxRxSum={txSum=517947 rxSum=1069675}
04-12 20:25:00.044  4030  4030 D DCT-1/1 : updateDataStallInfo: mDataStallTxRxSum={txSum=520675 rxSum=1072583} preTxRxSum={txSum=517947 rxSum=1069675} timeDiff= 363 Sec  txTP= 11.44361 kbps  rxTP= 12.47449 kbps
04-12 20:25:00.044  4030  4030 D DCT-1/1 : updateDataStallInfo: IN/OUT
04-12 20:25:00.046  4030  4030 D DCT-1/1 : putRecoveryAction: 0
04-12 20:25:00.047  4030  4030 D DCT-1/1 : onDataStallAlarm: tag=27855 Sent 0 pkts since last received, < watchdogTrigger=20
04-12 20:25:00.047  4030  4030 D DCT-1/1 : getRecoveryAction: 0
04-12 20:25:00.048  4030  4030 D DCT-1/1 : startDataStallAlarm: tag=27856 delay=360s
04-12 20:25:00.085  4030  4030 D DCT-0/1 : Screens all off
04-12 20:25:00.089  4030  4030 D DCT-1/1 : Screens all off
04-12 20:25:00.144  4030  4030 D RILJ    : [5223]> RIL_REQUEST_GET_ACTIVITY_INFO [SUB0]
04-12 20:25:00.148  4030  4216 D RILJ    : [5223]< RIL_REQUEST_GET_ACTIVITY_INFO ModemActivityInfo{ mTimestamp=82055537 mSleepTimeMs=9995 mIdleTimeMs=0 mTxTimeMs[]=[0, 0, 0, 0, 0] mRxTimeMs=98838 mEnergyUsed=0} [SUB0]
04-12 20:25:00.295  4030  4030 D DCT-0/1 : Screens all off
04-12 20:25:00.300  4030  4030 D DCT-1/1 : Screens all off
04-12 20:25:45.289  3237  3354 E RILC    : currentSignalStrengthInd: Using vendor specific codes to proceed it
04-12 20:26:00.069  4030  4030 D DCT-0/1 : Screens all off
04-12 20:26:00.073  4030  4030 D DCT-1/1 : Screens all off
04-12 20:26:00.391  4030  4030 D DCT-0/1 : Screens all off
04-12 20:26:00.394  4030  4030 D DCT-1/1 : Screens all off
04-12 20:26:07.195  3237  3354 E RILC    : currentSignalStrengthInd: Using vendor specific codes to proceed it
04-12 20:26:23.200  4030  4030 D DCT-0/1 : Screens all off
04-12 20:26:23.210  4030  4030 D DCT-1/1 : Screens all off
04-12 20:26:23.517  4030  4030 D DCT-0/1 : Screens all off
04-12 20:26:23.521  4030  4030 D DCT-1/1 : Screens all off
04-12 20:26:25.531  3237  3354 E RILC    : currentSignalStrengthInd: Using vendor specific codes to proceed it
04-12 20:26:39.716  3236  3383 E RILC    : currentSignalStrengthInd: Using vendor specific codes to proceed it
04-12 20:26:39.722  3543  3543 D TelephonyManager: getCellLocation - caller PID:3543, UID: 1000, TID: 3543
04-12 20:26:39.725  4030  4030 D SST     : [0] SignalStrength: 18 99 -18 -200 -18 -200 -1 99 -91 -14 -20 7 0 2147483647 18 44 -76 0x3000 P gsm|lte use_rsrp_and_rssnr_for_lte_level  [-128, -118, -108, -98] [-115, -105, -95, -85]
04-12 20:26:40.996  3236  3383 E RILC    : currentSignalStrengthInd: Using vendor specific codes to proceed it
04-12 20:26:41.003  3543  3543 D TelephonyManager: getCellLocation - caller PID:3543, UID: 1000, TID: 3543
04-12 20:26:41.009  4030  4030 D SST     : [0] SignalStrength: 18 99 -18 -200 -18 -200 -1 99 -90 -14 -20 7 0 2147483647 18 44 -76 0x4000 P gsm|lte use_rsrp_and_rssnr_for_lte_level  [-128, -118, -108, -98] [-115, -105, -95, -85]
04-12 20:27:00.045  4030  4030 D DCT-0/1 : Screens all off
04-12 20:27:00.049  4030  4030 D DCT-1/1 : Screens all off
04-12 20:27:00.300  4030  4030 D DCT-0/1 : Screens all off
04-12 20:27:00.307  4030  4030 D DCT-1/1 : Screens all off
04-12 20:27:06.437  4030  4042 D SubscriptionController: getSimStateForSlotIndex:  simState=LOADED ordinal=10 slotIndex=1
04-12 20:27:06.438  6013 21156 D SubscriptionManager: getSimStateForSlotIdx: simState=10 slotIndex=1
04-12 20:27:06.448  4030  4042 D GsmCdmaPhone: [1] getDataConnectionState apnType=default ret=CONNECTED
04-12 20:27:06.651  4030  4042 D SubscriptionController: getSimStateForSlotIndex:  simState=LOADED ordinal=10 slotIndex=1
04-12 20:27:06.651  6013 21149 D SubscriptionManager: getSimStateForSlotIdx: simState=10 slotIndex=1
04-12 20:27:06.661  4030  4042 D GsmCdmaPhone: [1] getDataConnectionState apnType=default ret=CONNECTED
04-12 20:27:10.665  3237  3354 E RILC    : currentSignalStrengthInd: Using vendor specific codes to proceed it
04-12 20:27:39.321  4030  4620 D SubscriptionController: [getPhoneId] asked for default subId=7
04-12 20:27:39.325  4030  4620 D SubscriptionController: [getPhoneId] asked for default subId=7
04-12 20:28:00.060  4030  4030 D DCT-0/1 : Screens all off
04-12 20:28:00.064  4030  4030 D DCT-1/1 : Screens all off
04-12 20:28:00.307  4030  4030 D DCT-0/1 : Screens all off
04-12 20:28:00.314  4030  4030 D DCT-1/1 : Screens all off
04-12 20:28:32.103  4030  5891 D SubscriptionController: getSimStateForSlotIndex:  simState=LOADED ordinal=10 slotIndex=1
04-12 20:28:32.104  4063  4271 D SubscriptionManager: getSimStateForSlotIdx: simState=10 slotIndex=1
04-12 20:28:46.597  2971  4750 D RILClient: processUnsolicited(): resp_id (11010), len(80)
04-12 20:28:46.597  3235  4843 D RILClient: processUnsolicited(): resp_id (11010), len(80)
04-12 20:28:46.601  4030  4216 D RILJ    : Unsol response received; Sending ack to ril.cpp [SUB1]
04-12 20:28:46.601  4030  4216 D RILJ    : [UNSL]< UNSOL_AM [SUB1]
04-12 20:29:00.038  4030  4030 D DCT-0/1 : Screens all off
04-12 20:29:00.050  4030  4030 D DCT-1/1 : Screens all off
04-12 20:29:00.303  4030  4030 D DCT-0/1 : Screens all off
04-12 20:29:00.308  4030  4030 D DCT-1/1 : Screens all off
04-12 20:29:10.622  2971  4750 D RILClient: processUnsolicited(): resp_id (11010), len(80)
04-12 20:29:10.622  3235  4843 D RILClient: processUnsolicited(): resp_id (11010), len(80)
04-12 20:29:10.627  4030  4216 D RILJ    : Unsol response received; Sending ack to ril.cpp [SUB1]
04-12 20:29:10.628  4030  4216 D RILJ    : [UNSL]< UNSOL_AM [SUB1]
04-12 20:29:10.887  3236  3383 E RILC    : currentSignalStrengthInd: Using vendor specific codes to proceed it
04-12 20:29:10.905  4030  4030 D SST     : [0] SignalStrength: 18 99 -18 -200 -18 -200 -1 99 -91 -14 -20 5 0 2147483647 18 44 -76 0x3000 P gsm|lte use_rsrp_and_rssnr_for_lte_level  [-128, -118, -108, -98] [-115, -105, -95, -85]
04-12 20:29:10.910  3543  3543 D TelephonyManager: getCellLocation - caller PID:3543, UID: 1000, TID: 3543
04-12 20:29:13.447  3236  3383 E RILC    : currentSignalStrengthInd: Using vendor specific codes to proceed it
04-12 20:29:13.453  3543  3543 D TelephonyManager: getCellLocation - caller PID:3543, UID: 1000, TID: 3543
04-12 20:29:13.456  4030  4030 D SST     : [0] SignalStrength: 18 99 -18 -200 -18 -200 -1 99 -90 -14 -40 5 0 2147483647 18 44 -76 0x4000 P gsm|lte use_rsrp_and_rssnr_for_lte_level  [-128, -118, -108, -98] [-115, -105, -95, -85]
04-12 20:29:25.007  4030  4030 D TelephonyNetworkFactory[1]: got request NetworkRequest [ TRACK_DEFAULT id=1514, [ Capabilities: INTERNET&NOT_RESTRICTED&TRUSTED Unwanted:  Uid: 10169] ] with score 101
04-12 20:29:25.007  4030  4030 D TelephonyNetworkFactory[1]:   my score=50, my filter=[ Transports: CELLULAR Capabilities: MMS&SUPL&DUN&FOTA&IMS&CBS&IA&RCS&XCAP&EIMS&INTERNET&NOT_RESTRICTED&TRUSTED&NOT_VPN&ENT1&FOC&MCX&BIP Unwanted:  Specifier: <7>]
04-12 20:29:25.007  4030  4030 D TelephonyNetworkFactory[1]: evalRequest
04-12 20:29:25.007  4030  4030 D TelephonyNetworkFactory[1]:   done
04-12 20:29:25.007  4030  4030 D TelephonyNetworkFactory[0]: got request NetworkRequest [ TRACK_DEFAULT id=1514, [ Capabilities: INTERNET&NOT_RESTRICTED&TRUSTED Unwanted:  Uid: 10169] ] with score 101
04-12 20:29:25.008  4030  4030 D TelephonyNetworkFactory[0]:   my score=50, my filter=[ Transports: CELLULAR Capabilities: MMS&SUPL&DUN&FOTA&IMS&CBS&IA&RCS&XCAP&EIMS&INTERNET&NOT_RESTRICTED&TRUSTED&NOT_VPN&ENT1&FOC&MCX&BIP Unwanted:  Specifier: <4>]
04-12 20:29:25.008  4030  4030 D TelephonyNetworkFactory[0]: evalRequest
04-12 20:29:25.008  4030  4030 D TelephonyNetworkFactory[0]:   done
04-12 20:29:25.008  4030  4030 D DDS-PhoneSwitcher: handleMessage msg={ when=0 what=103 obj=NetworkRequest [ TRACK_DEFAULT id=1514, [ Capabilities: INTERNET&NOT_RESTRICTED&TRUSTED Unwanted:  Uid: 10169] ] target=com.android.internal.telephony.PhoneSwitcher }
04-12 20:29:25.008  4030  4030 D DDS-PhoneSwitcher: evaluating due to netRequest
04-12 20:29:25.009  4030  4030 D DDS-PhoneSwitcher: checkDdsPrecondition : Request : NetworkRequest [ TRACK_DEFAULT id=8, [ Capabilities: INTERNET&NOT_RESTRICTED&TRUSTED Unwanted:  Uid: 1000] ]
04-12 20:29:25.009  4030  4030 D DDS-PhoneSwitcher: checkDdsPrecondition : spPhoneId = 1, mDefaultDataPhoneId = 1, mDataCrossPhoneId = -1, mDataCrossState = NONE
04-12 20:29:25.009  4030  4030 D DDS-PhoneSwitcher: activate 1
04-12 20:29:25.010  4030  4030 D TelephonyNetworkFactory[1]: handleMessage msg={ when=0 what=1 obj=android.os.AsyncResult@cd9d7e2 target=com.android.internal.telephony.dataconnection.TelephonyNetworkFactory$InternalHandler }
04-12 20:29:25.642  4030  4030 D DDS-PhoneSwitcher: handleMessage msg={ when=0 what=104 obj=NetworkRequest [ TRACK_DEFAULT id=1514, [ Capabilities: INTERNET&NOT_RESTRICTED&TRUSTED Unwanted:  Uid: 10169] ] target=com.android.internal.telephony.PhoneSwitcher }
04-12 20:29:25.643  4030  4030 D DDS-PhoneSwitcher: evaluating due to netReleased
04-12 20:29:25.643  4030  4030 D DDS-PhoneSwitcher: checkDdsPrecondition : Request : NetworkRequest [ TRACK_DEFAULT id=8, [ Capabilities: INTERNET&NOT_RESTRICTED&TRUSTED Unwanted:  Uid: 1000] ]
04-12 20:29:25.643  4030  4030 D DDS-PhoneSwitcher: checkDdsPrecondition : spPhoneId = 1, mDefaultDataPhoneId = 1, mDataCrossPhoneId = -1, mDataCrossState = NONE
04-12 20:29:25.644  4030  4030 D DDS-PhoneSwitcher: activate 1
04-12 20:29:25.645  4030  4030 D TelephonyNetworkFactory[1]: handleMessage msg={ when=0 what=1 obj=android.os.AsyncResult@353f773 target=com.android.internal.telephony.dataconnection.TelephonyNetworkFactory$InternalHandler }
04-12 20:29:27.479  4030  4620 D SubscriptionController: getSimStateForSlotIndex:  simState=LOADED ordinal=10 slotIndex=1
04-12 20:29:27.479  6013 21155 D SubscriptionManager: getSimStateForSlotIdx: simState=10 slotIndex=1
04-12 20:29:27.492  4030  4620 D GsmCdmaPhone: [1] getDataConnectionState apnType=default ret=CONNECTED
04-12 20:29:27.700  4030  4620 D SubscriptionController: getSimStateForSlotIndex:  simState=LOADED ordinal=10 slotIndex=1
04-12 20:29:27.701  6013 21163 D SubscriptionManager: getSimStateForSlotIdx: simState=10 slotIndex=1
04-12 20:29:27.707  4030  4620 D GsmCdmaPhone: [1] getDataConnectionState apnType=default ret=CONNECTED
04-12 20:29:47.994  3236  3383 E RILC    : currentSignalStrengthInd: Using vendor specific codes to proceed it
04-12 20:29:48.001  3543  3543 D TelephonyManager: getCellLocation - caller PID:3543, UID: 1000, TID: 3543
04-12 20:29:48.004  4030  4030 D SST     : [0] SignalStrength: 18 99 -18 -200 -18 -200 -1 99 -91 -14 -50 5 0 2147483647 18 44 -76 0x3000 P gsm|lte use_rsrp_and_rssnr_for_lte_level  [-128, -118, -108, -98] [-115, -105, -95, -85]
