04-12 20:29:49.172  4030  5891 D RILJ    : [5226]> OEM_HOOK_RAW[118200090000000001] [SUB0]
04-12 20:29:49.174  4030  5891 D RILJ    : [5227]> OEM_HOOK_RAW[118200090000000001] [SUB1]
04-12 20:29:49.175  4030  4216 D RILJ    : [5226]< OEM_HOOK_RAW [B@6179630 [SUB0]
04-12 20:29:49.179  4030  4216 D RILJ    : [5227]< OEM_HOOK_RAW [B@edc2a9 [SUB1]
04-12 20:29:49.465  4030  5891 D RILJ    : [5228]> OEM_HOOK_RAW[118200090100000001] [SUB0]
04-12 20:29:49.468  4030  5891 D RILJ    : [5229]> OEM_HOOK_RAW[118200090100000001] [SUB1]
04-12 20:29:49.471  4030  4216 D RILJ    : [5228]< OEM_HOOK_RAW [B@e41902e [SUB0]
04-12 20:29:49.474  4030  4216 D RILJ    : [5229]< OEM_HOOK_RAW [B@d6c97cf [SUB1]
04-12 20:29:49.895  4030  4030 D DCT-0/1 : Screens all off
04-12 20:29:49.897  4030  4030 D DCT-1/1 : Screens all off
04-12 20:29:49.927  4030  4030 D DCT-0/1 : Screen BUILT_IN on
04-12 20:29:49.927  4030  4030 D DCT-0/1 : stopNetStatPoll
04-12 20:29:49.936  4030  4030 D DCT-0/1 : get all active apn types
04-12 20:29:49.940  4030  4030 D DCT-1/1 : Screen BUILT_IN on
04-12 20:29:49.940  4030  4030 D DCT-1/1 : stopNetStatPoll
04-12 20:29:49.942  4030  4030 D DCT-1/1 : startNetStatPoll
04-12 20:29:49.950  4030  4030 D DCT-1/1 : getRecoveryAction: 0
04-12 20:29:49.950  4030  4030 D DCT-1/1 : restartDataStallAlarm: stop then start.
04-12 20:29:49.951  4030  4030 D DCT-1/1 : stopDataStallAlarm: current tag=27856 mDataStallAlarmIntent=PendingIntent{697e55c: android.os.BinderProxy@7d6ebbd}
04-12 20:29:49.956  4030  4030 D DCT-1/1 : getRecoveryAction: 0
04-12 20:29:49.957  4030  4030 D DCT-1/1 : startDataStallAlarm: tag=27858 delay=60s
04-12 20:29:49.959  4030  4030 D DCT-1/1 : get all active apn types
04-12 20:29:49.960  4030  4030 D GsmCdmaPhone: [1] getDataConnectionState apnType=default ret=CONNECTED
04-12 20:29:49.961  4030  4030 D DefaultPhoneNotifier: subId = 7, DDS = 7
04-12 20:29:49.961  4030  4030 D DCT-1/1 : return link properites for default
04-12 20:29:49.961  4030  4417 D DC-1    : DcActiveState not handled msg.what=REQ_GET_LINK_PROPERTIES
04-12 20:29:49.961  4030  4417 D DC-1    : DcDefault msg=REQ_GET_LINK_PROPERTIES RefCount=1
04-12 20:29:49.961  4030  4417 D DC-1    : REQ_GET_LINK_PROPERTIES linkProperties{InterfaceName: rmnet4 LinkAddresses: [21.14.202.157/24,]  Routes: [0.0.0.0/0 -> 21.14.202.1 rmnet4,] DnsAddresses: [10.10.85.118,10.10.85.119,] UsePrivateDns: false PrivateDnsServerName: null Domains: null MTU: 1500 TcpBufferSizes: 1048576,3145728,4194304,524288,1572864,2097152}
04-12 20:29:49.966  4030  4030 D DCT-1/1 : get active pdp is not null, return NetworkCapabilities for default
04-12 20:29:49.966  4030  4417 D DC-1    : DcActiveState not handled msg.what=REQ_GET_NETWORK_CAPABILITIES
04-12 20:29:49.966  4030  4417 D DC-1    : DcDefault msg=REQ_GET_NETWORK_CAPABILITIES RefCount=1
04-12 20:29:49.967  4030  4417 D DC-1    : isOnlyMMSConnected() = false
04-12 20:29:49.970  4030  4417 D DC-1    : getNetworkCapabilities: [ Transports: CELLULAR Capabilities: MMS&SUPL&INTERNET&NOT_RESTRICTED&TRUSTED&NOT_VPN Unwanted: ]
04-12 20:29:49.970  4030  4417 D DC-1    : REQ_GET_NETWORK_CAPABILITIES networkCapabilities[ Transports: CELLULAR Capabilities: MMS&SUPL&INTERNET&NOT_RESTRICTED&TRUSTED&NOT_VPN&NOT_ROAMING&NOT_CONGESTED Unwanted:  LinkUpBandwidth>=51200Kbps LinkDnBandwidth>=102400Kbps Specifier: <7>]
04-12 20:29:49.971  4030  4030 D DCT-1/1 : isEmergency: result=false
04-12 20:29:50.001  4030  4030 D RILJ    : [5230]> RIL_REQUEST_SET_UNSOLICITED_RESPONSE_FILTER 31 [SUB0]
04-12 20:29:50.005  4030  4030 D RILJ    : [5231]> RIL_REQUEST_SET_UNSOLICITED_RESPONSE_FILTER 31 [SUB1]
04-12 20:29:50.006  4030  4216 D RILJ    : Unsol response received; Sending ack to ril.cpp [SUB0]
04-12 20:29:50.006  4030  4216 D RILJ    : [UNSL]< UNSOL_RESPONSE_NETWORK_STATE_CHANGED [SUB0]
04-12 20:29:50.006  4030  4463 D NetworkRegistrationManager: onNetworkStateChanged
04-12 20:29:50.006  4030  4216 D RILJ    : [5230]< RIL_REQUEST_SET_UNSOLICITED_RESPONSE_FILTER  [SUB0]
04-12 20:29:50.009  4030  4216 D RILJ    : Unsol response received; Sending ack to ril.cpp [SUB1]
04-12 20:29:50.009  4030  4216 D RILJ    : [UNSL]< UNSOL_RESPONSE_NETWORK_STATE_CHANGED [SUB1]
04-12 20:29:50.010  4030  4216 D RILJ    : [5231]< RIL_REQUEST_SET_UNSOLICITED_RESPONSE_FILTER  [SUB1]
04-12 20:29:50.011  4030  4463 D NetworkRegistrationManager: onNetworkStateChanged
04-12 20:29:50.015  4030  4030 D SST     : [0] pollState: modemTriggered=true, RadioState: RADIO_ON
04-12 20:29:50.016  4030  4030 D RILJ    : [5234]> OPERATOR [SUB0]
04-12 20:29:50.017  4030  4030 D NetworkRegistrationManager: getNetworkRegistrationState domain 2
04-12 20:29:50.017  4030  4030 D NetworkRegistrationManager: getNetworkRegistrationState domain 1
04-12 20:29:50.018  4030  4463 D RILJ    : [5235]> DATA_REGISTRATION_STATE [SUB0]
04-12 20:29:50.018  4030  5891 D SubscriptionController: [getActiveSubscriptionInfo]+ subId=7 subInfo= XXX
04-12 20:29:50.019  4030  4030 D RILJ    : [5236]> QUERY_NETWORK_SELECTION_MODE [SUB0]
04-12 20:29:50.019  4030  4030 D SST     : [1] pollState: modemTriggered=true, RadioState: RADIO_ON
04-12 20:29:50.021  4030  4463 D RILJ    : [5237]> VOICE_REGISTRATION_STATE [SUB0]
04-12 20:29:50.021  4030  4216 D use-Rlog/RLOG-IMS-IIL: ImsSecChannelCallback: receive
04-12 20:29:50.021  4030  4216 D use-Rlog/RLOG-IMS-IIL: IpcDispatcher: [Rx]: (M)IPC_IIL_CMD (S)IPC_IIL_SSAC_INFO (T)EVENT l:13
04-12 20:29:50.022  4030  4540 D use-Rlog/RLOG-IMS-IIL: ImsIilManager: handleMessage: event 100
04-12 20:29:50.022  4030  4540 D use-Rlog/RLOG-IMS-IIL: ImsIilManager: handleSSACInfo()
04-12 20:29:50.022  4030  4216 D RILJ    : [5234]< OPERATOR  [SUB0]
04-12 20:29:50.028  4030  4540 D use-Rlog/RLOG-IMS-IIL: ImsCallManager: handleMessage: event 100
04-12 20:29:50.028  4030  4540 D use-Rlog/RLOG-IMS-IIL: ImsSmsManager: handleMessage: event 100
04-12 20:29:50.028  4030  4540 D use-Rlog/RLOG-IMS-IIL: ImsSsManager: handleMessage: event 100
04-12 20:29:50.030  4030  4216 D RILJ    : [5235]< DATA_REGISTRATION_STATE {.base = {.regState = REG_HOME, .rat = 14, .reasonDataDenied = 0, .maxDataCalls = 4, .cellIdentity = {.cellInfoType = LTE, .cellIdentityGsm = [], .cellIdentityWcdma = [], .cellIdentityCdma = [], .cellIdentityLte = [{.base = {.mcc = 432, .mnc = 35, .ci = 44424726, .pci = 132, .tac = 22464, .earfcn = -1}, .operatorNames = {.alphaLong = Irancell, .alphaShort = Irancell}, .bandwidth = 0}], .cellIdentityTdscdma = []}}, .lac = 0, .cid = 44424726, .tac = 22464, .snapshotStatus = 0, .mobileState = 1, .mobileRat = 14, .mobileOptionalRat = 0} [SUB0]
04-12 20:29:50.030  4030  4570 D NetworkRegistrationManager: onGetNetworkRegistrationStateComplete result 0 state NetworkRegistrationState{transportType=1 domain=PS regState=HOME accessNetworkTechnology=LTE reasonForDenial=0 emergencyEnabled=false supportedServices=[I@96bfb48 cellIdentity=CellIdentityLte:{ mCi=44424726 mPci=132 mTac=22464 mEarfcn=-1 mBandwidth=0 mMcc=432 mMnc=35 mAlphaLong=Irancell mAlphaShort=Irancell} voiceSpecificStates=null dataSpecificStates=DataSpecificRegistrationStates { mMaxDataCalls=4 mLac=0 mCid=44424726 mTac=22464 mSnapshotStatus=0 mMobileState=1 mMobileRat=14 mMobileOptionalRat=0 isDcNrRestricted = true isNrAvailable = false isEnDcAvailable = false} nrStatus=NONE}
04-12 20:29:50.031  4030  4030 D RILJ    : [5238]> OPERATOR [SUB1]
04-12 20:29:50.031  4030  4030 D NetworkRegistrationManager: getNetworkRegistrationState domain 2
04-12 20:29:50.031  4030  4030 D NetworkRegistrationManager: getNetworkRegistrationState domain 1
04-12 20:29:50.032  4030  4216 D RILJ    : [5236]< QUERY_NETWORK_SELECTION_MODE {0} [SUB0]
04-12 20:29:50.034  4030  4216 D use-Rlog/RLOG-IMS-IIL: ImsSecChannelCallback: receive
04-12 20:29:50.035  4030  4216 D use-Rlog/RLOG-IMS-IIL: IpcDispatcher2: [Rx]: (M)IPC_IIL_CMD (S)IPC_IIL_SSAC_INFO (T)EVENT l:13
04-12 20:29:50.035  4030  4554 D use-Rlog/RLOG-IMS-IIL: ImsIilManager2: handleMessage: event 100
04-12 20:29:50.035  4030  4554 D use-Rlog/RLOG-IMS-IIL: ImsIilManager2: handleSSACInfo()
04-12 20:29:50.035  4030  4216 D RILJ    : [5238]< OPERATOR  [SUB1]
04-12 20:29:50.035  4030  4463 D RILJ    : [5239]> DATA_REGISTRATION_STATE [SUB1]
04-12 20:29:50.036  4030  4030 D RILJ    : [5240]> QUERY_NETWORK_SELECTION_MODE [SUB1]
04-12 20:29:50.037  4030  4463 D RILJ    : [5241]> VOICE_REGISTRATION_STATE [SUB1]
04-12 20:29:50.038  4030  4216 D RILJ    : [5237]< VOICE_REGISTRATION_STATE {.base = {.regState = REG_HOME, .rat = 14, .cssSupported = false, .roamingIndicator = 0, .systemIsInPrl = 0, .defaultRoamingIndicator = 0, .reasonForDenial = 0, .cellIdentity = {.cellInfoType = LTE, .cellIdentityGsm = [], .cellIdentityWcdma = [], .cellIdentityCdma = [], .cellIdentityLte = [{.base = {.mcc = 432, .mnc = 35, .ci = 44424726, .pci = 132, .tac = 22464, .earfcn = -1}, .operatorNames = {.alphaLong = Irancell, .alphaShort = Irancell}, .bandwidth = 0}], .cellIdentityTdscdma = []}}, .lac = 22464, .cid = 44424726, .psVoiceSupport = 1, .imsEmergencyCallSupport = 2, .imsEmergencyCallBarring = 0, .mobileState = 1, .mobileRat = 14, .isPsOnlyReg = false} [SUB0]
04-12 20:29:50.038  4030  4570 D NetworkRegistrationManager: onGetNetworkRegistrationStateComplete result 0 state NetworkRegistrationState{transportType=1 domain=CS regState=HOME accessNetworkTechnology=LTE reasonForDenial=0 emergencyEnabled=false supportedServices=[I@b59b71d cellIdentity=CellIdentityLte:{ mCi=44424726 mPci=132 mTac=22464 mEarfcn=-1 mBandwidth=0 mMcc=432 mMnc=35 mAlphaLong=Irancell mAlphaShort=Irancell} voiceSpecificStates=VoiceSpecificRegistrationStates { mCssSupported=false mRoamingIndicator=0 mSystemIsInPrl=0 mDefaultRoamingIndicator=0 mLac=22464 mCid=44424726 mPsVoiceSupport1 mImsEmergencyCallSupport2 mImsEmergencyCallBarring0 mMobileState1 mMobileRat14 mIsPsOnlyRegfalse} dataSpecificStates=null nrStatus=NONE}
04-12 20:29:50.041  4030  4030 E SST     : [0] Invalid LTE Bandwidth in RegistrationState, 0
04-12 20:29:50.042  4030  4030 D SST     : [0] handlPollStateResultMessage: GsmSST dataServiceState=0 regState=1 dataRadioTechnology=14
04-12 20:29:50.042  4030  4030 D SST     : [0] EVENT_POLL_STATE_NETWORK_SELECTION_MODE
04-12 20:29:50.043  4030  4554 D use-Rlog/RLOG-IMS-IIL: ImsCallManager2: handleMessage: event 100
04-12 20:29:50.043  4030  4554 D use-Rlog/RLOG-IMS-IIL: ImsSmsManager2: handleMessage: event 100
04-12 20:29:50.043  4030  4554 D use-Rlog/RLOG-IMS-IIL: ImsSsManager2: handleMessage: event 100
04-12 20:29:50.044  4030  4030 E SST     : [0] Invalid LTE Bandwidth in RegistrationState, 0
04-12 20:29:50.044  4030  4030 D SST     : [0] KnoxGuard: mPhone.mPhoneId: 0, reasonForDenial: 0
04-12 20:29:50.044  4030  4030 D SST     : [0] KnoxGuard: setNetRegistRejectCause() ret : 0
04-12 20:29:50.044  4030  4030 D SST     : [0] Use Data TAC for CellLocation LAC (Voice: LTE)
04-12 20:29:50.044  4030  4030 D SST     : [0] Use Voice CID for CellLocation CID
04-12 20:29:50.045  4030  4030 D SST     : [0] handlPollVoiceRegResultMessage: regState=1 radioTechnology=14
04-12 20:29:50.046  4030  4216 D RILJ    : [5239]< DATA_REGISTRATION_STATE {.base = {.regState = REG_HOME, .rat = 19, .reasonDataDenied = 0, .maxDataCalls = 4, .cellIdentity = {.cellInfoType = LTE, .cellIdentityGsm = [], .cellIdentityWcdma = [], .cellIdentityCdma = [], .cellIdentityLte = [{.base = {.mcc = 432, .mnc = 11, .ci = 23226120, .pci = 158, .tac = 45215, .earfcn = -1}, .operatorNames = {.alphaLong = IR-MCI, .alphaShort = IR-MCI}, .bandwidth = 0}], .cellIdentityTdscdma = []}}, .lac = 0, .cid = 23226120, .tac = 45215, .snapshotStatus = 0, .mobileState = 1, .mobileRat = 14, .mobileOptionalRat = 0} [SUB1]
04-12 20:29:50.047  4030  4030 D SST     : [0] setRoamingType: currentRoamingType = 0
04-12 20:29:50.047  4030  4571 D NetworkRegistrationManager: onGetNetworkRegistrationStateComplete result 0 state NetworkRegistrationState{transportType=1 domain=PS regState=HOME accessNetworkTechnology=LTE_CA reasonForDenial=0 emergencyEnabled=false supportedServices=[I@86bfd92 cellIdentity=CellIdentityLte:{ mCi=23226120 mPci=158 mTac=45215 mEarfcn=-1 mBandwidth=0 mMcc=432 mMnc=11 mAlphaLong=IR-MCI mAlphaShort=IR-MCI} voiceSpecificStates=null dataSpecificStates=DataSpecificRegistrationStates { mMaxDataCalls=4 mLac=0 mCid=23226120 mTac=45215 mSnapshotStatus=0 mMobileState=1 mMobileRat=14 mMobileOptionalRat=0 isDcNrRestricted = true isNrAvailable = false isEnDcAvailable = false} nrStatus=NONE}
04-12 20:29:50.047  4030  4030 D SST     : [0] Update LteImsVoiceAvail: 1
04-12 20:29:50.047  4030  4030 D SST     : [0] Poll ServiceState done: oldSS=[{mVoiceRegState=0(IN_SERVICE), mDataRegState=0(IN_SERVICE), mChannelNumber=-1, duplexMode()=0, mCellBandwidths=[], mVoiceRoamingType=home, mDataRoamingType=home, isManualNetworkSelection=false(automatic), mRilVoiceRadioTechnology=14(LTE), mRilDataRadioTechnology=14(LTE), mCssIndicator=unsupported, mCdmaRoamingIndicator=-1, mCdmaDefaultRoamingIndicator=-1, VoiceRegType=0, ImsVoiceAvail=1, IsEbSupport=2, IsEaBarred=0, Snap=0, MobileVoice=IN_SERVICE, MobileVoiceRat=LTE, MobileData=IN_SERVICE, MobileDataRoamingType=home, MobileDataRat=LTE PsOnly=false FemtocellInd=0 EndcStatus=0 RestrictDcnr=1 NrBearerStatus=0, mIsEmergencyOnly=false, mIsDataRoamingFromRegistration=false, mIsUsingCarrierAggregation=false, mLteEarfcnRsrpBoost=0, mNetworkRegistrationStates=[NetworkRegistrationState{transportType=1 domain=PS regState=HOME accessNetworkTechnology=LTE reasonForDenial=0 emergencyEnabled=false supportedServices=[I@bf11939 cellIdentity=CellIdentityLte:{ mCi=44424726 mPci=132 mTac=22464 mEarfcn=-1 mBandwidth=0 mMcc=432 mMnc=35 mAlphaLong=Irancell mAlphaShort=Irancell} voiceSpecificStates=null dataSpecificStates=DataSpecificRegistrationStates { mMaxDataCalls=4 mLac=0 mCid=44424726 mTac=22464 mSnapshotStatus=0 mMobileState=1 mMobileRat=14 mMobileOptionalRat=0 isDcNrRestricted = true isNrAvailable = false isEnDcAvailable = false} nrStatus=NONE}, NetworkRegistrationState{transportType=1 domain=CS regState=HOME accessNetworkTechnology=LTE reasonForDenial=0 emergencyEnabled=false supportedServices=[I@66d4b7e cellIdentity=CellIdentityLte:{ mCi=44424726 mPci=132 mTac=22464 mEarfcn=-1 mBandwidth=0 mMcc=432 mMnc=35 mAlphaLong=Irancell mAlphaShort=Irancell} voiceSpecificStates=VoiceSpecificRegistrationStates { mCssSupported=false mRoamingIndicator=0 mSystemIsInPrl=0 mDefaultRoamingIndicator=0 mLac=22464 mCid=44424726 mPsVoiceSupport1 mImsEmergencyCallSupport2 mImsEmergencyCallBarring0 mMobileState1 mMobileRat14 mIsPsOnlyRegfalse} dataSpecificStates=null nrStatus=NONE}], mNrFrequencyRange=-1}]
04-12 20:29:50.047  4030  4030 D SST     : [0] Poll ServiceState done: newSS=[{mVoiceRegState=0(IN_SERVICE), mDataRegState=0(IN_SERVICE), mChannelNumber=-1, duplexMode()=0, mCellBandwidths=[], mVoiceRoamingType=home, mDataRoamingType=home, isManualNetworkSelection=false(automatic), mRilVoiceRadioTechnology=14(LTE), mRilDataRadioTechnology=14(LTE), mCssIndicator=unsupported, mCdmaRoamingIndicator=-1, mCdmaDefaultRoamingIndicator=-1, VoiceRegType=0, ImsVoiceAvail=1, IsEbSupport=2, IsEaBarred=0, Snap=0, MobileVoice=IN_SERVICE, MobileVoiceRat=LTE, MobileData=IN_SERVICE, MobileDataRoamingType=home, MobileDataRat=LTE PsOnly=false FemtocellInd=0 EndcStatus=0 RestrictDcnr=1 NrBearerStatus=0, mIsEmergencyOnly=false, mIsDataRoamingFromRegistration=false, mIsUsingCarrierAggregation=false, mLteEarfcnRsrpBoost=0, mNetworkRegistrationStates=[NetworkRegistrationState{transportType=1 domain=PS regState=HOME accessNetworkTechnology=LTE reasonForDenial=0 emergencyEnabled=false supportedServices=[I@96bfb48 cellIdentity=CellIdentityLte:{ mCi=44424726 mPci=132 mTac=22464 mEarfcn=-1 mBandwidth=0 mMcc=432 mMnc=35 mAlphaLong=Irancell mAlphaShort=Irancell} voiceSpecificStates=null dataSpecificStates=DataSpecificRegistrationStates { mMaxDataCalls=4 mLac=0 mCid=44424726 mTac=22464 mSnapshotStatus=0 mMobileState=1 mMobileRat=14 mMobileOptionalRat=0 isDcNrRestricted = true isNrAvailable = false isEnDcAvailable = false} nrStatus=NONE}, NetworkRegistrationState{transportType=1 domain=CS regState=HOME accessNetworkTechnology=LTE reasonForDenial=0 emergencyEnabled=false supportedServices=[I@b59b71d cellIdentity=CellIdentityLte:{ mCi=44424726 mPci=132 mTac=22464 mEarfcn=-1 mBandwidth=0 mMcc=432 mMnc=35 mAlphaLong=Irancell mAlphaShort=Irancell} voiceSpecificStates=VoiceSpecificRegistrationStates { mCssSupported=false mRoamingIndicator=0 mSystemIsInPrl=0 mDefaultRoamingIndicator=0 mLac=22464 mCid=44424726 mPsVoiceSupport1 mImsEmergencyCallSupport2 mImsEmergencyCallBarring0 mMobileState1 mMobileRat14 mIsPsOnlyRegfalse} dataSpecificStates=null nrStatus=NONE}], mNrFrequencyRange=-1}]
04-12 20:29:50.047  4030  4030 D SST     : [0] oldMaxDataCalls=4 mNewMaxDataCalls=4 oldReasonDataDenied=0 mNewReasonDataDenied=0
04-12 20:29:50.048  4030  4030 D SST     : [0] KnoxGuard. mRejectCode: 0, mNewRejectCode: 0
04-12 20:29:50.049  4030  4030 D SST     : [0] pollStateDone: hasRegistered=false hasDeregistered=false hasDataAttached=false hasDataDetached=false hasDataRegStateChanged=false hasRilVoiceRadioTechnologyChanged= false hasRilDataRadioTechnologyChanged=false hasChanged=false hasVoiceRoamingOn=false hasVoiceRoamingOff=false hasDataRoamingOn=false hasDataRoamingOff=false hasLocationChanged=false has4gHandoff = false hasMultiApnSupport=false hasLostMultiApnSupport=false hasCssIndicatorChanged=false
04-12 20:29:50.049  4030  4030 E SST     : [1] Invalid LTE Bandwidth in RegistrationState, 0
04-12 20:29:50.049  4030  4030 D SST     : [1] handlPollStateResultMessage: GsmSST dataServiceState=0 regState=1 dataRadioTechnology=19
04-12 20:29:50.050  4030  4030 D SST     : [1] EVENT_POLL_STATE_NETWORK_SELECTION_MODE
04-12 20:29:50.050  4030  4216 D RILJ    : [5240]< QUERY_NETWORK_SELECTION_MODE {0} [SUB1]
04-12 20:29:50.055  4030  4216 D RILJ    : [5241]< VOICE_REGISTRATION_STATE {.base = {.regState = REG_HOME, .rat = 19, .cssSupported = false, .roamingIndicator = 0, .systemIsInPrl = 0, .defaultRoamingIndicator = 0, .reasonForDenial = 0, .cellIdentity = {.cellInfoType = LTE, .cellIdentityGsm = [], .cellIdentityWcdma = [], .cellIdentityCdma = [], .cellIdentityLte = [{.base = {.mcc = 432, .mnc = 11, .ci = 23226120, .pci = 158, .tac = 45215, .earfcn = -1}, .operatorNames = {.alphaLong = IR-MCI, .alphaShort = IR-MCI}, .bandwidth = 0}], .cellIdentityTdscdma = []}}, .lac = 45215, .cid = 23226120, .psVoiceSupport = 2, .imsEmergencyCallSupport = 2, .imsEmergencyCallBarring = 0, .mobileState = 1, .mobileRat = 14, .isPsOnlyReg = false} [SUB1]
04-12 20:29:50.055  4030  4571 D NetworkRegistrationManager: onGetNetworkRegistrationStateComplete result 0 state NetworkRegistrationState{transportType=1 domain=CS regState=HOME accessNetworkTechnology=LTE_CA reasonForDenial=0 emergencyEnabled=false supportedServices=[I@e29a363 cellIdentity=CellIdentityLte:{ mCi=23226120 mPci=158 mTac=45215 mEarfcn=-1 mBandwidth=0 mMcc=432 mMnc=11 mAlphaLong=IR-MCI mAlphaShort=IR-MCI} voiceSpecificStates=VoiceSpecificRegistrationStates { mCssSupported=false mRoamingIndicator=0 mSystemIsInPrl=0 mDefaultRoamingIndicator=0 mLac=45215 mCid=23226120 mPsVoiceSupport2 mImsEmergencyCallSupport2 mImsEmergencyCallBarring0 mMobileState1 mMobileRat14 mIsPsOnlyRegfalse} dataSpecificStates=null nrStatus=NONE}
04-12 20:29:50.055  4030  4030 E SST     : [1] Invalid LTE Bandwidth in RegistrationState, 0
04-12 20:29:50.055  4030  4030 D SST     : [1] KnoxGuard: mPhone.mPhoneId: 1, reasonForDenial: 0
04-12 20:29:50.056  4030  4030 D SST     : [1] KnoxGuard: setNetRegistRejectCause() ret : 0
04-12 20:29:50.056  4030  4030 D SST     : [1] Use Data TAC for CellLocation LAC (Voice: LTE)
04-12 20:29:50.056  4030  4030 D SST     : [1] Use Voice CID for CellLocation CID
04-12 20:29:50.056  4030  4030 D SST     : [1] handlPollVoiceRegResultMessage: regState=1 radioTechnology=19
04-12 20:29:50.058  4030  4030 D SST     : [1] setRoamingType: currentRoamingType = 0
04-12 20:29:50.059  4030  4030 D SST     : [1] Update LteImsVoiceAvail: 2
04-12 20:29:50.059  4030  4030 D SST     : [1] Poll ServiceState done: oldSS=[{mVoiceRegState=0(IN_SERVICE), mDataRegState=0(IN_SERVICE), mChannelNumber=-1, duplexMode()=0, mCellBandwidths=[], mVoiceRoamingType=home, mDataRoamingType=home, isManualNetworkSelection=false(automatic), mRilVoiceRadioTechnology=14(LTE), mRilDataRadioTechnology=14(LTE), mCssIndicator=unsupported, mCdmaRoamingIndicator=-1, mCdmaDefaultRoamingIndicator=-1, VoiceRegType=0, ImsVoiceAvail=2, IsEbSupport=2, IsEaBarred=0, Snap=0, MobileVoice=IN_SERVICE, MobileVoiceRat=LTE, MobileData=IN_SERVICE, MobileDataRoamingType=home, MobileDataRat=LTE PsOnly=false FemtocellInd=0 EndcStatus=0 RestrictDcnr=1 NrBearerStatus=0, mIsEmergencyOnly=false, mIsDataRoamingFromRegistration=false, mIsUsingCarrierAggregation=true, mLteEarfcnRsrpBoost=0, mNetworkRegistrationStates=[NetworkRegistrationState{transportType=1 domain=PS regState=HOME accessNetworkTechnology=LTE_CA reasonForDenial=0 emergencyEnabled=false supportedServices=[I@6d821c4 cellIdentity=CellIdentityLte:{ mCi=23226120 mPci=158 mTac=45215 mEarfcn=-1 mBandwidth=0 mMcc=432 mMnc=11 mAlphaLong=IR-MCI mAlphaShort=IR-MCI} voiceSpecificStates=null dataSpecificStates=DataSpecificRegistrationStates { mMaxDataCalls=4 mLac=0 mCid=23226120 mTac=45215 mSnapshotStatus=0 mMobileState=1 mMobileRat=14 mMobileOptionalRat=0 isDcNrRestricted = true isNrAvailable = false isEnDcAvailable = false} nrStatus=NONE}, NetworkRegistrationState{transportType=1 domain=CS regState=HOME accessNetworkTechnology=LTE_CA reasonForDenial=0 emergencyEnabled=false supportedServices=[I@5e848ad cellIdentity=CellIdentityLte:{ mCi=23226120 mPci=158 mTac=45215 mEarfcn=-1 mBandwidth=0 mMcc=432 mMnc=11 mAlphaLong=IR-MCI mAlphaShort=IR-MCI} voiceSpecificStates=VoiceSpecificRegistrationStates { mCssSupported=false mRoamingIndicator=0 mSystemIsInPrl=0 mDefaultRoamingIndicator=0 mLac=45215 mCid=23226120 mPsVoiceSupport2 mImsEmergencyCallSupport2 mImsEmergencyCallBarring0 mMobileState1 mMobileRat14 mIsPsOnlyRegfalse} dataSpecificStates=null nrStatus=NONE}], mNrFrequencyRange=-1}]
04-12 20:29:50.059  4030  4030 D SST     : [1] Poll ServiceState done: newSS=[{mVoiceRegState=0(IN_SERVICE), mDataRegState=0(IN_SERVICE), mChannelNumber=-1, duplexMode()=0, mCellBandwidths=[], mVoiceRoamingType=home, mDataRoamingType=home, isManualNetworkSelection=false(automatic), mRilVoiceRadioTechnology=14(LTE), mRilDataRadioTechnology=14(LTE), mCssIndicator=unsupported, mCdmaRoamingIndicator=-1, mCdmaDefaultRoamingIndicator=-1, VoiceRegType=0, ImsVoiceAvail=2, IsEbSupport=2, IsEaBarred=0, Snap=0, MobileVoice=IN_SERVICE, MobileVoiceRat=LTE, MobileData=IN_SERVICE, MobileDataRoamingType=home, MobileDataRat=LTE PsOnly=false FemtocellInd=0 EndcStatus=0 RestrictDcnr=1 NrBearerStatus=0, mIsEmergencyOnly=false, mIsDataRoamingFromRegistration=false, mIsUsingCarrierAggregation=true, mLteEarfcnRsrpBoost=0, mNetworkRegistrationStates=[NetworkRegistrationState{transportType=1 domain=PS regState=HOME accessNetworkTechnology=LTE_CA reasonForDenial=0 emergencyEnabled=false supportedServices=[I@86bfd92 cellIdentity=CellIdentityLte:{ mCi=23226120 mPci=158 mTac=45215 mEarfcn=-1 mBandwidth=0 mMcc=432 mMnc=11 mAlphaLong=IR-MCI mAlphaShort=IR-MCI} voiceSpecificStates=null dataSpecificStates=DataSpecificRegistrationStates { mMaxDataCalls=4 mLac=0 mCid=23226120 mTac=45215 mSnapshotStatus=0 mMobileState=1 mMobileRat=14 mMobileOptionalRat=0 isDcNrRestricted = true isNrAvailable = false isEnDcAvailable = false} nrStatus=NONE}, NetworkRegistrationState{transportType=1 domain=CS regState=HOME accessNetworkTechnology=LTE_CA reasonForDenial=0 emergencyEnabled=false supportedServices=[I@e29a363 cellIdentity=CellIdentityLte:{ mCi=23226120 mPci=158 mTac=45215 mEarfcn=-1 mBandwidth=0 mMcc=432 mMnc=11 mAlphaLong=IR-MCI mAlphaShort=IR-MCI} voiceSpecificStates=VoiceSpecificRegistrationStates { mCssSupported=false mRoamingIndicator=0 mSystemIsInPrl=0 mDefaultRoamingIndicator=0 mLac=45215 mCid=23226120 mPsVoiceSupport2 mImsEmergencyCallSupport2 mImsEmergencyCallBarring0 mMobileState1 mMobileRat14 mIsPsOnlyRegfalse} dataSpecificStates=null nrStatus=NONE}], mNrFrequencyRange=-1}]
04-12 20:29:50.059  4030  4030 D SST     : [1] oldMaxDataCalls=4 mNewMaxDataCalls=4 oldReasonDataDenied=0 mNewReasonDataDenied=0
04-12 20:29:50.059  4030  4030 D SST     : [1] KnoxGuard. mRejectCode: 0, mNewRejectCode: 0
04-12 20:29:50.061  4030  4030 D SST     : [1] pollStateDone: hasRegistered=false hasDeregistered=false hasDataAttached=false hasDataDetached=false hasDataRegStateChanged=false hasRilVoiceRadioTechnologyChanged= false hasRilDataRadioTechnologyChanged=false hasChanged=false hasVoiceRoamingOn=false hasVoiceRoamingOff=false hasDataRoamingOn=false hasDataRoamingOff=false hasLocationChanged=false has4gHandoff = false hasMultiApnSupport=false hasLostMultiApnSupport=false hasCssIndicatorChanged=false
04-12 20:29:50.185  3237  3354 E RILC    : currentSignalStrengthInd: Using vendor specific codes to proceed it
04-12 20:29:50.327  4030  4030 D RILJ    : [5242]> RIL_REQUEST_GET_ALLOWED_CARRIERS [SUB0]
04-12 20:29:50.332  4030  4216 D RILJ    : [5242]< RIL_REQUEST_GET_ALLOWED_CARRIERS error 6 [SUB0]
04-12 20:29:50.336  4030  4216 D RilRequest: [5242]< RIL_REQUEST_GET_ALLOWED_CARRIERS error: com.android.internal.telephony.CommandException: REQUEST_NOT_SUPPORTED ret=[]
04-12 20:29:50.351  4030  4030 D RILJ    : [5243]> RIL_REQUEST_GET_ALLOWED_CARRIERS [SUB0]
04-12 20:29:50.352  4030  4216 D RILJ    : [5243]< RIL_REQUEST_GET_ALLOWED_CARRIERS error 6 [SUB0]
04-12 20:29:50.352  4030  4216 D RilRequest: [5243]< RIL_REQUEST_GET_ALLOWED_CARRIERS error: com.android.internal.telephony.CommandException: REQUEST_NOT_SUPPORTED ret=[]
04-12 20:29:50.553  3236  3383 E RILC    : currentSignalStrengthInd: Using vendor specific codes to proceed it
04-12 20:29:50.560  4030  4030 D SST     : [0] SignalStrength: 18 99 -18 -200 -18 -200 -1 99 -89 -14 10 5 0 2147483647 18 44 -76 0x4000 P gsm|lte use_rsrp_and_rssnr_for_lte_level  [-128, -118, -108, -98] [-115, -105, -95, -85]
04-12 20:29:50.564  3543  3543 D TelephonyManager: getCellLocation - caller PID:3543, UID: 1000, TID: 3543
04-12 20:29:51.817  3237  3354 E RILC    : currentSignalStrengthInd: Using vendor specific codes to proceed it
04-12 20:29:53.023  3236  3530 E RILD    : Reader: TIMEOUT
04-12 20:29:53.040  3237  3532 E RILD2   : Reader: TIMEOUT
04-12 20:29:53.118  3236  3383 E RILC    : currentSignalStrengthInd: Using vendor specific codes to proceed it
04-12 20:29:53.126  3543  3543 D TelephonyManager: getCellLocation - caller PID:3543, UID: 1000, TID: 3543
04-12 20:29:53.238  4030  4639 D SubscriptionController: getSimStateForSlotIndex:  simState=LOADED ordinal=10 slotIndex=1
04-12 20:29:53.239 10342 10342 D SubscriptionManager: getSimStateForSlotIdx: simState=10 slotIndex=1
04-12 20:29:53.603  4030  4639 D SubscriptionController: getSimStateForSlotIndex:  simState=LOADED ordinal=10 slotIndex=1
04-12 20:29:53.603  6013 21156 D SubscriptionManager: getSimStateForSlotIdx: simState=10 slotIndex=1
04-12 20:29:53.610  4030  4639 D GsmCdmaPhone: [1] getDataConnectionState apnType=default ret=CONNECTED
04-12 20:29:54.667  4030  4639 D SubscriptionController: getSimStateForSlotIndex:  simState=LOADED ordinal=10 slotIndex=1
04-12 20:29:54.668 10342 10342 D SubscriptionManager: getSimStateForSlotIdx: simState=10 slotIndex=1
04-12 20:29:55.252  4030  4639 D SubscriptionController: getSimStateForSlotIndex:  simState=LOADED ordinal=10 slotIndex=1
04-12 20:29:55.253  6013 21149 D SubscriptionManager: getSimStateForSlotIdx: simState=10 slotIndex=1
04-12 20:29:55.259  4030  4639 D GsmCdmaPhone: [1] getDataConnectionState apnType=default ret=CONNECTED
04-12 20:29:55.672  4030  4639 D SubscriptionController: getSimStateForSlotIndex:  simState=LOADED ordinal=10 slotIndex=1
04-12 20:29:55.672  6013 21155 D SubscriptionManager: getSimStateForSlotIdx: simState=10 slotIndex=1
04-12 20:29:55.679  4030  4639 D GsmCdmaPhone: [1] getDataConnectionState apnType=default ret=CONNECTED
04-12 20:29:56.163  4030  4030 D TelephonyNetworkFactory[1]: got request NetworkRequest [ TRACK_DEFAULT id=1518, [ Capabilities: INTERNET&NOT_RESTRICTED&TRUSTED Unwanted:  Uid: 10703] ] with score 101
04-12 20:29:56.164  4030  4030 D TelephonyNetworkFactory[1]:   my score=50, my filter=[ Transports: CELLULAR Capabilities: MMS&SUPL&DUN&FOTA&IMS&CBS&IA&RCS&XCAP&EIMS&INTERNET&NOT_RESTRICTED&TRUSTED&NOT_VPN&ENT1&FOC&MCX&BIP Unwanted:  Specifier: <7>]
04-12 20:29:56.164  4030  4030 D TelephonyNetworkFactory[1]: evalRequest
04-12 20:29:56.164  4030  4030 D TelephonyNetworkFactory[1]:   done
04-12 20:29:56.164  4030  4030 D TelephonyNetworkFactory[0]: got request NetworkRequest [ TRACK_DEFAULT id=1518, [ Capabilities: INTERNET&NOT_RESTRICTED&TRUSTED Unwanted:  Uid: 10703] ] with score 101
04-12 20:29:56.164  4030  4030 D TelephonyNetworkFactory[0]:   my score=50, my filter=[ Transports: CELLULAR Capabilities: MMS&SUPL&DUN&FOTA&IMS&CBS&IA&RCS&XCAP&EIMS&INTERNET&NOT_RESTRICTED&TRUSTED&NOT_VPN&ENT1&FOC&MCX&BIP Unwanted:  Specifier: <4>]
04-12 20:29:56.164  4030  4030 D TelephonyNetworkFactory[0]: evalRequest
04-12 20:29:56.164  4030  4030 D TelephonyNetworkFactory[0]:   done
04-12 20:29:56.165  4030  4030 D DDS-PhoneSwitcher: handleMessage msg={ when=-1ms what=103 obj=NetworkRequest [ TRACK_DEFAULT id=1518, [ Capabilities: INTERNET&NOT_RESTRICTED&TRUSTED Unwanted:  Uid: 10703] ] target=com.android.internal.telephony.PhoneSwitcher }
04-12 20:29:56.165  4030  4030 D DDS-PhoneSwitcher: evaluating due to netRequest
04-12 20:29:56.165  4030  4030 D DDS-PhoneSwitcher: checkDdsPrecondition : Request : NetworkRequest [ TRACK_DEFAULT id=8, [ Capabilities: INTERNET&NOT_RESTRICTED&TRUSTED Unwanted:  Uid: 1000] ]
04-12 20:29:56.166  4030  4030 D DDS-PhoneSwitcher: checkDdsPrecondition : spPhoneId = 1, mDefaultDataPhoneId = 1, mDataCrossPhoneId = -1, mDataCrossState = NONE
04-12 20:29:56.166  4030  4030 D DDS-PhoneSwitcher: activate 1
04-12 20:29:56.166  4030  4030 D TelephonyNetworkFactory[1]: handleMessage msg={ when=0 what=1 obj=android.os.AsyncResult@914eb60 target=com.android.internal.telephony.dataconnection.TelephonyNetworkFactory$InternalHandler }
04-12 20:29:56.329  4030  4030 D TelephonyNetworkFactory[1]: got request NetworkRequest [ TRACK_DEFAULT id=1519, [ Capabilities: INTERNET&NOT_RESTRICTED&TRUSTED Unwanted:  Uid: 5009] ] with score 101
04-12 20:29:56.330  4030  4030 D TelephonyNetworkFactory[1]:   my score=50, my filter=[ Transports: CELLULAR Capabilities: MMS&SUPL&DUN&FOTA&IMS&CBS&IA&RCS&XCAP&EIMS&INTERNET&NOT_RESTRICTED&TRUSTED&NOT_VPN&ENT1&FOC&MCX&BIP Unwanted:  Specifier: <7>]
04-12 20:29:56.330  4030  4030 D TelephonyNetworkFactory[1]: evalRequest
04-12 20:29:56.330  4030  4030 D TelephonyNetworkFactory[1]:   done
04-12 20:29:56.330  4030  4030 D TelephonyNetworkFactory[0]: got request NetworkRequest [ TRACK_DEFAULT id=1519, [ Capabilities: INTERNET&NOT_RESTRICTED&TRUSTED Unwanted:  Uid: 5009] ] with score 101
04-12 20:29:56.330  4030  4030 D TelephonyNetworkFactory[0]:   my score=50, my filter=[ Transports: CELLULAR Capabilities: MMS&SUPL&DUN&FOTA&IMS&CBS&IA&RCS&XCAP&EIMS&INTERNET&NOT_RESTRICTED&TRUSTED&NOT_VPN&ENT1&FOC&MCX&BIP Unwanted:  Specifier: <4>]
04-12 20:29:56.330  4030  4030 D TelephonyNetworkFactory[0]: evalRequest
04-12 20:29:56.330  4030  4030 D TelephonyNetworkFactory[0]:   done
04-12 20:29:56.330  4030  4030 D DDS-PhoneSwitcher: handleMessage msg={ when=0 what=103 obj=NetworkRequest [ TRACK_DEFAULT id=1519, [ Capabilities: INTERNET&NOT_RESTRICTED&TRUSTED Unwanted:  Uid: 5009] ] target=com.android.internal.telephony.PhoneSwitcher }
04-12 20:29:56.331  4030  4030 D DDS-PhoneSwitcher: evaluating due to netRequest
04-12 20:29:56.331  4030  4030 D DDS-PhoneSwitcher: checkDdsPrecondition : Request : NetworkRequest [ TRACK_DEFAULT id=8, [ Capabilities: INTERNET&NOT_RESTRICTED&TRUSTED Unwanted:  Uid: 1000] ]
04-12 20:29:56.331  4030  4030 D DDS-PhoneSwitcher: checkDdsPrecondition : spPhoneId = 1, mDefaultDataPhoneId = 1, mDataCrossPhoneId = -1, mDataCrossState = NONE
04-12 20:29:56.332  4030  4030 D DDS-PhoneSwitcher: activate 1
04-12 20:29:56.333  4030  4030 D TelephonyNetworkFactory[1]: handleMessage msg={ when=0 what=1 obj=android.os.AsyncResult@9dfa819 target=com.android.internal.telephony.dataconnection.TelephonyNetworkFactory$InternalHandler }
04-12 20:29:56.733  4030  4639 D SubscriptionController: [getPhoneId] asked for default subId=7
04-12 20:29:56.968  4030  4030 D RILJ    : [5244]> RIL_REQUEST_GET_ACTIVITY_INFO [SUB0]
04-12 20:29:56.973  4030  4216 D RILJ    : [5244]< RIL_REQUEST_GET_ACTIVITY_INFO ModemActivityInfo{ mTimestamp=82352362 mSleepTimeMs=50527 mIdleTimeMs=0 mTxTimeMs[]=[0, 0, 0, 0, 0] mRxTimeMs=502800 mEnergyUsed=0} [SUB0]
04-12 20:29:59.073  4030  4030 D TelephonyNetworkFactory[0]: got request NetworkRequest [ TRACK_DEFAULT id=1521, [ Capabilities: INTERNET&NOT_RESTRICTED&TRUSTED Unwanted:  Uid: 10120] ] with score 101
04-12 20:29:59.073  4030  4030 D TelephonyNetworkFactory[0]:   my score=50, my filter=[ Transports: CELLULAR Capabilities: MMS&SUPL&DUN&FOTA&IMS&CBS&IA&RCS&XCAP&EIMS&INTERNET&NOT_RESTRICTED&TRUSTED&NOT_VPN&ENT1&FOC&MCX&BIP Unwanted:  Specifier: <4>]
04-12 20:29:59.073  4030  4030 D TelephonyNetworkFactory[0]: evalRequest
04-12 20:29:59.073  4030  4030 D TelephonyNetworkFactory[0]:   done
04-12 20:29:59.073  4030  4030 D TelephonyNetworkFactory[1]: got request NetworkRequest [ TRACK_DEFAULT id=1521, [ Capabilities: INTERNET&NOT_RESTRICTED&TRUSTED Unwanted:  Uid: 10120] ] with score 101
04-12 20:29:59.073  4030  4030 D TelephonyNetworkFactory[1]:   my score=50, my filter=[ Transports: CELLULAR Capabilities: MMS&SUPL&DUN&FOTA&IMS&CBS&IA&RCS&XCAP&EIMS&INTERNET&NOT_RESTRICTED&TRUSTED&NOT_VPN&ENT1&FOC&MCX&BIP Unwanted:  Specifier: <7>]
04-12 20:29:59.073  4030  4030 D TelephonyNetworkFactory[1]: evalRequest
04-12 20:29:59.074  4030  4030 D TelephonyNetworkFactory[1]:   done
04-12 20:29:59.074  4030  4030 D DDS-PhoneSwitcher: handleMessage msg={ when=-1ms what=103 obj=NetworkRequest [ TRACK_DEFAULT id=1521, [ Capabilities: INTERNET&NOT_RESTRICTED&TRUSTED Unwanted:  Uid: 10120] ] target=com.android.internal.telephony.PhoneSwitcher }
04-12 20:29:59.074  4030  4030 D DDS-PhoneSwitcher: evaluating due to netRequest
04-12 20:29:59.074  4030  4030 D DDS-PhoneSwitcher: checkDdsPrecondition : Request : NetworkRequest [ TRACK_DEFAULT id=8, [ Capabilities: INTERNET&NOT_RESTRICTED&TRUSTED Unwanted:  Uid: 1000] ]
04-12 20:29:59.075  4030  4030 D DDS-PhoneSwitcher: checkDdsPrecondition : spPhoneId = 1, mDefaultDataPhoneId = 1, mDataCrossPhoneId = -1, mDataCrossState = NONE
04-12 20:29:59.075  4030  4030 D DDS-PhoneSwitcher: activate 1
04-12 20:29:59.076  4030  4030 D TelephonyNetworkFactory[1]: handleMessage msg={ when=0 what=1 obj=android.os.AsyncResult@5c860de target=com.android.internal.telephony.dataconnection.TelephonyNetworkFactory$InternalHandler }
04-12 20:30:03.903  4030  4639 D SubscriptionController: getSimStateForSlotIndex:  simState=LOADED ordinal=10 slotIndex=1
04-12 20:30:03.903  6013 21163 D SubscriptionManager: getSimStateForSlotIdx: simState=10 slotIndex=1
04-12 20:30:03.911  4030  4639 D GsmCdmaPhone: [1] getDataConnectionState apnType=default ret=CONNECTED
04-12 20:30:04.151  4030  6811 D SmsApplication: onPackageChanged: run
04-12 20:30:04.194  4030  6811 D SmsApplication: onPackageChanged: end
04-12 20:30:04.661  4030  4030 D DDS-PhoneSwitcher: handleMessage msg={ when=0 what=104 obj=NetworkRequest [ TRACK_DEFAULT id=1518, [ Capabilities: INTERNET&NOT_RESTRICTED&TRUSTED Unwanted:  Uid: 10703] ] target=com.android.internal.telephony.PhoneSwitcher }
04-12 20:30:04.662  4030  4030 D DDS-PhoneSwitcher: evaluating due to netReleased
04-12 20:30:04.662  4030  4030 D DDS-PhoneSwitcher: checkDdsPrecondition : Request : NetworkRequest [ TRACK_DEFAULT id=8, [ Capabilities: INTERNET&NOT_RESTRICTED&TRUSTED Unwanted:  Uid: 1000] ]
04-12 20:30:04.662  4030  4030 D DDS-PhoneSwitcher: checkDdsPrecondition : spPhoneId = 1, mDefaultDataPhoneId = 1, mDataCrossPhoneId = -1, mDataCrossState = NONE
04-12 20:30:04.662  4030  4030 D DDS-PhoneSwitcher: activate 1
04-12 20:30:04.663  4030  4030 D TelephonyNetworkFactory[1]: handleMessage msg={ when=0 what=1 obj=android.os.AsyncResult@d8912bf target=com.android.internal.telephony.dataconnection.TelephonyNetworkFactory$InternalHandler }
04-12 20:30:05.795  4030  4639 D SubscriptionController: getSimStateForSlotIndex:  simState=LOADED ordinal=10 slotIndex=1
04-12 20:30:05.795 10342 10342 D SubscriptionManager: getSimStateForSlotIdx: simState=10 slotIndex=1
04-12 20:30:05.956  4030  4639 D SST     : [0] SST.getAllCellInfo(): CallingUid = 10025, CallingPid = 4481
04-12 20:30:05.962  4030  4639 D RILJ    : [5245]> RIL_REQUEST_GET_CELL_INFO_LIST [SUB0]
04-12 20:30:06.007  4030  4216 D RILJ    : [5245]< RIL_REQUEST_GET_CELL_INFO_LIST  [SUB0]
04-12 20:30:06.010  4030  4639 D SST     : [1] SST.getAllCellInfo(): CallingUid = 10025, CallingPid = 4481
04-12 20:30:06.012  4030  4639 D RILJ    : [5246]> RIL_REQUEST_GET_CELL_INFO_LIST [SUB1]
04-12 20:30:06.019  4030  4216 D RILJ    : [5246]< RIL_REQUEST_GET_CELL_INFO_LIST  [SUB1]
04-12 20:30:06.547  4030  4639 D SubscriptionController: getSimStateForSlotIndex:  simState=LOADED ordinal=10 slotIndex=0
04-12 20:30:06.547  4771  4819 D SubscriptionManager: getSimStateForSlotIdx: simState=10 slotIndex=0
04-12 20:30:06.678  4030  4639 D SubscriptionController: getSimStateForSlotIndex:  simState=LOADED ordinal=10 slotIndex=0
04-12 20:30:06.683  4771  4819 D SubscriptionManager: getSimStateForSlotIdx: simState=10 slotIndex=0
04-12 20:30:06.734  4030  4639 D SubscriptionController: getSimStateForSlotIndex:  simState=LOADED ordinal=10 slotIndex=1
04-12 20:30:06.734 10342 11849 D SubscriptionManager: getSimStateForSlotIdx: simState=10 slotIndex=1
04-12 20:30:06.807  4030  4639 D SubscriptionController: getSimStateForSlotIndex:  simState=LOADED ordinal=10 slotIndex=1
04-12 20:30:06.807  4771  4819 D SubscriptionManager: getSimStateForSlotIdx: simState=10 slotIndex=1
04-12 20:30:06.836  4030  4639 D SubscriptionController: getSimStateForSlotIndex:  simState=LOADED ordinal=10 slotIndex=1
04-12 20:30:06.836 10342 11849 D SubscriptionManager: getSimStateForSlotIdx: simState=10 slotIndex=1
04-12 20:30:06.849  4030  4639 D SubscriptionController: getSimStateForSlotIndex:  simState=LOADED ordinal=10 slotIndex=1
04-12 20:30:06.849  4771  4819 D SubscriptionManager: getSimStateForSlotIdx: simState=10 slotIndex=1
04-12 20:30:06.870  4030  4639 D SubscriptionController: getSimStateForSlotIndex:  simState=LOADED ordinal=10 slotIndex=1
04-12 20:30:06.871 10342 11849 D SubscriptionManager: getSimStateForSlotIdx: simState=10 slotIndex=1
04-12 20:30:06.988  4030  4639 D SubscriptionController: getSimStateForSlotIndex:  simState=LOADED ordinal=10 slotIndex=0
04-12 20:30:07.003  4771  4819 D SubscriptionManager: getSimStateForSlotIdx: simState=10 slotIndex=0
04-12 20:30:07.046  4030  4639 D SubscriptionController: getSimStateForSlotIndex:  simState=LOADED ordinal=10 slotIndex=0
04-12 20:30:07.046  4771  4819 D SubscriptionManager: getSimStateForSlotIdx: simState=10 slotIndex=0
04-12 20:30:07.129  4030  4639 D SubscriptionController: getSimStateForSlotIndex:  simState=LOADED ordinal=10 slotIndex=1
04-12 20:30:07.129  4771  4819 D SubscriptionManager: getSimStateForSlotIdx: simState=10 slotIndex=1
04-12 20:30:07.165  4030  4639 D SubscriptionController: getSimStateForSlotIndex:  simState=LOADED ordinal=10 slotIndex=1
04-12 20:30:07.165  4771  4819 D SubscriptionManager: getSimStateForSlotIdx: simState=10 slotIndex=1
04-12 20:30:07.445  3543  4187 D TelephonyManager: getCellLocation - caller PID:3543, UID: 1000, TID: 4187
04-12 20:30:07.456  3543  4187 I chatty  : uid=1000(system) SLocationeServi identical 1 line
04-12 20:30:07.489  3543  4187 D TelephonyManager: getCellLocation - caller PID:3543, UID: 1000, TID: 4187
04-12 20:30:08.694  4030  5880 D SubscriptionController: getSimStateForSlotIndex:  simState=LOADED ordinal=10 slotIndex=1
04-12 20:30:08.694 10342 10342 D SubscriptionManager: getSimStateForSlotIdx: simState=10 slotIndex=1
04-12 20:30:08.830  4030  5880 D SubscriptionController: getSimStateForSlotIndex:  simState=LOADED ordinal=10 slotIndex=1
04-12 20:30:08.831  6013 21156 D SubscriptionManager: getSimStateForSlotIdx: simState=10 slotIndex=1
04-12 20:30:08.837  4030  5880 D GsmCdmaPhone: [1] getDataConnectionState apnType=default ret=CONNECTED
04-12 20:30:12.051  3237  3354 E RILC    : currentSignalStrengthInd: Using vendor specific codes to proceed it
04-12 20:30:15.898  3237  3354 I chatty  : uid=1001(radio) /vendor/bin/hw/rild identical 1 line
04-12 20:30:17.416  3237  3354 E RILC    : currentSignalStrengthInd: Using vendor specific codes to proceed it
04-12 20:30:17.743  3218  3537 E Multi-Client: OemClientReceiver::Process:
04-12 20:30:17.744  3218  3537 E Multi-Client: OemClientReceiver::Process: fd=12
04-12 20:30:17.744  3218  3537 E Multi-Client: OemClient::Process:
04-12 20:30:17.744  3218  3537 E Multi-Client: OemClient::Process(): EOS. oem client(12), errno:11
04-12 20:30:17.744  3218  3537 E Multi-Client: SetFd: mServerSock=7
04-12 20:30:17.744  3218  3537 E Multi-Client: SetFd: fd=8
04-12 20:30:17.744  3218  3537 E Multi-Client: SetFd: fd=9
04-12 20:30:17.744  3218  3537 E Multi-Client: SetFd: fd=10
04-12 20:30:17.744  3218  3537 E Multi-Client: SetFd: fd=11
04-12 20:30:17.744  3218  3537 E Multi-Client: OemClientReceiver::SetMaxFd: maxfd=11
04-12 20:30:18.764  4030  5880 D RILJ    : [5247]> OEM_HOOK_RAW[118200090000000001] [SUB0]
04-12 20:30:18.767  4030  5880 D RILJ    : [5248]> OEM_HOOK_RAW[118200090000000001] [SUB1]
04-12 20:30:18.770  4030  4216 D RILJ    : [5248]< OEM_HOOK_RAW [B@5cd5d8c [SUB1]
04-12 20:30:18.771  4030  4216 D RILJ    : [5247]< OEM_HOOK_RAW [B@139acd5 [SUB0]
04-12 20:30:18.921  4030  4030 D DCT-0/1 : Screens all off
04-12 20:30:18.922  4030  4030 D DCT-0/1 : stopNetStatPoll
04-12 20:30:18.929  4030  4030 D DCT-0/1 : get all active apn types
04-12 20:30:18.933  4030  4030 D DCT-1/1 : Screens all off
04-12 20:30:18.933  4030  4030 D DCT-1/1 : stopNetStatPoll
04-12 20:30:18.936  4030  4030 D DCT-1/1 : startNetStatPoll
04-12 20:30:18.939  4030  4030 D DCT-1/1 : getRecoveryAction: 0
04-12 20:30:18.939  4030  4030 D DCT-1/1 : restartDataStallAlarm: stop then start.
04-12 20:30:18.939  4030  4030 D DCT-1/1 : stopDataStallAlarm: current tag=27858 mDataStallAlarmIntent=PendingIntent{9f5acea: android.os.BinderProxy@7d6ebbd}
04-12 20:30:18.946  4030  4030 D DCT-1/1 : getRecoveryAction: 0
04-12 20:30:18.946  4030  4030 D DCT-1/1 : startDataStallAlarm: tag=27860 delay=360s
04-12 20:30:18.954  4030  4030 D DCT-1/1 : get all active apn types
04-12 20:30:18.956  4030  4030 D GsmCdmaPhone: [1] getDataConnectionState apnType=default ret=CONNECTED
04-12 20:30:18.956  4030  4030 D DefaultPhoneNotifier: subId = 7, DDS = 7
04-12 20:30:18.956  4030  4030 D DCT-1/1 : return link properites for default
04-12 20:30:18.957  4030  4417 D DC-1    : DcActiveState not handled msg.what=REQ_GET_LINK_PROPERTIES
04-12 20:30:18.957  4030  4417 D DC-1    : DcDefault msg=REQ_GET_LINK_PROPERTIES RefCount=1
04-12 20:30:18.957  4030  4417 D DC-1    : REQ_GET_LINK_PROPERTIES linkProperties{InterfaceName: rmnet4 LinkAddresses: [21.14.202.157/24,]  Routes: [0.0.0.0/0 -> 21.14.202.1 rmnet4,] DnsAddresses: [10.10.85.118,10.10.85.119,] UsePrivateDns: false PrivateDnsServerName: null Domains: null MTU: 1500 TcpBufferSizes: 1048576,3145728,4194304,524288,1572864,2097152}
04-12 20:30:18.963  4030  4030 D DCT-1/1 : get active pdp is not null, return NetworkCapabilities for default
04-12 20:30:18.963  4030  4417 D DC-1    : DcActiveState not handled msg.what=REQ_GET_NETWORK_CAPABILITIES
04-12 20:30:18.964  4030  4417 D DC-1    : DcDefault msg=REQ_GET_NETWORK_CAPABILITIES RefCount=1
04-12 20:30:18.964  4030  4417 D DC-1    : isOnlyMMSConnected() = false
04-12 20:30:18.967  4030  4417 D DC-1    : getNetworkCapabilities: [ Transports: CELLULAR Capabilities: MMS&SUPL&INTERNET&NOT_RESTRICTED&TRUSTED&NOT_VPN Unwanted: ]
04-12 20:30:18.967  4030  4417 D DC-1    : REQ_GET_NETWORK_CAPABILITIES networkCapabilities[ Transports: CELLULAR Capabilities: MMS&SUPL&INTERNET&NOT_RESTRICTED&TRUSTED&NOT_VPN&NOT_ROAMING&NOT_CONGESTED Unwanted:  LinkUpBandwidth>=51200Kbps LinkDnBandwidth>=102400Kbps Specifier: <7>]
04-12 20:30:18.969  4030  4030 D DCT-1/1 : isEmergency: result=false
04-12 20:30:18.979  4030  4030 D RILJ    : [5249]> RIL_REQUEST_SET_UNSOLICITED_RESPONSE_FILTER 30 [SUB0]
04-12 20:30:18.982  4030  4216 D RILJ    : [5249]< RIL_REQUEST_SET_UNSOLICITED_RESPONSE_FILTER  [SUB0]
04-12 20:30:18.983  4030  4030 D RILJ    : [5250]> RIL_REQUEST_SET_UNSOLICITED_RESPONSE_FILTER 30 [SUB1]
04-12 20:30:18.985  4030  4216 D RILJ    : [5250]< RIL_REQUEST_SET_UNSOLICITED_RESPONSE_FILTER  [SUB1]
04-12 20:30:18.998  4030  4620 D SubscriptionController: [getActiveSubscriptionInfo]+ subId=7 subInfo= XXX
04-12 20:30:19.872  3237  3354 E RILC    : currentSignalStrengthInd: Using vendor specific codes to proceed it
04-12 20:30:20.368  4030  4030 D DCT-0/1 : Screens all off
04-12 20:30:20.377  4030  4030 D DCT-1/1 : Screens all off
04-12 20:30:20.455  4030  4620 D RILJ    : [5251]> OEM_HOOK_RAW[118200090100000001] [SUB0]
04-12 20:30:20.457  4030  4620 D RILJ    : [5252]> OEM_HOOK_RAW[118200090100000001] [SUB1]
04-12 20:30:20.457  4030  4216 D RILJ    : [5251]< OEM_HOOK_RAW [B@f461bdb [SUB0]
04-12 20:30:20.460  4030  4216 D RILJ    : [5252]< OEM_HOOK_RAW [B@3b8c678 [SUB1]
04-12 20:30:20.702  4030  4030 D DCT-0/1 : Screens all off
04-12 20:30:20.715  4030  4030 D DCT-1/1 : Screens all off
04-12 20:30:20.836  4030  4030 D DCT-0/1 : Screens all off
04-12 20:30:20.844  4030  4030 D DCT-1/1 : Screens all off
04-12 20:30:21.170  4030  4030 D DCT-0/1 : Screens all off
04-12 20:30:21.177  4030  4030 D DCT-1/1 : Screens all off
04-12 20:30:21.279  3236  3383 E RILC    : currentSignalStrengthInd: Using vendor specific codes to proceed it
04-12 20:30:21.283  3543  3543 D TelephonyManager: getCellLocation - caller PID:3543, UID: 1000, TID: 3543
04-12 20:30:25.119  3236  3383 E RILC    : currentSignalStrengthInd: Using vendor specific codes to proceed it
04-12 20:30:25.132  3543  3543 D TelephonyManager: getCellLocation - caller PID:3543, UID: 1000, TID: 3543
04-12 20:30:33.626  3237  3354 E RILC    : currentSignalStrengthInd: Using vendor specific codes to proceed it
04-12 20:30:33.852  4030  4620 D SubscriptionController: getSimStateForSlotIndex:  simState=LOADED ordinal=10 slotIndex=1
04-12 20:30:33.853  4481 11255 D SubscriptionManager: getSimStateForSlotIdx: simState=10 slotIndex=1
04-12 20:30:33.908  4030  4620 I AdnRecordCache: requestLoadAllAdnLike - before AdnLikeWaiter put : efid is 28474
04-12 20:30:33.908  4030  4620 I AdnRecordCache: requestLoadAllAdnLike - after AdnLikeWaiter put : efid is 28474
04-12 20:30:33.910  4030  4620 I AdnRecordLoader: mReloadingEF is 0ef is 28474
04-12 20:30:33.915  4030  4620 D RILJ    : [5253]> GET_PHONEBOOK_STORAGE_INFOfileid = 28474 [SUB0]
04-12 20:30:33.943  4030  4216 D RILJ    : [5253]< GET_PHONEBOOK_STORAGE_INFO {200, 0, 1, 14, 20} [SUB0]
04-12 20:30:33.944  4030  4030 I AdnRecordLoader: EVENT_PB_ENTRY_LOAD_ALL_DONE
04-12 20:30:33.961  4030  4620 I AdnRecordCache: requestLoadAllAdnLike - before AdnLikeWaiter put : efid is 28474
04-12 20:30:33.961  4030  4620 I AdnRecordCache: requestLoadAllAdnLike - after AdnLikeWaiter put : efid is 28474
04-12 20:30:33.965  4030  4620 I AdnRecordLoader: mReloadingEF is 0ef is 28474
04-12 20:30:33.967  4030  4620 D RILJ    : [5254]> GET_PHONEBOOK_STORAGE_INFOfileid = 28474 [SUB1]
04-12 20:30:33.982  4030  4216 D RILJ    : [5254]< GET_PHONEBOOK_STORAGE_INFO {500, 0, 1, 16, 40} [SUB1]
04-12 20:30:33.982  4030  4030 I AdnRecordLoader: EVENT_PB_ENTRY_LOAD_ALL_DONE
04-12 20:30:45.173  3237  3354 E RILC    : currentSignalStrengthInd: Using vendor specific codes to proceed it
04-12 20:30:56.404  4030  4030 D TelephonyNetworkFactory[1]: got request NetworkRequest [ TRACK_DEFAULT id=1524, [ Capabilities: INTERNET&NOT_RESTRICTED&TRUSTED Unwanted:  Uid: 10703] ] with score 101
04-12 20:30:56.404  4030  4030 D TelephonyNetworkFactory[1]:   my score=50, my filter=[ Transports: CELLULAR Capabilities: MMS&SUPL&DUN&FOTA&IMS&CBS&IA&RCS&XCAP&EIMS&INTERNET&NOT_RESTRICTED&TRUSTED&NOT_VPN&ENT1&FOC&MCX&BIP Unwanted:  Specifier: <7>]
04-12 20:30:56.405  4030  4030 D TelephonyNetworkFactory[1]: evalRequest
04-12 20:30:56.405  4030  4030 D TelephonyNetworkFactory[1]:   done
04-12 20:30:56.405  4030  4030 D TelephonyNetworkFactory[0]: got request NetworkRequest [ TRACK_DEFAULT id=1524, [ Capabilities: INTERNET&NOT_RESTRICTED&TRUSTED Unwanted:  Uid: 10703] ] with score 101
04-12 20:30:56.405  4030  4030 D TelephonyNetworkFactory[0]:   my score=50, my filter=[ Transports: CELLULAR Capabilities: MMS&SUPL&DUN&FOTA&IMS&CBS&IA&RCS&XCAP&EIMS&INTERNET&NOT_RESTRICTED&TRUSTED&NOT_VPN&ENT1&FOC&MCX&BIP Unwanted:  Specifier: <4>]
04-12 20:30:56.405  4030  4030 D TelephonyNetworkFactory[0]: evalRequest
04-12 20:30:56.405  4030  4030 D TelephonyNetworkFactory[0]:   done
04-12 20:30:56.406  4030  4030 D DDS-PhoneSwitcher: handleMessage msg={ when=0 what=103 obj=NetworkRequest [ TRACK_DEFAULT id=1524, [ Capabilities: INTERNET&NOT_RESTRICTED&TRUSTED Unwanted:  Uid: 10703] ] target=com.android.internal.telephony.PhoneSwitcher }
04-12 20:30:56.407  4030  4030 D DDS-PhoneSwitcher: evaluating due to netRequest
04-12 20:30:56.408  4030  4030 D DDS-PhoneSwitcher: checkDdsPrecondition : Request : NetworkRequest [ TRACK_DEFAULT id=8, [ Capabilities: INTERNET&NOT_RESTRICTED&TRUSTED Unwanted:  Uid: 1000] ]
04-12 20:30:56.408  4030  4030 D DDS-PhoneSwitcher: checkDdsPrecondition : spPhoneId = 1, mDefaultDataPhoneId = 1, mDataCrossPhoneId = -1, mDataCrossState = NONE
04-12 20:30:56.409  4030  4030 D DDS-PhoneSwitcher: activate 1
